Archive member included to satisfy reference by file (symbol)

C:/arm-gnu-toolchain-15.2.rel1-mingw-w64-x86_64-arm-none-eabi/bin/../lib/gcc/arm-none-eabi/15.2.1/../../../../arm-none-eabi/lib/thumb/v8-m.main+dp/hard\libm.a(libm_a-sf_pow.o)
                              bin/bmp390.o (powf)
C:/arm-gnu-toolchain-15.2.rel1-mingw-w64-x86_64-arm-none-eabi/bin/../lib/gcc/arm-none-eabi/15.2.1/../../../../arm-none-eabi/lib/thumb/v8-m.main+dp/hard\libm.a(libm_a-math_errf.o)
                              C:/arm-gnu-toolchain-15.2.rel1-mingw-w64-x86_64-arm-none-eabi/bin/../lib/gcc/arm-none-eabi/15.2.1/../../../../arm-none-eabi/lib/thumb/v8-m.main+dp/hard\libm.a(libm_a-sf_pow.o) (__math_uflowf)
C:/arm-gnu-toolchain-15.2.rel1-mingw-w64-x86_64-arm-none-eabi/bin/../lib/gcc/arm-none-eabi/15.2.1/../../../../arm-none-eabi/lib/thumb/v8-m.main+dp/hard\libm.a(libm_a-sf_exp2_data.o)
                              C:/arm-gnu-toolchain-15.2.rel1-mingw-w64-x86_64-arm-none-eabi/bin/../lib/gcc/arm-none-eabi/15.2.1/../../../../arm-none-eabi/lib/thumb/v8-m.main+dp/hard\libm.a(libm_a-sf_pow.o) (__exp2f_data)
C:/arm-gnu-toolchain-15.2.rel1-mingw-w64-x86_64-arm-none-eabi/bin/../lib/gcc/arm-none-eabi/15.2.1/../../../../arm-none-eabi/lib/thumb/v8-m.main+dp/hard\libm.a(libm_a-sf_pow_log2_data.o)
                              C:/arm-gnu-toolchain-15.2.rel1-mingw-w64-x86_64-arm-none-eabi/bin/../lib/gcc/arm-none-eabi/15.2.1/../../../../arm-none-eabi/lib/thumb/v8-m.main+dp/hard\libm.a(libm_a-sf_pow.o) (__powf_log2_data)
C:/arm-gnu-toolchain-15.2.rel1-mingw-w64-x86_64-arm-none-eabi/bin/../lib/gcc/arm-none-eabi/15.2.1/../../../../arm-none-eabi/lib/thumb/v8-m.main+dp/hard\libc.a(libc_a-atoi.o)
                              bin/app_terminal.o (atoi)
C:/arm-gnu-toolchain-15.2.rel1-mingw-w64-x86_64-arm-none-eabi/bin/../lib/gcc/arm-none-eabi/15.2.1/../../../../arm-none-eabi/lib/thumb/v8-m.main+dp/hard\libc.a(libc_a-strtol.o)
                              C:/arm-gnu-toolchain-15.2.rel1-mingw-w64-x86_64-arm-none-eabi/bin/../lib/gcc/arm-none-eabi/15.2.1/../../../../arm-none-eabi/lib/thumb/v8-m.main+dp/hard\libc.a(libc_a-atoi.o) (_strtol_r)
C:/arm-gnu-toolchain-15.2.rel1-mingw-w64-x86_64-arm-none-eabi/bin/../lib/gcc/arm-none-eabi/15.2.1/../../../../arm-none-eabi/lib/thumb/v8-m.main+dp/hard\libc.a(libc_a-ctype_.o)
                              C:/arm-gnu-toolchain-15.2.rel1-mingw-w64-x86_64-arm-none-eabi/bin/../lib/gcc/arm-none-eabi/15.2.1/../../../../arm-none-eabi/lib/thumb/v8-m.main+dp/hard\libc.a(libc_a-strtol.o) (_ctype_)
C:/arm-gnu-toolchain-15.2.rel1-mingw-w64-x86_64-arm-none-eabi/bin/../lib/gcc/arm-none-eabi/15.2.1/../../../../arm-none-eabi/lib/thumb/v8-m.main+dp/hard\libc.a(libc_a-memcmp.o)
                              bin/app_db.o (memcmp)
C:/arm-gnu-toolchain-15.2.rel1-mingw-w64-x86_64-arm-none-eabi/bin/../lib/gcc/arm-none-eabi/15.2.1/../../../../arm-none-eabi/lib/thumb/v8-m.main+dp/hard\libc.a(libc_a-memmove.o)
                              bin/dm_adv.o (memmove)
C:/arm-gnu-toolchain-15.2.rel1-mingw-w64-x86_64-arm-none-eabi/bin/../lib/gcc/arm-none-eabi/15.2.1/../../../../arm-none-eabi/lib/thumb/v8-m.main+dp/hard\libc.a(libc_a-memset.o)
                              bin/am_devices_em9305.o (memset)
C:/arm-gnu-toolchain-15.2.rel1-mingw-w64-x86_64-arm-none-eabi/bin/../lib/gcc/arm-none-eabi/15.2.1/../../../../arm-none-eabi/lib/thumb/v8-m.main+dp/hard\libc.a(libc_a-strncpy.o)
                              bin/ui_lcd.o (strncpy)
C:/arm-gnu-toolchain-15.2.rel1-mingw-w64-x86_64-arm-none-eabi/bin/../lib/gcc/arm-none-eabi/15.2.1/../../../../arm-none-eabi/lib/thumb/v8-m.main+dp/hard\libc.a(libc_a-impure.o)
                              C:/arm-gnu-toolchain-15.2.rel1-mingw-w64-x86_64-arm-none-eabi/bin/../lib/gcc/arm-none-eabi/15.2.1/../../../../arm-none-eabi/lib/thumb/v8-m.main+dp/hard\libc.a(libc_a-strtol.o) (_impure_ptr)
C:/arm-gnu-toolchain-15.2.rel1-mingw-w64-x86_64-arm-none-eabi/bin/../lib/gcc/arm-none-eabi/15.2.1/../../../../arm-none-eabi/lib/thumb/v8-m.main+dp/hard\libc.a(libc_a-errno.o)
                              C:/arm-gnu-toolchain-15.2.rel1-mingw-w64-x86_64-arm-none-eabi/bin/../lib/gcc/arm-none-eabi/15.2.1/../../../../arm-none-eabi/lib/thumb/v8-m.main+dp/hard\libm.a(libm_a-math_errf.o) (__errno)
C:/arm-gnu-toolchain-15.2.rel1-mingw-w64-x86_64-arm-none-eabi/bin/../lib/gcc/arm-none-eabi/15.2.1/../../../../arm-none-eabi/lib/thumb/v8-m.main+dp/hard\libc.a(libc_a-stack_protector.o)
                              bin/am_devices_em9305.o (__stack_chk_guard)
C:/arm-gnu-toolchain-15.2.rel1-mingw-w64-x86_64-arm-none-eabi/bin/../lib/gcc/arm-none-eabi/15.2.1/../../../../arm-none-eabi/lib/thumb/v8-m.main+dp/hard\libc.a(libc_a-strcmp.o)
                              bin/terminal.o (strcmp)
C:/arm-gnu-toolchain-15.2.rel1-mingw-w64-x86_64-arm-none-eabi/bin/../lib/gcc/arm-none-eabi/15.2.1/../../../../arm-none-eabi/lib/thumb/v8-m.main+dp/hard\libc.a(libc_a-strcpy.o)
                              bin/print.o (strcpy)
[...]
Memory Configuration

Name             Origin             Length             Attributes
MCU_ITCM         0x00000000         0x00040000         xrw
MCU_MRAM         0x00410000         0x003f0000         xr
MCU_TCM          0x20000000         0x0007c000         xrw
SHARED_SRAM      0x20080000         0x00300000         xrw
STACK            0x2007d000         0x00003000         rw
HEAP             0x2007c000         0x00001000         rw
*default*        0x00000000         0xffffffff

Linker script and memory map


.text           0x00410000    0x28a1c
                0x00410000                        . = ALIGN (0x4)
 *(.isr_vector)
 .isr_vector    0x00410000      0x25c bin/startup_gcc.o
                0x00410000                __Vectors
 *(.patch)
 .patch         0x0041025c      0x1a4 bin/startup_gcc.o
                0x0041025c                __Patchable
 *(.text)
 .text          0x00410400       0xec C:/arm-gnu-toolchain-15.2.rel1-mingw-w64-x86_64-arm-none-eabi/bin/../lib/gcc/arm-none-eabi/15.2.1/../../../../arm-none-eabi/lib/thumb/v8-m.main+dp/hard\libc.a(libc_a-memcpy.o)
                0x00410400                memcpy
 .text          0x004104ec       0x30 C:/arm-gnu-toolchain-15.2.rel1-mingw-w64-x86_64-arm-none-eabi/bin/../lib/gcc/arm-none-eabi/15.2.1/thumb/v8-m.main+dp/hard\libgcc.a(_aeabi_uldivmod.o)
                0x004104ec                __aeabi_uldivmod
 .text          0x0041051c        0x4 C:/arm-gnu-toolchain-15.2.rel1-mingw-w64-x86_64-arm-none-eabi/bin/../lib/gcc/arm-none-eabi/15.2.1/thumb/v8-m.main+dp/hard\libgcc.a(_dvmd_tls.o)
                0x0041051c                __aeabi_idiv0
                0x0041051c                __aeabi_ldiv0
 *(.text*)
 .text.am_devices_em9305_enable_interrupt
                0x00410520       0x18 bin/am_devices_em9305.o
                0x00410520                am_devices_em9305_enable_interrupt
 .text.am_devices_em9305_disable_interrupt
                0x00410538       0x18 bin/am_devices_em9305.o
                0x00410538                am_devices_em9305_disable_interrupt
 .text.am_devices_em9305_disable
                0x00410550       0x1c bin/am_devices_em9305.o
                0x00410550                am_devices_em9305_disable
 .text.am_devices_em9305_term
                0x0041056c       0x40 bin/am_devices_em9305.o
                0x0041056c                am_devices_em9305_term
 .text.am_devices_em9305_tx_starts
                0x004105ac      0x2ac bin/am_devices_em9305.o
                0x004105ac                am_devices_em9305_tx_starts
 .text.am_devices_em9305_block_write.part.0
                0x00410858      0x208 bin/am_devices_em9305.o
 .text.am_devices_em9305_block_write
                0x00410a60       0x38 bin/am_devices_em9305.o
                0x00410a60                am_devices_em9305_block_write
 .text.am_devices_em9305_block_read
                0x00410a98      0x444 bin/am_devices_em9305.o
                0x00410a98                am_devices_em9305_block_read
 .text.am_devices_em9305_reset
                0x00410edc       0xf4 bin/am_devices_em9305.o
                0x00410edc                am_devices_em9305_reset
 .text.am_devices_em9305_command_write
                0x00410fd0       0xac bin/am_devices_em9305.o
                0x00410fd0                am_devices_em9305_command_write
 .text.read_data_cmd
                0x0041107c       0xa8 bin/am_devices_em9305.o
 .text.am_devices_em9305_init
                0x00411124      0x1ec bin/am_devices_em9305.o
                0x00411124                am_devices_em9305_init
 .text.am_devices_em9305_hsclk_req
                0x00411310       0x14 bin/am_devices_em9305.o
                0x00411310                am_devices_em9305_hsclk_req
 .text.am_devices_em9305_sleep_set
                0x00411324       0x58 bin/am_devices_em9305.o
                0x00411324                am_devices_em9305_sleep_set
 .text.am_devices_em9305_request_counter_set
                0x0041137c       0x40 bin/am_devices_em9305.o
                0x0041137c                am_devices_em9305_request_counter_set
 .text.am_devices_em9305_request_counter_get
                0x004113bc        0xc bin/am_devices_em9305.o
                0x004113bc                am_devices_em9305_request_counter_get
 .text.am_util_delay_ms
                0x004113c8        0xc bin/am_util_delay.o
                0x004113c8                am_util_delay_ms
 .text.am_util_delay_us
                0x004113d4        0x4 bin/am_util_delay.o
                0x004113d4                am_util_delay_us
 .text.HardFault_Handler
                0x004113d8       0x28 bin/am_util_faultisr.o
                0x004113d8                HardFault_Handler
 .text.am_util_faultisr_collect_data
                0x00411400       0x80 bin/am_util_faultisr.o
                0x00411400                am_util_faultisr_collect_data
 .text.divu64_10
                0x00411480       0xac bin/am_util_stdio.o
 .text.uint64_to_str
                0x0041152c      0x160 bin/am_util_stdio.o
 .text.am_util_stdio_printf_init
                0x0041168c        0xc bin/am_util_stdio.o
                0x0041168c                am_util_stdio_printf_init
 .text.am_util_stdio_vsprintf
                0x00411698      0xabc bin/am_util_stdio.o
                0x00411698                am_util_stdio_vsprintf
 .text.am_util_stdio_printf
                0x00412154       0x3c bin/am_util_stdio.o
                0x00412154                am_util_stdio_printf
 .text.am_util_stdio_terminal_clear
                0x00412190        0xc bin/am_util_stdio.o
                0x00412190                am_util_stdio_terminal_clear
 .text.resetPkt
                0x0041219c       0x10 bin/amdtp_common.o
                0x0041219c                resetPkt
 .text.AmdtpReceivePkt
                0x004121ac      0x20c bin/amdtp_common.o
                0x004121ac                AmdtpReceivePkt
 .text.AmdtpBuildPkt
                0x004123b8       0x88 bin/amdtp_common.o
                0x004123b8                AmdtpBuildPkt
 .text.AmdtpSendControl
                0x00412440       0x78 bin/amdtp_common.o
                0x00412440                AmdtpSendControl
 .text.AmdtpSendPacketHandler
                0x004124b8       0x84 bin/amdtp_common.o
                0x004124b8                AmdtpSendPacketHandler
 .text.AmdtpPacketHandler
                0x0041253c      0x1a0 bin/amdtp_common.o
                0x0041253c                AmdtpPacketHandler
 .text.amdtpsSendAck
                0x004126dc       0x54 bin/amdtps_main.o
 .text.amdtpsSendData
                0x00412730       0x34 bin/amdtps_main.o
 .text.amdtps_init
                0x00412764       0x80 bin/amdtps_main.o
                0x00412764                amdtps_init
 .text.amdtps_write_cback
                0x004127e4       0x64 bin/amdtps_main.o
                0x004127e4                amdtps_write_cback
 .text.amdtps_start
                0x00412848       0x34 bin/amdtps_main.o
                0x00412848                amdtps_start
 .text.amdtps_stop
                0x0041287c       0x18 bin/amdtps_main.o
                0x0041287c                amdtps_stop
 .text.amdtps_proc_msg
                0x00412894      0x178 bin/amdtps_main.o
                0x00412894                amdtps_proc_msg
 .text.AmdtpsSendPacket
                0x00412a0c       0x7c bin/amdtps_main.o
                0x00412a0c                AmdtpsSendPacket
 .text.AppDbInit
                0x00412a88        0x4 bin/app_db.o
                0x00412a88                AppDbInit
 .text.AppDbNewRecord
                0x00412a8c       0x74 bin/app_db.o
                0x00412a8c                AppDbNewRecord
 .text.AppDbGetNextRecord
                0x00412b00       0x78 bin/app_db.o
                0x00412b00                AppDbGetNextRecord
 .text.AppDbValidateRecord
                0x00412b78        0xc bin/app_db.o
                0x00412b78                AppDbValidateRecord
 .text.AppDbCheckValidRecord
                0x00412b84        0xc bin/app_db.o
                0x00412b84                AppDbCheckValidRecord
 .text.AppDbCheckBonded
                0x00412b90       0x34 bin/app_db.o
                0x00412b90                AppDbCheckBonded
 .text.AppDbDeleteAllRecords
                0x00412bc4       0x18 bin/app_db.o
                0x00412bc4                AppDbDeleteAllRecords
 .text.AppDbFindByAddr
                0x00412bdc       0x84 bin/app_db.o
                0x00412bdc                AppDbFindByAddr
 .text.AppDbFindByLtkReq
                0x00412c60       0x88 bin/app_db.o
                0x00412c60                AppDbFindByLtkReq
 .text.AppDbGetKey
                0x00412ce8       0x3c bin/app_db.o
                0x00412ce8                AppDbGetKey
 .text.AppDbSetKey
                0x00412d24       0xb8 bin/app_db.o
                0x00412d24                AppDbSetKey
 .text.AppDbGetCccTbl
                0x00412ddc        0x4 bin/app_db.o
                0x00412ddc                AppDbGetCccTbl
 .text.AppDbSetCccTblValue
                0x00412de0        0xc bin/app_db.o
                0x00412de0                AppDbSetCccTblValue
 .text.AppDbGetCsfRecord
                0x00412dec        0xc bin/app_db.o
                0x00412dec                AppDbGetCsfRecord
 .text.AppDbSetCsfRecord
                0x00412df8       0x10 bin/app_db.o
                0x00412df8                AppDbSetCsfRecord
 .text.AppDbSetClientChangeAwareState
                0x00412e08       0x1c bin/app_db.o
                0x00412e08                AppDbSetClientChangeAwareState
 .text.AppDbGetDbHash
                0x00412e24        0x8 bin/app_db.o
                0x00412e24                AppDbGetDbHash
 .text.AppDbSetDbHash
                0x00412e2c       0x2c bin/app_db.o
                0x00412e2c                AppDbSetDbHash
 .text.AppDbGetPeerSignCounter
                0x00412e58        0x8 bin/app_db.o
                0x00412e58                AppDbGetPeerSignCounter
 .text.AppDbSetPeerSignCounter
                0x00412e60        0x8 bin/app_db.o
                0x00412e60                AppDbSetPeerSignCounter
 .text.AppDbGetPeerAddedToRl
                0x00412e68        0x8 bin/app_db.o
                0x00412e68                AppDbGetPeerAddedToRl
 .text.AppDbSetPeerAddedToRl
                0x00412e70        0x8 bin/app_db.o
                0x00412e70                AppDbSetPeerAddedToRl
 .text.AppDbGetPeerRpao
                0x00412e78        0x8 bin/app_db.o
                0x00412e78                AppDbGetPeerRpao
 .text.appNumConns
                0x00412e80       0x68 bin/app_main.o
                0x00412e80                appNumConns
 .text.AppCheckBonded
                0x00412ee8       0x14 bin/app_main.o
                0x00412ee8                AppCheckBonded
 .text.AppHandlerInit
                0x00412efc        0xc bin/app_main.o
                0x00412efc                AppHandlerInit
 .text.AppHandler
                0x00412f08       0x7c bin/app_main.o
                0x00412f08                AppHandler
 .text.AppHandlePasskey
                0x00412f84       0x58 bin/app_main.o
                0x00412f84                AppHandlePasskey
 .text.AppHandleNumericComparison
                0x00412fdc       0x1c bin/app_main.o
                0x00412fdc                AppHandleNumericComparison
 .text.AppConnClose
                0x00412ff8        0xc bin/app_main.o
                0x00412ff8                AppConnClose
 .text.AppConnIsOpen
                0x00413004       0x18 bin/app_main.o
                0x00413004                AppConnIsOpen
 .text.AppDbGetHdl
                0x0041301c       0x14 bin/app_main.o
                0x0041301c                AppDbGetHdl
 .text.AppAddDevToResList
                0x00413030       0x54 bin/app_main.o
                0x00413030                AppAddDevToResList
 .text.AppUpdatePrivacyMode
                0x00413084       0x48 bin/app_main.o
                0x00413084                AppUpdatePrivacyMode
 .text.appConnReadRemoteFeatTimerStart
                0x004130cc       0x3c bin/app_main.o
                0x004130cc                appConnReadRemoteFeatTimerStart
 .text.appServerCsfWriteCback
                0x00413108       0x1c bin/app_server.o
                0x00413108                appServerCsfWriteCback
 .text.AppServerConnCback
                0x00413124      0x13c bin/app_server.o
                0x00413124                AppServerConnCback
 .text.AppServerProcAttMsg
                0x00413260       0x78 bin/app_server.o
                0x00413260                AppServerProcAttMsg
 .text.AppServerInit
                0x004132d8        0xc bin/app_server.o
                0x004132d8                AppServerInit
 .text.appSetAdvScanDataFrag
                0x004132e4       0x94 bin/app_slave.o
 .text.appSetAdvScanData
                0x00413378       0xc0 bin/app_slave.o
 .text.appSlaveProcMsg
                0x00413438       0xb8 bin/app_slave.o
                0x00413438                appSlaveProcMsg
 .text.appSlaveSecConnOpen
                0x004134f0       0x98 bin/app_slave.o
                0x004134f0                appSlaveSecConnOpen
 .text.AppSlaveInit
                0x00413588       0x48 bin/app_slave.o
                0x00413588                AppSlaveInit
 .text.AppSlaveProcDmMsg
                0x004135d0      0x4a4 bin/app_slave.o
                0x004135d0                AppSlaveProcDmMsg
 .text.appAdvSetData
                0x00413a74       0x74 bin/app_slave.o
                0x00413a74                appAdvSetData
 .text.appAdvStart
                0x00413ae8      0x138 bin/app_slave.o
                0x00413ae8                appAdvStart
 .text.appSlaveAdvStart
                0x00413c20       0x88 bin/app_slave.o
                0x00413c20                appSlaveAdvStart
 .text.AppSlaveSecProcDmMsg
                0x00413ca8      0x284 bin/app_slave.o
                0x00413ca8                AppSlaveSecProcDmMsg
 .text.AppSetBondable
                0x00413f2c        0xc bin/app_slave.o
                0x00413f2c                AppSetBondable
 .text.appSlaveLegAdvStop
                0x00413f38       0xac bin/app_slave_leg.o
 .text.appSlaveLegAdvRestart
                0x00413fe4       0x74 bin/app_slave_leg.o
 .text.AppAdvSetData
                0x00414058       0x5c bin/app_slave_leg.o
                0x00414058                AppAdvSetData
 .text.AppAdvStart
                0x004140b4       0x64 bin/app_slave_leg.o
                0x004140b4                AppAdvStart
 .text.AppUiAction
                0x00414118      0x1d8 bin/app_ui.o
                0x00414118                AppUiAction
 .text.AppUiDisplayPasskey
                0x004142f0       0x2c bin/app_ui.o
                0x004142f0                AppUiDisplayPasskey
 .text.AppUiDisplayConfirmValue
                0x0041431c       0x2c bin/app_ui.o
                0x0041431c                AppUiDisplayConfirmValue
 .text.appUiTimerExpired
                0x00414348        0x4 bin/app_ui.o
                0x00414348                appUiTimerExpired
 .text.appUiBtnPoll
                0x0041434c       0x10 bin/app_ui.o
                0x0041434c                appUiBtnPoll
 .text.AppUiBtnPressed
                0x0041435c        0x4 bin/app_ui.o
                0x0041435c                AppUiBtnPressed
 .text.AppUiBtnRegister
                0x00414360        0xc bin/app_ui.o
                0x00414360                AppUiBtnRegister
 .text.attEmptyHandler
                0x0041436c        0x4 bin/att_main.o
                0x0041436c                attEmptyHandler
 .text.attEmptyConnCback
                0x00414370        0x4 bin/att_main.o
                0x00414370                attEmptyConnCback
 .text.attEmptyDataCback
                0x00414374        0x4 bin/att_main.o
                0x00414374                attEmptyDataCback
 .text.attDmConnCback
                0x00414378       0xa4 bin/att_main.o
 .text.attL2cDataCback
                0x0041441c       0x1c bin/att_main.o
 .text.attL2cCtrlCback
                0x00414438       0x68 bin/att_main.o
 .text.attEmptyL2cCocCback
                0x004144a0        0x4 bin/att_main.o
                0x004144a0                attEmptyL2cCocCback
 .text.attUuidCmp16to128
                0x004144a4       0x24 bin/att_main.o
                0x004144a4                attUuidCmp16to128
 .text.attSetMtu
                0x004144c8       0x44 bin/att_main.o
                0x004144c8                attSetMtu
 .text.attExecCallback
                0x0041450c       0x3c bin/att_main.o
                0x0041450c                attExecCallback
 .text.attMsgAlloc
                0x00414548        0x8 bin/att_main.o
                0x00414548                attMsgAlloc
 .text.attL2cDataReq
                0x00414550       0x34 bin/att_main.o
                0x00414550                attL2cDataReq
 .text.attMsgParam
                0x00414584        0x8 bin/att_main.o
                0x00414584                attMsgParam
 .text.attDecodeMsgParam
                0x0041458c       0x1c bin/att_main.o
                0x0041458c                attDecodeMsgParam
 .text.AttHandlerInit
                0x004145a8       0x50 bin/att_main.o
                0x004145a8                AttHandlerInit
 .text.AttHandler
                0x004145f8       0x4c bin/att_main.o
                0x004145f8                AttHandler
 .text.AttRegister
                0x00414644       0x40 bin/att_main.o
                0x00414644                AttRegister
 .text.AttConnRegister
                0x00414684        0xc bin/att_main.o
                0x00414684                AttConnRegister
 .text.AttGetMtu
                0x00414690       0x14 bin/att_main.o
                0x00414690                AttGetMtu
 .text.AttMsgFree
                0x004146a4       0x14 bin/att_main.o
                0x004146a4                AttMsgFree
 .text.attcSendSimpleReq
                0x004146b8       0x3c bin/attc_main.o
 .text.attcDataCback
                0x004146f4       0x8c bin/attc_main.o
 .text.attcCtrlCback
                0x00414780       0x50 bin/attc_main.o
 .text.attcSendWriteCmd
                0x004147d0       0x6c bin/attc_main.o
 .text.attcSendMtuReq
                0x0041483c       0x94 bin/attc_main.o
 .text.attcSendPrepWriteReq
                0x004148d0       0xc8 bin/attc_main.o
 .text.attcConnCback
                0x00414998      0x1a8 bin/attc_main.o
 .text.attcSendContinuingReq
                0x00414b40       0xa8 bin/attc_main.o
 .text.attcMsgCback
                0x00414be8      0x2a8 bin/attc_main.o
                0x00414be8                attcMsgCback
 .text.attcSendReq
                0x00414e90       0x10 bin/attc_main.o
                0x00414e90                attcSendReq
 .text.attcSetupReq
                0x00414ea0       0x3c bin/attc_main.o
                0x00414ea0                attcSetupReq
 .text.attcCcbByConnId
                0x00414edc       0x40 bin/attc_main.o
                0x00414edc                attcCcbByConnId
 .text.attcCcbByHandle
                0x00414f1c       0x24 bin/attc_main.o
                0x00414f1c                attcCcbByHandle
 .text.attcFreePkt
                0x00414f40       0x1c bin/attc_main.o
                0x00414f40                attcFreePkt
 .text.attcExecCallback
                0x00414f5c       0x1c bin/attc_main.o
                0x00414f5c                attcExecCallback
 .text.AttcInit
                0x00414f78       0xf0 bin/attc_main.o
                0x00414f78                AttcInit
 .text.attcProcErrRsp
                0x00415068       0x2c bin/attc_proc.o
                0x00415068                attcProcErrRsp
 .text.attcProcFindOrReadRsp
                0x00415094       0xd8 bin/attc_proc.o
                0x00415094                attcProcFindOrReadRsp
 .text.attcProcReadRsp
                0x0041516c        0x4 bin/attc_proc.o
                0x0041516c                attcProcReadRsp
 .text.attcProcWriteRsp
                0x00415170        0x8 bin/attc_proc.o
                0x00415170                attcProcWriteRsp
 .text.attcProcMtuRsp
                0x00415178       0x58 bin/attc_proc.o
                0x00415178                attcProcMtuRsp
 .text.attcProcReadMultVarRsp
                0x004151d0        0x4 bin/attc_proc.o
                0x004151d0                attcProcReadMultVarRsp
 .text.attcProcMultiVarNtf
                0x004151d4       0x54 bin/attc_proc.o
                0x004151d4                attcProcMultiVarNtf
 .text.attcProcRsp
                0x00415228      0x118 bin/attc_proc.o
                0x00415228                attcProcRsp
 .text.attcProcInd
                0x00415340       0x98 bin/attc_proc.o
                0x00415340                attcProcInd
 .text.AttcMtuReq
                0x004153d8       0xbc bin/attc_proc.o
                0x004153d8                AttcMtuReq
 .text.AttcIndConfirm
                0x00415494       0x54 bin/attc_proc.o
                0x00415494                AttcIndConfirm
 .text.attcProcFindByTypeRsp
                0x004154e8       0x6c bin/attc_read.o
                0x004154e8                attcProcFindByTypeRsp
 .text.attcProcReadLongRsp
                0x00415554       0x28 bin/attc_read.o
                0x00415554                attcProcReadLongRsp
 .text.attcProcPrepWriteRsp
                0x0041557c       0x20 bin/attc_write.o
                0x0041557c                attcProcPrepWriteRsp
 .text.attsCccMainCback
                0x0041559c       0xe0 bin/atts_ccc.o
 .text.AttsCccRegister
                0x0041567c       0x24 bin/atts_ccc.o
                0x0041567c                AttsCccRegister
 .text.AttsCccInitTable
                0x004156a0       0xa8 bin/atts_ccc.o
                0x004156a0                AttsCccInitTable
 .text.AttsCccClearTable
                0x00415748       0x38 bin/atts_ccc.o
                0x00415748                AttsCccClearTable
 .text.AttsCccGet
                0x00415780       0x14 bin/atts_ccc.o
                0x00415780                AttsCccGet
 .text.AttsCccEnabled
                0x00415794       0x3c bin/atts_ccc.o
                0x00415794                AttsCccEnabled
 .text.AttsGetCccTableLen
                0x004157d0        0xc bin/atts_ccc.o
                0x004157d0                AttsGetCccTableLen
 .text.attsCsfSetHashUpdateStatus
                0x004157dc       0x50 bin/atts_csf.o
                0x004157dc                attsCsfSetHashUpdateStatus
 .text.attsCsfGetHashUpdateStatus
                0x0041582c        0xc bin/atts_csf.o
                0x0041582c                attsCsfGetHashUpdateStatus
 .text.attsCsfIsClientChangeAware
                0x00415838       0x34 bin/atts_csf.o
                0x00415838                attsCsfIsClientChangeAware
 .text.attsCsfActClientState
                0x0041586c       0xd0 bin/atts_csf.o
                0x0041586c                attsCsfActClientState
 .text.AttsCsfSetClientChangeAwareState
                0x0041593c       0x48 bin/atts_csf.o
                0x0041593c                AttsCsfSetClientChangeAwareState
 .text.AttsCsfConnOpen
                0x00415984       0x20 bin/atts_csf.o
                0x00415984                AttsCsfConnOpen
 .text.AttsCsfRegister
                0x004159a4        0xc bin/atts_csf.o
                0x004159a4                AttsCsfRegister
 .text.AttsCsfWriteFeatures
                0x004159b0       0x60 bin/atts_csf.o
                0x004159b0                AttsCsfWriteFeatures
 .text.AttsCsfGetFeatures
                0x00415a10       0x1c bin/atts_csf.o
                0x00415a10                AttsCsfGetFeatures
 .text.AttsCsfGetClientChangeAwareState
                0x00415a2c       0x10 bin/atts_csf.o
                0x00415a2c                AttsCsfGetClientChangeAwareState
 .text.attsIndMsgCback
                0x00415a3c      0x140 bin/atts_ind.o
 .text.attsIndCtrlCback
                0x00415b7c       0x48 bin/atts_ind.o
 .text.attsIndConnCback
                0x00415bc4       0xb8 bin/atts_ind.o
 .text.attsProcValueCnf
                0x00415c7c       0x7c bin/atts_ind.o
                0x00415c7c                attsProcValueCnf
 .text.AttsIndInit
                0x00415cf8       0x70 bin/atts_ind.o
                0x00415cf8                AttsIndInit
 .text.AttsHandleValueInd
                0x00415d68       0xdc bin/atts_ind.o
                0x00415d68                AttsHandleValueInd
 .text.AttsHandleValueNtf
                0x00415e44       0xdc bin/atts_ind.o
                0x00415e44                AttsHandleValueNtf
 .text.attsL2cCtrlCback
                0x00415f20       0x10 bin/atts_main.o
 .text.attsConnCback
                0x00415f30       0x80 bin/atts_main.o
 .text.attsDataCback
                0x00415fb0      0x148 bin/atts_main.o
 .text.attsErrRsp
                0x004160f8       0x40 bin/atts_main.o
                0x004160f8                attsErrRsp
 .text.attsClearPrepWrites
                0x00416138       0x28 bin/atts_main.o
                0x00416138                attsClearPrepWrites
 .text.attsDiscBusy
                0x00416160       0x50 bin/atts_main.o
                0x00416160                attsDiscBusy
 .text.attsProcessDatabaseHashUpdate
                0x004161b0       0xac bin/atts_main.o
                0x004161b0                attsProcessDatabaseHashUpdate
 .text.attsMsgCback
                0x0041625c       0x38 bin/atts_main.o
                0x0041625c                attsMsgCback
 .text.attsCheckPendDbHashReadRsp
                0x00416294       0xf0 bin/atts_main.o
                0x00416294                attsCheckPendDbHashReadRsp
 .text.attsCcbByConnId
                0x00416384       0x40 bin/atts_main.o
                0x00416384                attsCcbByConnId
 .text.AttsInit
                0x004163c4       0xa0 bin/atts_main.o
                0x004163c4                AttsInit
 .text.AttsCalculateDbHash
                0x00416464      0x2a0 bin/atts_main.o
                0x00416464                AttsCalculateDbHash
 .text.AttsAddGroup
                0x00416704       0x54 bin/atts_main.o
                0x00416704                AttsAddGroup
 .text.attsUuidCmp
                0x00416758       0x40 bin/atts_proc.o
                0x00416758                attsUuidCmp
 .text.attsUuid16Cmp
                0x00416798       0x24 bin/atts_proc.o
                0x00416798                attsUuid16Cmp
 .text.attsFindByHandle
                0x004167bc       0x34 bin/atts_proc.o
                0x004167bc                attsFindByHandle
 .text.attsPermissions
                0x004167f0       0x70 bin/atts_proc.o
                0x004167f0                attsPermissions
 .text.attsProcMtuReq
                0x00416860       0xac bin/atts_proc.o
                0x00416860                attsProcMtuReq
 .text.attsProcFindInfoReq
                0x0041690c      0x14c bin/atts_proc.o
                0x0041690c                attsProcFindInfoReq
 .text.attsProcReadReq
                0x00416a58      0x154 bin/atts_proc.o
                0x00416a58                attsProcReadReq
 .text.attsProcReadMultiVarReq
                0x00416bac      0x1ac bin/atts_proc.o
                0x00416bac                attsProcReadMultiVarReq
 .text.attsFindUuidInRange
                0x00416d58       0x80 bin/atts_read.o
                0x00416d58                attsFindUuidInRange
 .text.attsFindServiceGroupEnd
                0x00416dd8       0x94 bin/atts_read.o
                0x00416dd8                attsFindServiceGroupEnd
 .text.attsProcReadBlobReq
                0x00416e6c      0x100 bin/atts_read.o
                0x00416e6c                attsProcReadBlobReq
 .text.attsProcFindTypeReq
                0x00416f6c      0x190 bin/atts_read.o
                0x00416f6c                attsProcFindTypeReq
 .text.attsProcReadTypeReq
                0x004170fc      0x31c bin/atts_read.o
                0x004170fc                attsProcReadTypeReq
 .text.attsProcReadMultReq
                0x00417418      0x120 bin/atts_read.o
                0x00417418                attsProcReadMultReq
 .text.attsProcReadGroupTypeReq
                0x00417538      0x28c bin/atts_read.o
                0x00417538                attsProcReadGroupTypeReq
 .text.AttsSetCsrk
                0x004177c4       0x14 bin/atts_sign.o
                0x004177c4                AttsSetCsrk
 .text.AttsSetSignCounter
                0x004177d8       0x10 bin/atts_sign.o
                0x004177d8                AttsSetSignCounter
 .text.AttsGetSignCounter
                0x004177e8       0x10 bin/atts_sign.o
                0x004177e8                AttsGetSignCounter
 .text.attsProcWrite
                0x004177f8      0x124 bin/atts_write.o
                0x004177f8                attsProcWrite
 .text.attsProcPrepWriteReq
                0x0041791c      0x150 bin/atts_write.o
                0x0041791c                attsProcPrepWriteReq
 .text.attsProcExecWriteReq
                0x00417a6c      0x160 bin/atts_write.o
                0x00417a6c                attsProcExecWriteReq
 .text.BdaCpy   0x00417bcc        0xc bin/bda.o
                0x00417bcc                BdaCpy
 .text.BdaCmp   0x00417bd8       0x10 bin/bda.o
                0x00417bd8                BdaCmp
 .text.BdaClr   0x00417be8        0xc bin/bda.o
                0x00417be8                BdaClr
 .text.BdaIsZeros
                0x00417bf4       0x20 bin/bda.o
                0x00417bf4                BdaIsZeros
 .text.amdtpCccCback
                0x00417c14       0x44 bin/Stride_inte.o
 .text.amdtpAttCback
                0x00417c58       0x4c bin/Stride_inte.o
 .text.amdtpDmCback
                0x00417ca4       0x34 bin/Stride_inte.o
 .text.amdtpDtpTransCback
                0x00417cd8       0x10 bin/Stride_inte.o
                0x00417cd8                amdtpDtpTransCback
 .text.amdtpDtpRecvCback
                0x00417ce8       0x50 bin/Stride_inte.o
                0x00417ce8                amdtpDtpRecvCback
 .text.amdtpBtnCback
                0x00417d38       0x4c bin/Stride_inte.o
 .text.AmdtpHandlerInit
                0x00417d84       0x98 bin/Stride_inte.o
                0x00417d84                AmdtpHandlerInit
 .text.AmdtpHandler
                0x00417e1c      0x4dc bin/Stride_inte.o
                0x00417e1c                AmdtpHandler
 .text.AmdtpStart
                0x004182f8       0x7c bin/Stride_inte.o
                0x004182f8                AmdtpStart
 .text.startup.main
                0x00418374       0x20 bin/Stride_inte.o
                0x00418374                main
 .text.bmi323_write_registers.constprop.0
                0x00418394       0x54 bin/bmi323.o
 .text.bmi323_write_registers.constprop.1
                0x004183e8       0x54 bin/bmi323.o
 .text.bmi323_write_registers.constprop.2
                0x0041843c       0x58 bin/bmi323.o
 .text.bmi323_read_registers.part.0.constprop.1
                0x00418494       0x58 bin/bmi323.o
 .text.bmi323_who_am_i
                0x004184ec       0x10 bin/bmi323.o
                0x004184ec                bmi323_who_am_i
 .text.bmi323_read_status
                0x004184fc       0x10 bin/bmi323.o
                0x004184fc                bmi323_read_status
 .text.bmi323_read_imu_raw
                0x0041850c       0xc8 bin/bmi323.o
                0x0041850c                bmi323_read_imu_raw
 .text.bmi323_convert_accel
                0x004185d4       0x40 bin/bmi323.o
                0x004185d4                bmi323_convert_accel
 .text.bmi323_convert_gyro
                0x00418614       0x40 bin/bmi323.o
                0x00418614                bmi323_convert_gyro
 .text.bmi323_store_config
                0x00418654       0x98 bin/bmi323.o
                0x00418654                bmi323_store_config
 .text.bmi323_reinit_spi
                0x004186ec      0x248 bin/bmi323.o
                0x004186ec                bmi323_reinit_spi
 .text.bmi323_release_spi
                0x00418934       0x34 bin/bmi323.o
                0x00418934                bmi323_release_spi
 .text.bmp390_load_calibration
                0x00418968      0x22c bin/bmp390.o
                0x00418968                bmp390_load_calibration
 .text.bmp390_init
                0x00418b94       0x58 bin/bmp390.o
                0x00418b94                bmp390_init
 .text.bmp390_soft_reset
                0x00418bec       0x50 bin/bmp390.o
                0x00418bec                bmp390_soft_reset
 .text.bmp390_read_chip_id
                0x00418c3c       0x78 bin/bmp390.o
                0x00418c3c                bmp390_read_chip_id
 .text.bmp390_configure_normal_mode
                0x00418cb4       0xc8 bin/bmp390.o
                0x00418cb4                bmp390_configure_normal_mode
 .text.bmp390_data_ready
                0x00418d7c       0x7c bin/bmp390.o
                0x00418d7c                bmp390_data_ready
 .text.bmp390_calculate_raw_altitude
                0x00418df8       0x30 bin/bmp390.o
                0x00418df8                bmp390_calculate_raw_altitude
 .text.bmp390_measure
                0x00418e28      0x1b8 bin/bmp390.o
                0x00418e28                bmp390_measure
 .text.BstreamToUint64
                0x00418fe0        0x8 bin/bstream.o
                0x00418fe0                BstreamToUint64
 .text.Calc128Cpy
                0x00418fe8       0x1c bin/calc128.o
                0x00418fe8                Calc128Cpy
 .text.Calc128Cpy64
                0x00419004        0xc bin/calc128.o
                0x00419004                Calc128Cpy64
 .text.Calc128Xor
                0x00419010       0xb8 bin/calc128.o
                0x00419010                Calc128Xor
 .text.CalcCrc32
                0x004190c8       0x2c bin/crc32.o
                0x004190c8                CalcCrc32
 *fill*         0x004190f4        0x4 
 .text.dmAdvInit
                0x004190f8       0x44 bin/dm_adv.o
                0x004190f8                dmAdvInit
 .text.dmAdvGenConnCmpl
                0x0041913c       0x54 bin/dm_adv.o
                0x0041913c                dmAdvGenConnCmpl
 .text.DmAdvConfig
                0x00419190       0x44 bin/dm_adv.o
                0x00419190                DmAdvConfig
 .text.DmAdvSetData
                0x004191d4       0x5c bin/dm_adv.o
                0x004191d4                DmAdvSetData
 .text.DmAdvStart
                0x00419230       0x4c bin/dm_adv.o
                0x00419230                DmAdvStart
 .text.DmAdvSetInterval
                0x0041927c       0x34 bin/dm_adv.o
                0x0041927c                DmAdvSetInterval
 .text.dmAdvActRemoveSet
                0x004192b0        0x4 bin/dm_adv_leg.o
                0x004192b0                dmAdvActRemoveSet
 .text.dmAdvMsgHandler
                0x004192b4       0x14 bin/dm_adv_leg.o
                0x004192b4                dmAdvMsgHandler
 .text.dmAdvReset
                0x004192c8       0x44 bin/dm_adv_leg.o
                0x004192c8                dmAdvReset
 .text.dmAdvActConfig
                0x0041930c       0x78 bin/dm_adv_leg.o
                0x0041930c                dmAdvActConfig
 .text.dmAdvActSetData
                0x00419384       0x38 bin/dm_adv_leg.o
                0x00419384                dmAdvActSetData
 .text.dmAdvActStart
                0x004193bc       0x48 bin/dm_adv_leg.o
                0x004193bc                dmAdvActStart
 .text.dmAdvActStop
                0x00419404       0x44 bin/dm_adv_leg.o
                0x00419404                dmAdvActStop
 .text.dmAdvActTimeout
                0x00419448       0x28 bin/dm_adv_leg.o
                0x00419448                dmAdvActTimeout
 .text.dmAdvHciHandler
                0x00419470      0x120 bin/dm_adv_leg.o
                0x00419470                dmAdvHciHandler
 .text.dmAdvActSetRandAddr
                0x00419590        0x4 bin/dm_adv_leg.o
                0x00419590                dmAdvActSetRandAddr
 .text.dmAdvActClearSets
                0x00419594        0x4 bin/dm_adv_leg.o
                0x00419594                dmAdvActClearSets
 .text.dmAdvStartDirected
                0x00419598       0x4c bin/dm_adv_leg.o
                0x00419598                dmAdvStartDirected
 .text.dmAdvStopDirected
                0x004195e4       0x3c bin/dm_adv_leg.o
                0x004195e4                dmAdvStopDirected
 .text.dmAdvConnected
                0x00419620       0x30 bin/dm_adv_leg.o
                0x00419620                dmAdvConnected
 .text.dmAdvConnectFailed
                0x00419650       0x30 bin/dm_adv_leg.o
                0x00419650                dmAdvConnectFailed
 .text.DmAdvInit
                0x00419680       0x30 bin/dm_adv_leg.o
                0x00419680                DmAdvInit
 .text.dmConnSmActNone
                0x004196b0        0x4 bin/dm_conn.o
                0x004196b0                dmConnSmActNone
 .text.dmConnSmActHciUpdated
                0x004196b4       0x14 bin/dm_conn.o
                0x004196b4                dmConnSmActHciUpdated
 .text.dmConnSmActClose
                0x004196c8        0x8 bin/dm_conn.o
                0x004196c8                dmConnSmActClose
 .text.dmConnSmActConnFailed
                0x004196d0       0x6c bin/dm_conn.o
                0x004196d0                dmConnSmActConnFailed
 .text.dmConnSmActConnOpened
                0x0041973c       0xd0 bin/dm_conn.o
                0x0041973c                dmConnSmActConnOpened
 .text.dmConnSmActConnClosed
                0x0041980c       0x64 bin/dm_conn.o
                0x0041980c                dmConnSmActConnClosed
 .text.dmConnMsgHandler
                0x00419870       0x24 bin/dm_conn.o
                0x00419870                dmConnMsgHandler
 .text.dmConn2MsgHandler
                0x00419894       0xb4 bin/dm_conn.o
                0x00419894                dmConn2MsgHandler
 .text.dmConnUpdActNone
                0x00419948        0x4 bin/dm_conn.o
                0x00419948                dmConnUpdActNone
 .text.dmConnReset
                0x0041994c      0x124 bin/dm_conn.o
                0x0041994c                dmConnReset
 .text.dmConn2HciHandler
                0x00419a70      0x20c bin/dm_conn.o
                0x00419a70                dmConn2HciHandler
 .text.dmConnUpdMsgHandler
                0x00419c7c       0x6c bin/dm_conn.o
                0x00419c7c                dmConnUpdMsgHandler
 .text.dmConnHciHandler
                0x00419ce8      0x1dc bin/dm_conn.o
                0x00419ce8                dmConnHciHandler
 .text.dmConnCcbByHandle
                0x00419ec4       0x50 bin/dm_conn.o
                0x00419ec4                dmConnCcbByHandle
 .text.dmConnCcbById
                0x00419f14       0x1c bin/dm_conn.o
                0x00419f14                dmConnCcbById
 .text.dmConnUpdExecute
                0x00419f30       0x44 bin/dm_conn.o
                0x00419f30                dmConnUpdExecute
 .text.DmConnInit
                0x00419f74       0x50 bin/dm_conn.o
                0x00419f74                DmConnInit
 .text.DmConnRegister
                0x00419fc4       0x28 bin/dm_conn.o
                0x00419fc4                DmConnRegister
 .text.DmConnClose
                0x00419fec       0x4c bin/dm_conn.o
                0x00419fec                DmConnClose
 .text.DmReadRemoteFeatures
                0x0041a038       0xa8 bin/dm_conn.o
                0x0041a038                DmReadRemoteFeatures
 .text.DmConnUpdate
                0x0041a0e0       0x5c bin/dm_conn.o
                0x0041a0e0                DmConnUpdate
 .text.DmRemoteConnParamReqReply
                0x0041a13c       0x44 bin/dm_conn.o
                0x0041a13c                DmRemoteConnParamReqReply
 .text.DmRemoteConnParamReqNegReply
                0x0041a180       0x2c bin/dm_conn.o
                0x0041a180                DmRemoteConnParamReqNegReply
 .text.DmConnSetDataLen
                0x0041a1ac       0x30 bin/dm_conn.o
                0x0041a1ac                DmConnSetDataLen
 .text.DmConnIdByHandle
                0x0041a1dc       0x44 bin/dm_conn.o
                0x0041a1dc                DmConnIdByHandle
 .text.DmConnInUse
                0x0041a220       0x14 bin/dm_conn.o
                0x0041a220                DmConnInUse
 .text.DmConnPeerAddrType
                0x0041a234       0x14 bin/dm_conn.o
                0x0041a234                DmConnPeerAddrType
 .text.DmConnPeerAddr
                0x0041a248       0x14 bin/dm_conn.o
                0x0041a248                DmConnPeerAddr
 .text.DmConnLocalAddrType
                0x0041a25c       0x14 bin/dm_conn.o
                0x0041a25c                DmConnLocalAddrType
 .text.DmConnLocalAddr
                0x0041a270       0x14 bin/dm_conn.o
                0x0041a270                DmConnLocalAddr
 .text.DmConnPeerRpa
                0x0041a284       0x14 bin/dm_conn.o
                0x0041a284                DmConnPeerRpa
 .text.DmConnLocalRpa
                0x0041a298       0x14 bin/dm_conn.o
                0x0041a298                DmConnLocalRpa
 .text.DmConnSecLevel
                0x0041a2ac       0x14 bin/dm_conn.o
                0x0041a2ac                DmConnSecLevel
 .text.DmConnSetIdle
                0x0041a2c0       0x54 bin/dm_conn.o
                0x0041a2c0                DmConnSetIdle
 .text.DmConnCheckIdle
                0x0041a314       0x2c bin/dm_conn.o
                0x0041a314                DmConnCheckIdle
 .text.DmConnRole
                0x0041a340       0x14 bin/dm_conn.o
                0x0041a340                DmConnRole
 .text.dmConnUpdActUpdateSlave
                0x0041a354       0x6c bin/dm_conn_slave.o
                0x0041a354                dmConnUpdActUpdateSlave
 .text.dmConnUpdActL2cUpdateCnf
                0x0041a3c0       0x40 bin/dm_conn_slave.o
                0x0041a3c0                dmConnUpdActL2cUpdateCnf
 .text.DmL2cConnUpdateCnf
                0x0041a400       0x20 bin/dm_conn_slave.o
                0x0041a400                DmL2cConnUpdateCnf
 .text.DmL2cCmdRejInd
                0x0041a420       0x28 bin/dm_conn_slave.o
                0x0041a420                DmL2cCmdRejInd
 .text.dmConnSmActAccept
                0x0041a448       0x10 bin/dm_conn_slave_leg.o
                0x0041a448                dmConnSmActAccept
 .text.dmConnSmActCancelAccept
                0x0041a458       0x1c bin/dm_conn_slave_leg.o
                0x0041a458                dmConnSmActCancelAccept
 .text.dmConnSmActConnAccepted
                0x0041a474       0x1c bin/dm_conn_slave_leg.o
                0x0041a474                dmConnSmActConnAccepted
 .text.dmConnSmActAcceptFailed
                0x0041a490       0x1c bin/dm_conn_slave_leg.o
                0x0041a490                dmConnSmActAcceptFailed
 .text.DmConnSlaveInit
                0x0041a4ac       0x2c bin/dm_conn_slave_leg.o
                0x0041a4ac                DmConnSlaveInit
 .text.dmConnSmExecute
                0x0041a4d8       0x60 bin/dm_conn_sm.o
                0x0041a4d8                dmConnSmExecute
 .text.dmDevHciHandler
                0x0041a538       0x58 bin/dm_dev.o
                0x0041a538                dmDevHciHandler
 .text.dmDevMsgHandler
                0x0041a590       0x30 bin/dm_dev.o
                0x0041a590                dmDevMsgHandler
 .text.dmDevPassEvtToDevPriv
                0x0041a5c0       0x40 bin/dm_dev.o
                0x0041a5c0                dmDevPassEvtToDevPriv
 .text.dmDevPassEvtToConnCte
                0x0041a600       0x28 bin/dm_dev.o
                0x0041a600                dmDevPassEvtToConnCte
 .text.DmDevReset
                0x0041a628       0x2c bin/dm_dev.o
                0x0041a628                DmDevReset
 .text.DmDevVsInit
                0x0041a654        0x4 bin/dm_dev.o
                0x0041a654                DmDevVsInit
 .text.dmHciEvtCback
                0x0041a658       0x28 bin/dm_main.o
 .text.dmEmptyReset
                0x0041a680        0x4 bin/dm_main.o
                0x0041a680                dmEmptyReset
 .text.dmEmptyHandler
                0x0041a684        0x4 bin/dm_main.o
                0x0041a684                dmEmptyHandler
 .text.dmDevPassHciEvtToConn
                0x0041a688        0xc bin/dm_main.o
                0x0041a688                dmDevPassHciEvtToConn
 .text.DmRegister
                0x0041a694       0x60 bin/dm_main.o
                0x0041a694                DmRegister
 .text.DmHandlerInit
                0x0041a6f4       0x18 bin/dm_main.o
                0x0041a6f4                DmHandlerInit
 .text.DmHandler
                0x0041a70c       0x24 bin/dm_main.o
                0x0041a70c                DmHandler
 .text.DmLlPrivEnabled
                0x0041a730        0xc bin/dm_main.o
                0x0041a730                DmLlPrivEnabled
 .text.DmLlAddrType
                0x0041a73c       0x18 bin/dm_main.o
                0x0041a73c                DmLlAddrType
 .text.DmHostAddrType
                0x0041a754       0x1c bin/dm_main.o
                0x0041a754                DmHostAddrType
 .text.DmSizeOfEvt
                0x0041a770       0x18 bin/dm_main.o
                0x0041a770                DmSizeOfEvt
 .text.dmPhyHciHandler
                0x0041a788       0x8c bin/dm_phy.o
                0x0041a788                dmPhyHciHandler
 .text.DmPhyInit
                0x0041a814       0x2c bin/dm_phy.o
                0x0041a814                DmPhyInit
 .text.dmPrivMsgHandler
                0x0041a840       0x14 bin/dm_priv.o
                0x0041a840                dmPrivMsgHandler
 .text.dmPrivReset
                0x0041a854       0x14 bin/dm_priv.o
                0x0041a854                dmPrivReset
 .text.dmPrivAesMsgHandler
                0x0041a868       0x14 bin/dm_priv.o
                0x0041a868                dmPrivAesMsgHandler
 .text.dmPrivAesActGenAddrAesCmpl
                0x0041a87c       0x44 bin/dm_priv.o
                0x0041a87c                dmPrivAesActGenAddrAesCmpl
 .text.dmPrivAesActResAddrAesCmpl
                0x0041a8c0       0x48 bin/dm_priv.o
                0x0041a8c0                dmPrivAesActResAddrAesCmpl
 .text.dmPrivActAddDevToResList
                0x0041a908       0x2c bin/dm_priv.o
                0x0041a908                dmPrivActAddDevToResList
 .text.dmPrivActRemDevFromResList
                0x0041a934       0x14 bin/dm_priv.o
                0x0041a934                dmPrivActRemDevFromResList
 .text.dmPrivActClearResList
                0x0041a948        0x4 bin/dm_priv.o
                0x0041a948                dmPrivActClearResList
 .text.dmPrivActSetAddrResEnable
                0x0041a94c       0x10 bin/dm_priv.o
                0x0041a94c                dmPrivActSetAddrResEnable
 .text.dmPrivActSetPrivacyMode
                0x0041a95c        0xc bin/dm_priv.o
                0x0041a95c                dmPrivActSetPrivacyMode
 .text.dmPrivHciHandler
                0x0041a968       0xd4 bin/dm_priv.o
                0x0041a968                dmPrivHciHandler
 .text.dmPrivActResolveAddr
                0x0041aa3c       0xa0 bin/dm_priv.o
                0x0041aa3c                dmPrivActResolveAddr
 .text.dmPrivActGenAddr
                0x0041aadc       0x78 bin/dm_priv.o
                0x0041aadc                dmPrivActGenAddr
 .text.DmPrivInit
                0x0041ab54       0x24 bin/dm_priv.o
                0x0041ab54                DmPrivInit
 .text.DmPrivResolveAddr
                0x0041ab78       0x40 bin/dm_priv.o
                0x0041ab78                DmPrivResolveAddr
 .text.DmPrivAddDevToResList
                0x0041abb8       0x60 bin/dm_priv.o
                0x0041abb8                DmPrivAddDevToResList
 .text.DmPrivSetPrivacyMode
                0x0041ac18       0x40 bin/dm_priv.o
                0x0041ac18                DmPrivSetPrivacyMode
 .text.dmSecMsgHandler
                0x0041ac58       0x78 bin/dm_sec.o
                0x0041ac58                dmSecMsgHandler
 .text.dmSecReset
                0x0041acd0        0x4 bin/dm_sec.o
                0x0041acd0                dmSecReset
 .text.dmSecHciHandler
                0x0041acd4      0x14c bin/dm_sec.o
                0x0041acd4                dmSecHciHandler
 .text.DmSmpCbackExec
                0x0041ae20       0x38 bin/dm_sec.o
                0x0041ae20                DmSmpCbackExec
 .text.DmSecCancelReq
                0x0041ae58       0x20 bin/dm_sec.o
                0x0041ae58                DmSecCancelReq
 .text.DmSecAuthRsp
                0x0041ae78       0x40 bin/dm_sec.o
                0x0041ae78                DmSecAuthRsp
 .text.DmSecInit
                0x0041aeb8       0x20 bin/dm_sec.o
                0x0041aeb8                DmSecInit
 .text.DmSecGetLocalCsrk
                0x0041aed8        0xc bin/dm_sec.o
                0x0041aed8                DmSecGetLocalCsrk
 .text.DmSecGetLocalIrk
                0x0041aee4        0xc bin/dm_sec.o
                0x0041aee4                DmSecGetLocalIrk
 .text.dmSecLescMsgHandler
                0x0041aef0       0x90 bin/dm_sec_lesc.o
                0x0041aef0                dmSecLescMsgHandler
 .text.DmSecGenerateEccKeyReq
                0x0041af80       0x10 bin/dm_sec_lesc.o
                0x0041af80                DmSecGenerateEccKeyReq
 .text.DmSecSetEccKey
                0x0041af90       0x14 bin/dm_sec_lesc.o
                0x0041af90                DmSecSetEccKey
 .text.DmSecGetEccKey
                0x0041afa4        0x8 bin/dm_sec_lesc.o
                0x0041afa4                DmSecGetEccKey
 .text.DmSecCompareRsp
                0x0041afac       0x44 bin/dm_sec_lesc.o
                0x0041afac                DmSecCompareRsp
 .text.DmSecGetCompareValue
                0x0041aff0       0x1c bin/dm_sec_lesc.o
                0x0041aff0                DmSecGetCompareValue
 .text.DmSecLescInit
                0x0041b00c       0x10 bin/dm_sec_lesc.o
                0x0041b00c                DmSecLescInit
 .text.DmSecPairRsp
                0x0041b01c       0x3c bin/dm_sec_slave.o
                0x0041b01c                DmSecPairRsp
 .text.DmSecSlaveReq
                0x0041b058       0x20 bin/dm_sec_slave.o
                0x0041b058                DmSecSlaveReq
 .text.DmSecLtkRsp
                0x0041b078       0x4c bin/dm_sec_slave.o
                0x0041b078                DmSecLtkRsp
 .text.xEventGroupCreate
                0x0041b0c4       0x24 bin/event_groups.o
                0x0041b0c4                xEventGroupCreate
 .text.xEventGroupWaitBits
                0x0041b0e8      0x110 bin/event_groups.o
                0x0041b0e8                xEventGroupWaitBits
 .text.xEventGroupSetBits
                0x0041b1f8       0x84 bin/event_groups.o
                0x0041b1f8                xEventGroupSetBits
 .text.vEventGroupSetBitsCallback
                0x0041b27c       0x84 bin/event_groups.o
                0x0041b27c                vEventGroupSetBitsCallback
 .text.GattSetSvcChangedIdx
                0x0041b300       0x10 bin/gatt_main.o
                0x0041b300                GattSetSvcChangedIdx
 .text.GattSendServiceChangedInd
                0x0041b310       0x70 bin/gatt_main.o
                0x0041b310                GattSendServiceChangedInd
 .text.GattReadCback
                0x0041b380       0x24 bin/gatt_main.o
                0x0041b380                GattReadCback
 .text.GattWriteCback
                0x0041b3a4       0x18 bin/gatt_main.o
                0x0041b3a4                GattWriteCback
 .text.hciCmdSend
                0x0041b3bc       0x70 bin/hci_cmd.o
                0x0041b3bc                hciCmdSend
 .text.hciCmdInit
                0x0041b42c       0x28 bin/hci_cmd.o
                0x0041b42c                hciCmdInit
 .text.hciCmdTimeout
                0x0041b454       0x14 bin/hci_cmd.o
                0x0041b454                hciCmdTimeout
 .text.hciCmdRecvCmpl
                0x0041b468       0x58 bin/hci_cmd.o
                0x0041b468                hciCmdRecvCmpl
 .text.HciDisconnectCmd
                0x0041b4c0       0x8c bin/hci_cmd.o
                0x0041b4c0                HciDisconnectCmd
 .text.HciLeConnUpdateCmd
                0x0041b54c       0x78 bin/hci_cmd.o
                0x0041b54c                HciLeConnUpdateCmd
 .text.HciLeRemoteConnParamReqReply
                0x0041b5c4       0xf4 bin/hci_cmd.o
                0x0041b5c4                HciLeRemoteConnParamReqReply
 .text.HciLeRemoteConnParamReqNegReply
                0x0041b6b8       0x8c bin/hci_cmd.o
                0x0041b6b8                HciLeRemoteConnParamReqNegReply
 .text.HciLeSetDataLen
                0x0041b744       0xa8 bin/hci_cmd.o
                0x0041b744                HciLeSetDataLen
 .text.HciLeWriteDefDataLen
                0x0041b7ec       0x90 bin/hci_cmd.o
                0x0041b7ec                HciLeWriteDefDataLen
 .text.HciLeReadLocalP256PubKey
                0x0041b87c       0x80 bin/hci_cmd.o
                0x0041b87c                HciLeReadLocalP256PubKey
 .text.HciLeGenerateDHKey
                0x0041b8fc       0xa4 bin/hci_cmd.o
                0x0041b8fc                HciLeGenerateDHKey
 .text.HciLeReadMaxDataLen
                0x0041b9a0       0x80 bin/hci_cmd.o
                0x0041b9a0                HciLeReadMaxDataLen
 .text.HciLeEncryptCmd
                0x0041ba20       0x68 bin/hci_cmd.o
                0x0041ba20                HciLeEncryptCmd
 .text.HciLeLtkReqNegReplCmd
                0x0041ba88       0x88 bin/hci_cmd.o
                0x0041ba88                HciLeLtkReqNegReplCmd
 .text.HciLeLtkReqReplCmd
                0x0041bb10       0xa4 bin/hci_cmd.o
                0x0041bb10                HciLeLtkReqReplCmd
 .text.HciLeRandCmd
                0x0041bbb4       0x80 bin/hci_cmd.o
                0x0041bbb4                HciLeRandCmd
 .text.HciLeReadBufSizeCmd
                0x0041bc34       0x80 bin/hci_cmd.o
                0x0041bc34                HciLeReadBufSizeCmd
 .text.HciLeReadLocalSupFeatCmd
                0x0041bcb4       0x80 bin/hci_cmd.o
                0x0041bcb4                HciLeReadLocalSupFeatCmd
 .text.HciLeReadRemoteFeatCmd
                0x0041bd34       0x88 bin/hci_cmd.o
                0x0041bd34                HciLeReadRemoteFeatCmd
 .text.HciLeReadSupStatesCmd
                0x0041bdbc       0x80 bin/hci_cmd.o
                0x0041bdbc                HciLeReadSupStatesCmd
 .text.HciLeReadWhiteListSizeCmd
                0x0041be3c       0x80 bin/hci_cmd.o
                0x0041be3c                HciLeReadWhiteListSizeCmd
 .text.HciLeSetAdvEnableCmd
                0x0041bebc       0x90 bin/hci_cmd.o
                0x0041bebc                HciLeSetAdvEnableCmd
 .text.HciLeSetAdvDataCmd
                0x0041bf4c       0x54 bin/hci_cmd.o
                0x0041bf4c                HciLeSetAdvDataCmd
 .text.HciLeSetAdvParamCmd
                0x0041bfa0       0x90 bin/hci_cmd.o
                0x0041bfa0                HciLeSetAdvParamCmd
 .text.HciLeSetEventMaskCmd
                0x0041c030       0x90 bin/hci_cmd.o
                0x0041c030                HciLeSetEventMaskCmd
 .text.HciLeSetScanRespDataCmd
                0x0041c0c0       0x54 bin/hci_cmd.o
                0x0041c0c0                HciLeSetScanRespDataCmd
 .text.HciLeStartEncryptionCmd
                0x0041c114       0x70 bin/hci_cmd.o
                0x0041c114                HciLeStartEncryptionCmd
 .text.HciReadBdAddrCmd
                0x0041c184       0x80 bin/hci_cmd.o
                0x0041c184                HciReadBdAddrCmd
 .text.HciReadLocalVerInfoCmd
                0x0041c204       0x80 bin/hci_cmd.o
                0x0041c204                HciReadLocalVerInfoCmd
 .text.HciReadRssiCmd
                0x0041c284       0x88 bin/hci_cmd.o
                0x0041c284                HciReadRssiCmd
 .text.HciResetCmd
                0x0041c30c       0x54 bin/hci_cmd.o
                0x0041c30c                HciResetCmd
 .text.HciSetEventMaskCmd
                0x0041c360       0x90 bin/hci_cmd.o
                0x0041c360                HciSetEventMaskCmd
 .text.HciSetEventMaskPage2Cmd
                0x0041c3f0       0x90 bin/hci_cmd.o
                0x0041c3f0                HciSetEventMaskPage2Cmd
 .text.HciWriteAuthPayloadTimeout
                0x0041c480       0x90 bin/hci_cmd.o
                0x0041c480                HciWriteAuthPayloadTimeout
 .text.HciLeAddDeviceToResolvingListCmd
                0x0041c510       0x80 bin/hci_cmd.o
                0x0041c510                HciLeAddDeviceToResolvingListCmd
 .text.HciLeRemoveDeviceFromResolvingList
                0x0041c590       0x9c bin/hci_cmd.o
                0x0041c590                HciLeRemoveDeviceFromResolvingList
 .text.HciLeClearResolvingList
                0x0041c62c       0x80 bin/hci_cmd.o
                0x0041c62c                HciLeClearResolvingList
 .text.HciLeReadResolvingListSize
                0x0041c6ac       0x80 bin/hci_cmd.o
                0x0041c6ac                HciLeReadResolvingListSize
 .text.HciLeSetAddrResolutionEnable
                0x0041c72c       0x90 bin/hci_cmd.o
                0x0041c72c                HciLeSetAddrResolutionEnable
 .text.HciLeSetPrivacyModeCmd
                0x0041c7bc       0xa0 bin/hci_cmd.o
                0x0041c7bc                HciLeSetPrivacyModeCmd
 .text.HciVendorSpecificCmd
                0x0041c85c       0x88 bin/hci_cmd.o
                0x0041c85c                HciVendorSpecificCmd
 .text.HciLeRequestPeerScaCmd
                0x0041c8e4       0x88 bin/hci_cmd.o
                0x0041c8e4                HciLeRequestPeerScaCmd
 .text.hciCoreConnByHandle
                0x0041c96c       0x2c bin/hci_core.o
                0x0041c96c                hciCoreConnByHandle
 .text.hciCoreConnOpen
                0x0041c998       0x30 bin/hci_core.o
                0x0041c998                hciCoreConnOpen
 .text.hciCoreTxAclStart
                0x0041c9c8       0x6c bin/hci_core.o
                0x0041c9c8                hciCoreTxAclStart
 .text.hciCoreTxReady
                0x0041ca34      0x180 bin/hci_core.o
                0x0041ca34                hciCoreTxReady
 .text.hciCoreConnClose
                0x0041cbb4       0x5c bin/hci_core.o
                0x0041cbb4                hciCoreConnClose
 .text.hciCoreAclReassembly
                0x0041cc10      0x1a4 bin/hci_core.o
                0x0041cc10                hciCoreAclReassembly
 .text.HciCoreInit
                0x0041cdb4       0x44 bin/hci_core.o
                0x0041cdb4                HciCoreInit
 .text.HciResetSequence
                0x0041cdf8       0x84 bin/hci_core.o
                0x0041cdf8                HciResetSequence
 .text.HciSetMaxRxAclLen
                0x0041ce7c        0xc bin/hci_core.o
                0x0041ce7c                HciSetMaxRxAclLen
 .text.HciSetLeSupFeat
                0x0041ce88       0x2c bin/hci_core.o
                0x0041ce88                HciSetLeSupFeat
 .text.HciSendAclData
                0x0041ceb4       0x9c bin/hci_core.o
                0x0041ceb4                HciSendAclData
 .text.hciCoreCisByHandle
                0x0041cf50       0x5c bin/hci_core.o
                0x0041cf50                hciCoreCisByHandle
 .text.hciCoreCisOpen
                0x0041cfac       0x58 bin/hci_core.o
                0x0041cfac                hciCoreCisOpen
 .text.hciCoreCisClose
                0x0041d004       0x58 bin/hci_core.o
                0x0041d004                hciCoreCisClose
 .text.hciCoreInit
                0x0041d05c        0x4 bin/hci_core_ps.o
                0x0041d05c                hciCoreInit
 .text.hciCoreNumCmplPkts
                0x0041d060       0x88 bin/hci_core_ps.o
                0x0041d060                hciCoreNumCmplPkts
 .text.hciCoreRecv
                0x0041d0e8       0x20 bin/hci_core_ps.o
                0x0041d0e8                hciCoreRecv
 .text.HciCoreHandler
                0x0041d108       0x88 bin/hci_core_ps.o
                0x0041d108                HciCoreHandler
 .text.HciGetBdAddr
                0x0041d190        0x8 bin/hci_core_ps.o
                0x0041d190                HciGetBdAddr
 .text.HciGetBufSize
                0x0041d198        0xc bin/hci_core_ps.o
                0x0041d198                HciGetBufSize
 .text.HciGetLeSupFeat
                0x0041d1a4       0x10 bin/hci_core_ps.o
                0x0041d1a4                HciGetLeSupFeat
 .text.HciGetMaxRxAclLen
                0x0041d1b4        0xc bin/hci_core_ps.o
                0x0041d1b4                HciGetMaxRxAclLen
 .text.HciLlPrivacySupported
                0x0041d1c0       0x14 bin/hci_core_ps.o
                0x0041d1c0                HciLlPrivacySupported
 .text.HciDrvIntService
                0x0041d1d4       0x1c bin/hci_drv_em9305.o
                0x0041d1d4                HciDrvIntService
 .text.HciDrvRadioBoot
                0x0041d1f0       0xb4 bin/hci_drv_em9305.o
                0x0041d1f0                HciDrvRadioBoot
 .text.HciDrvRadioShutdown
                0x0041d2a4       0x4c bin/hci_drv_em9305.o
                0x0041d2a4                HciDrvRadioShutdown
 .text.hciDrvWrite
                0x0041d2f0      0x1c0 bin/hci_drv_em9305.o
                0x0041d2f0                hciDrvWrite
 .text.HciDrvHandlerInit
                0x0041d4b0       0x2c bin/hci_drv_em9305.o
                0x0041d4b0                HciDrvHandlerInit
 .text.HciDrvHandler
                0x0041d4dc      0x3e8 bin/hci_drv_em9305.o
                0x0041d4dc                HciDrvHandler
 .text.HciVscUpdateLinklayerFeature
                0x0041d8c4       0x28 bin/hci_drv_em9305.o
                0x0041d8c4                HciVscUpdateLinklayerFeature
 .text.HciVscSetRfPowerLevelEx
                0x0041d8ec       0x2c bin/hci_drv_em9305.o
                0x0041d8ec                HciVscSetRfPowerLevelEx
 .text.HciVscUpdateBDAddress
                0x0041d918       0x10 bin/hci_drv_em9305.o
                0x0041d918                HciVscUpdateBDAddress
 .text.hciEvtParseDisconnectCmpl
                0x0041d928       0x14 bin/hci_evt.o
 .text.hciEvtParseLeConnUpdateCmpl
                0x0041d93c       0x28 bin/hci_evt.o
 .text.hciEvtParseLeCreateConnCancelCmdCmpl
                0x0041d964        0x8 bin/hci_evt.o
 .text.hciEvtParseReadRssiCmdCmpl
                0x0041d96c       0x14 bin/hci_evt.o
 .text.hciEvtParseReadTxPwrLvlCmdCmpl
                0x0041d980       0x14 bin/hci_evt.o
 .text.hciEvtParseReadRemoteVerInfoCmpl
                0x0041d994       0x24 bin/hci_evt.o
 .text.hciEvtParseLeLtkReqReplCmdCmpl
                0x0041d9b8       0x10 bin/hci_evt.o
 .text.hciEvtParseLeLtkReqNegReplCmdCmpl
                0x0041d9c8       0x10 bin/hci_evt.o
 .text.hciEvtParseEncKeyRefreshCmpl
                0x0041d9d8       0x10 bin/hci_evt.o
 .text.hciEvtParseEncChange
                0x0041d9e8       0x14 bin/hci_evt.o
 .text.hciEvtParseVendorSpecCmdStatus
                0x0041d9fc        0x8 bin/hci_evt.o
 .text.hciEvtParseVendorSpec
                0x0041da04        0xc bin/hci_evt.o
 .text.hciEvtParseHwError
                0x0041da10        0x8 bin/hci_evt.o
 .text.hciEvtParseLeAddDevToResListCmdCmpl
                0x0041da18        0x8 bin/hci_evt.o
 .text.hciEvtParseLeRemDevFromResListCmdCmpl
                0x0041da20        0x8 bin/hci_evt.o
 .text.hciEvtParseLeClearResListCmdCmpl
                0x0041da28        0x8 bin/hci_evt.o
 .text.hciEvtParseLeSetAddrResEnableCmdCmpl
                0x0041da30        0x8 bin/hci_evt.o
 .text.hciEvtParseRemConnParamRepCmdCmpl
                0x0041da38       0x10 bin/hci_evt.o
 .text.hciEvtParseRemConnParamNegRepCmdCmpl
                0x0041da48       0x10 bin/hci_evt.o
 .text.hciEvtParseReadDefDataLenCmdCmpl
                0x0041da58       0x14 bin/hci_evt.o
 .text.hciEvtParseWriteDefDataLenCmdCmpl
                0x0041da6c        0x8 bin/hci_evt.o
 .text.hciEvtParseSetDataLenCmdCmpl
                0x0041da74       0x10 bin/hci_evt.o
 .text.hciEvtParseReadMaxDataLenCmdCmpl
                0x0041da84       0x20 bin/hci_evt.o
 .text.hciEvtParseRemConnParamReq
                0x0041daa4       0x18 bin/hci_evt.o
 .text.hciEvtParseDataLenChange
                0x0041dabc       0x18 bin/hci_evt.o
 .text.hciEvtParseWriteAuthTimeoutCmdCmpl
                0x0041dad4       0x10 bin/hci_evt.o
 .text.hciEvtParseAuthTimeoutExpiredEvt
                0x0041dae4        0x8 bin/hci_evt.o
 .text.hciEvtParseReadPhyCmdCmpl
                0x0041daec       0x1c bin/hci_evt.o
 .text.hciEvtParseSetDefPhyCmdCmpl
                0x0041db08        0x8 bin/hci_evt.o
 .text.hciEvtParsePhyUpdateCmpl
                0x0041db10       0x1c bin/hci_evt.o
 .text.hciEvtParseLeScanTimeout
                0x0041db2c        0x4 bin/hci_evt.o
 .text.hciEvtParseLeAdvSetTerm
                0x0041db30       0x18 bin/hci_evt.o
 .text.hciEvtParseLeCmdCmpl
                0x0041db48        0x8 bin/hci_evt.o
 .text.hciEvtParseLeSetConnCteRcvParm
                0x0041db50       0x10 bin/hci_evt.o
 .text.hciEvtParseLeSetConnCteTxParm
                0x0041db60       0x10 bin/hci_evt.o
 .text.hciEvtParseLeConnCteReqEn
                0x0041db70       0x10 bin/hci_evt.o
 .text.hciEvtParseLeConnCteRspEn
                0x0041db80       0x10 bin/hci_evt.o
 .text.hciEvtParseLePerAdvSyncLost
                0x0041db90        0x8 bin/hci_evt.o
 .text.hciEvtParseLeCisEst
                0x0041db98       0x74 bin/hci_evt.o
 .text.hciEvtParseLeCisReq
                0x0041dc0c       0x14 bin/hci_evt.o
 .text.hciEvtParseLeReqPeerScaCmpl
                0x0041dc20       0x14 bin/hci_evt.o
 .text.hciEvtParseLeSetCigParamsCmdCmpl
                0x0041dc34       0xf0 bin/hci_evt.o
 .text.hciEvtParseLeRemoveCigCmdCmpl
                0x0041dd24       0x10 bin/hci_evt.o
 .text.hciEvtParseLeSetupIsoDataPathCmdCmpl
                0x0041dd34       0x10 bin/hci_evt.o
 .text.hciEvtParseLeRemoveIsoDataPathCmdCmpl
                0x0041dd44       0x10 bin/hci_evt.o
 .text.hciEvtParseConfigDataPathCmdCmpl
                0x0041dd54        0x8 bin/hci_evt.o
 .text.hciEvtParseReadLocalSupCodecsCmdCmpl
                0x0041dd5c       0xfc bin/hci_evt.o
 .text.hciEvtParseReadLocalSupCtrDlyCmdCmpl
                0x0041de58       0x24 bin/hci_evt.o
 .text.hciEvtParseLeCreateBigCmpl
                0x0041de7c      0x148 bin/hci_evt.o
 .text.hciEvtParseLeTerminateBigCmpl
                0x0041dfc4       0x10 bin/hci_evt.o
 .text.hciEvtParseLeBigSyncEst
                0x0041dfd4      0x138 bin/hci_evt.o
 .text.hciEvtParseLeBigSyncLost
                0x0041e10c       0x10 bin/hci_evt.o
 .text.hciEvtParseLeBigTermSyncCmpl
                0x0041e11c       0x10 bin/hci_evt.o
 .text.hciEvtParseLeBigInfoAdvRpt
                0x0041e12c       0x50 bin/hci_evt.o
 .text.hciEvtParseReadLocalSupCodecCapCmdCmpl
                0x0041e17c       0xb4 bin/hci_evt.o
 .text.hciEvtParseGenDhKeyCmdCmpl
                0x0041e230       0x48 bin/hci_evt.o
 .text.hciEvtParseReadPubKeyCmdCmpl
                0x0041e278       0x38 bin/hci_evt.o
 .text.hciEvtParseLeRandCmdCmpl
                0x0041e2b0       0x1c bin/hci_evt.o
 .text.hciEvtParseLeEncryptCmdCmpl
                0x0041e2cc       0x2c bin/hci_evt.o
 .text.hciEvtParseVendorSpecCmdCmpl
                0x0041e2f8       0x3c bin/hci_evt.o
 .text.hciEvtParseLeLtkReq
                0x0041e334       0x20 bin/hci_evt.o
 .text.hciEvtParseReadLeRemoteFeatCmpl
                0x0041e354       0x20 bin/hci_evt.o
 .text.hciEvtParseReadChanMapCmdCmpl
                0x0041e374       0x1c bin/hci_evt.o
 .text.hciEvtParseLePerAdvSyncEst
                0x0041e390       0x34 bin/hci_evt.o
 .text.hciEvtParseLeScanReqRcvd
                0x0041e3c4       0x14 bin/hci_evt.o
 .text.hciEvtParseLeReadLocalResAddrCmdCmpl
                0x0041e3d8       0x18 bin/hci_evt.o
 .text.hciEvtParseLeReadPeerResAddrCmdCmpl
                0x0041e3f0       0x18 bin/hci_evt.o
 .text.hciEvtParseLeEnhancedConnCmpl
                0x0041e408       0x5c bin/hci_evt.o
 .text.hciEvtParseLeConnCmpl
                0x0041e464       0x54 bin/hci_evt.o
 .text.hciEvtProcessCmdCmpl
                0x0041e4b8      0x2fc bin/hci_evt.o
                0x0041e4b8                hciEvtProcessCmdCmpl
 .text.hciEvtProcessMsg
                0x0041e7b4      0x820 bin/hci_evt.o
                0x0041e7b4                hciEvtProcessMsg
 .text.HciEvtRegister
                0x0041efd4        0xc bin/hci_main.o
                0x0041efd4                HciEvtRegister
 .text.HciSecRegister
                0x0041efe0        0xc bin/hci_main.o
                0x0041efe0                HciSecRegister
 .text.HciAclRegister
                0x0041efec        0xc bin/hci_main.o
                0x0041efec                HciAclRegister
 .text.HciHandlerInit
                0x0041eff8       0x18 bin/hci_main.o
                0x0041eff8                HciHandlerInit
 .text.HciHandler
                0x0041f010        0x4 bin/hci_main.o
                0x0041f010                HciHandler
 .text.hciTrSendAclData
                0x0041f014       0x24 bin/hci_tr.o
                0x0041f014                hciTrSendAclData
 .text.hciTrSendCmd
                0x0041f038       0x20 bin/hci_tr.o
                0x0041f038                hciTrSendCmd
 .text.hciTrSerialRxIncoming
                0x0041f058      0x1e0 bin/hci_tr.o
                0x0041f058                hciTrSerialRxIncoming
 .text.hciCoreResetStart
                0x0041f238       0x10 bin/hci_vs_em9305.o
                0x0041f238                hciCoreResetStart
 .text.hciCoreResetSequence
                0x0041f248      0x240 bin/hci_vs_em9305.o
                0x0041f248                hciCoreResetSequence
 .text.hciCoreVsCmdCmplRcvd
                0x0041f488        0x4 bin/hci_vs_em9305.o
                0x0041f488                hciCoreVsCmdCmplRcvd
 .text.HciVsInit
                0x0041f48c        0x4 bin/hci_vs_em9305.o
                0x0041f48c                HciVsInit
 .text.pvPortMalloc
                0x0041f490      0x154 bin/heap_4.o
                0x0041f490                pvPortMalloc
 .text.vPortFree
                0x0041f5e4       0xc8 bin/heap_4.o
                0x0041f5e4                vPortFree
 .text.l2cDefaultCtrlCback
                0x0041f6ac        0x4 bin/l2c_main.o
 .text.l2cHciFlowCback
                0x0041f6b0       0x38 bin/l2c_main.o
 .text.l2cDefaultDataCidCback
                0x0041f6e8        0xc bin/l2c_main.o
 .text.l2cDefaultDataCback
                0x0041f6f4        0xc bin/l2c_main.o
 .text.l2cHciAclCback
                0x0041f700       0x7c bin/l2c_main.o
 .text.l2cRxSignalingPkt
                0x0041f77c       0x50 bin/l2c_main.o
                0x0041f77c                l2cRxSignalingPkt
 .text.l2cSendCmdReject
                0x0041f7cc       0x5c bin/l2c_main.o
                0x0041f7cc                l2cSendCmdReject
 .text.l2cMsgAlloc
                0x0041f828        0x8 bin/l2c_main.o
                0x0041f828                l2cMsgAlloc
 .text.L2cInit  0x0041f830       0x5c bin/l2c_main.o
                0x0041f830                L2cInit
 .text.L2cRegister
                0x0041f88c       0x14 bin/l2c_main.o
                0x0041f88c                L2cRegister
 .text.L2cDataReq
                0x0041f8a0       0x4c bin/l2c_main.o
                0x0041f8a0                L2cDataReq
 .text.l2cSlaveRxSignalingPkt
                0x0041f8ec       0xd4 bin/l2c_slave.o
 .text.L2cSlaveInit
                0x0041f9c0       0x24 bin/l2c_slave.o
                0x0041f9c0                L2cSlaveInit
 .text.L2cDmConnUpdateReq
                0x0041f9e4       0xc8 bin/l2c_slave.o
                0x0041f9e4                L2cDmConnUpdateReq
 .text.L2cSlaveHandlerInit
                0x0041faac       0x10 bin/l2c_slave.o
                0x0041faac                L2cSlaveHandlerInit
 .text.L2cSlaveHandler
                0x0041fabc       0x2c bin/l2c_slave.o
                0x0041fabc                L2cSlaveHandler
 .text.vListInitialise
                0x0041fae8       0x18 bin/list.o
                0x0041fae8                vListInitialise
 .text.vListInitialiseItem
                0x0041fb00        0x8 bin/list.o
                0x0041fb00                vListInitialiseItem
 .text.vListInsertEnd
                0x0041fb08       0x1c bin/list.o
                0x0041fb08                vListInsertEnd
 .text.vListInsert
                0x0041fb24       0x38 bin/list.o
                0x0041fb24                vListInsert
 .text.uxListRemove
                0x0041fb5c       0x24 bin/list.o
                0x0041fb5c                uxListRemove
 .text.prvTaskExitError
                0x0041fb80       0x28 bin/port.o
 .text.vPortYield
                0x0041fba8       0x18 bin/port.o
                0x0041fba8                vPortYield
 .text.vPortEnterCritical
                0x0041fbc0       0x1c bin/port.o
                0x0041fbc0                vPortEnterCritical
 .text.vPortExitCritical
                0x0041fbdc       0x28 bin/port.o
                0x0041fbdc                vPortExitCritical
 .text.SysTick_Handler
                0x0041fc04       0x24 bin/port.o
                0x0041fc04                SysTick_Handler
 .text.vPortSVCHandler_C
                0x0041fc28       0x38 bin/port.o
                0x0041fc28                vPortSVCHandler_C
 .text.pxPortInitialiseStack
                0x0041fc60       0x84 bin/port.o
                0x0041fc60                pxPortInitialiseStack
 .text.xPortStartScheduler
                0x0041fce4       0x54 bin/port.o
                0x0041fce4                xPortStartScheduler
 .text.xPortIsInsideInterrupt
                0x0041fd38        0xc bin/port.o
                0x0041fd38                xPortIsInsideInterrupt
 .text.am_stimer_cmpr0_isr
                0x0041fd44       0x88 bin/port_stimer.o
                0x0041fd44                am_stimer_cmpr0_isr
 .text.vPortSetupTimerInterrupt
                0x0041fdcc       0x68 bin/port_stimer.o
                0x0041fdcc                vPortSetupTimerInterrupt
 .text.vPortSuppressTicksAndSleep
                0x0041fe34       0xc4 bin/port_stimer.o
                0x0041fe34                vPortSuppressTicksAndSleep
 *fill*         0x0041fef8        0x8 
 .text.vRestoreContextOfFirstTask
                0x0041ff00       0x34 bin/portasm.o
                0x0041ff00                vRestoreContextOfFirstTask
 *fill*         0x0041ff34        0xc 
 .text.vStartFirstTask
                0x0041ff40       0x24 bin/portasm.o
                0x0041ff40                vStartFirstTask
 .text.ulSetInterruptMask
                0x0041ff64       0x18 bin/portasm.o
                0x0041ff64                ulSetInterruptMask
 .text.vClearInterruptMask
                0x0041ff7c       0x10 bin/portasm.o
                0x0041ff7c                vClearInterruptMask
 *fill*         0x0041ff8c        0x4 
 .text.PendSV_Handler
                0x0041ff90       0x64 bin/portasm.o
                0x0041ff90                PendSV_Handler
 *fill*         0x0041fff4        0xc 
 .text.SVC_Handler
                0x00420000       0x24 bin/portasm.o
                0x00420000                SVC_Handler
 .text.prvCopyDataToQueue
                0x00420024       0x7c bin/queue.o
 .text.xQueueGenericCreate
                0x004200a0       0x88 bin/queue.o
                0x004200a0                xQueueGenericCreate
 .text.xQueueGenericSend
                0x00420128      0x29c bin/queue.o
                0x00420128                xQueueGenericSend
 .text.xQueueGenericSendFromISR
                0x004203c4       0xbc bin/queue.o
                0x004203c4                xQueueGenericSendFromISR
 .text.xQueueReceive
                0x00420480      0x29c bin/queue.o
                0x00420480                xQueueReceive
 .text.vQueueWaitForMessageRestricted
                0x0042071c       0xbc bin/queue.o
                0x0042071c                vQueueWaitForMessageRestricted
 .text.am_gpio0_607f_isr
                0x004207d8       0x2c bin/radio_task.o
                0x004207d8                am_gpio0_607f_isr
 .text.am_uart1_isr
                0x00420804        0xc bin/radio_task.o
                0x00420804                am_uart1_isr
 .text.RadioTaskSetup
                0x00420810        0xc bin/radio_task.o
                0x00420810                RadioTaskSetup
 .text.RadioTask
                0x0042081c      0x320 bin/radio_task.o
                0x0042081c                RadioTask
 .text.setup_task
                0x00420b3c       0x68 bin/rtos.o
                0x00420b3c                setup_task
 .text.SensorTask
                0x00420ba4      0x464 bin/rtos.o
 .text.run_tasks
                0x00421008       0x30 bin/rtos.o
                0x00421008                run_tasks
 .text.am_freertos_sleep
                0x00421038       0x18 bin/rtos.o
                0x00421038                am_freertos_sleep
 .text.am_freertos_wakeup
                0x00421050        0x4 bin/rtos.o
                0x00421050                am_freertos_wakeup
 .text.vApplicationMallocFailedHook
                0x00421054       0x14 bin/rtos.o
                0x00421054                vApplicationMallocFailedHook
 .text.vApplicationStackOverflowHook
                0x00421068       0x14 bin/rtos.o
                0x00421068                vApplicationStackOverflowHook
 .text.SecAesHciCback
                0x0042107c       0x20 bin/sec_aes.o
                0x0042107c                SecAesHciCback
 .text.SecAes   0x0042109c       0x6c bin/sec_aes.o
                0x0042109c                SecAes
 .text.SecAesInit
                0x00421108       0x10 bin/sec_aes.o
                0x00421108                SecAesInit
 .text.secCmacProcessBlock
                0x00421118       0xa4 bin/sec_cmac_hci.o
 .text.SecCmacHciCback
                0x004211bc      0x294 bin/sec_cmac_hci.o
                0x004211bc                SecCmacHciCback
 .text.SecCmac  0x00421450       0xa8 bin/sec_cmac_hci.o
                0x00421450                SecCmac
 .text.SecCmacInit
                0x004214f8       0x10 bin/sec_cmac_hci.o
                0x004214f8                SecCmacInit
 .text.SecEccHciCback
                0x00421508       0x70 bin/sec_ecc_hci.o
                0x00421508                SecEccHciCback
 .text.SecEccGenKey
                0x00421578       0x34 bin/sec_ecc_hci.o
                0x00421578                SecEccGenKey
 .text.SecEccGenSharedSecret
                0x004215ac       0x70 bin/sec_ecc_hci.o
                0x004215ac                SecEccGenSharedSecret
 .text.SecEccInit
                0x0042161c       0x10 bin/sec_ecc_hci.o
                0x0042161c                SecEccInit
 .text.secHciCback
                0x0042162c      0x144 bin/sec_main.o
 .text.SecInit  0x00421770       0x2c bin/sec_main.o
                0x00421770                SecInit
 .text.SecRand  0x0042179c       0x70 bin/sec_main.o
                0x0042179c                SecRand
 .text.SecLeEncryptCmd
                0x0042180c       0x5c bin/sec_main.o
                0x0042180c                SecLeEncryptCmd
 .text.smpStartRspTimer
                0x00421868        0xc bin/smp_act.o
                0x00421868                smpStartRspTimer
 .text.smpActNone
                0x00421874        0x4 bin/smp_act.o
                0x00421874                smpActNone
 .text.smpActCleanup
                0x00421878       0x3c bin/smp_act.o
                0x00421878                smpActCleanup
 .text.smpSendPairingFailed
                0x004218b4       0x24 bin/smp_act.o
                0x004218b4                smpSendPairingFailed
 .text.smpActPairingFailed
                0x004218d8       0x54 bin/smp_act.o
                0x004218d8                smpActPairingFailed
 .text.smpActPairingCancel
                0x0042192c       0x6c bin/smp_act.o
                0x0042192c                smpActPairingCancel
 .text.smpActStorePin
                0x00421998       0x2c bin/smp_act.o
                0x00421998                smpActStorePin
 .text.smpActPairCnfCalc1
                0x004219c4       0x44 bin/smp_act.o
                0x004219c4                smpActPairCnfCalc1
 .text.smpActPairCnfCalc2
                0x00421a08        0x8 bin/smp_act.o
                0x00421a08                smpActPairCnfCalc2
 .text.smpActSendPairCnf
                0x00421a10       0x58 bin/smp_act.o
                0x00421a10                smpActSendPairCnf
 .text.smpActPairCnfVerCalc1
                0x00421a68       0x30 bin/smp_act.o
                0x00421a68                smpActPairCnfVerCalc1
 .text.smpActPairCnfVerCalc2
                0x00421a98        0x8 bin/smp_act.o
                0x00421a98                smpActPairCnfVerCalc2
 .text.smpSendKey
                0x00421aa0      0x1f4 bin/smp_act.o
                0x00421aa0                smpSendKey
 .text.smpProcRcvKey
                0x00421c94      0x140 bin/smp_act.o
                0x00421c94                smpProcRcvKey
 .text.smpActMaxAttempts
                0x00421dd4       0x84 bin/smp_act.o
                0x00421dd4                smpActMaxAttempts
 .text.smpActAttemptRcvd
                0x00421e58        0x8 bin/smp_act.o
                0x00421e58                smpActAttemptRcvd
 .text.smpActNotifyDmAttemptsFailure
                0x00421e60        0xc bin/smp_act.o
                0x00421e60                smpActNotifyDmAttemptsFailure
 .text.smpActNotifyDmRspToFailure
                0x00421e6c        0xc bin/smp_act.o
                0x00421e6c                smpActNotifyDmRspToFailure
 .text.smpActCheckAttempts
                0x00421e78       0x70 bin/smp_act.o
                0x00421e78                smpActCheckAttempts
 .text.smpActPairingCmpl
                0x00421ee8       0x64 bin/smp_act.o
                0x00421ee8                smpActPairingCmpl
 .text.smpSmExecute
                0x00421f4c       0x78 bin/smp_act.o
                0x00421f4c                smpSmExecute
 .text.smpActSecReqTimeout
                0x00421fc4       0x78 bin/smp_act.o
                0x00421fc4                smpActSecReqTimeout
 .text.smpProcPairing
                0x0042203c      0x118 bin/smp_act.o
                0x0042203c                smpProcPairing
 .text.smpAuthReq
                0x00422154       0x74 bin/smp_act.o
                0x00422154                smpAuthReq
 .text.smpDbGetRecord
                0x004221c8       0xd0 bin/smp_db.o
 .text.SmpDbInit
                0x00422298       0x3c bin/smp_db.o
                0x00422298                SmpDbInit
 .text.SmpDbGetPairingDisabledTime
                0x004222d4       0x24 bin/smp_db.o
                0x004222d4                SmpDbGetPairingDisabledTime
 .text.SmpDbSetFailureCount
                0x004222f8       0x2c bin/smp_db.o
                0x004222f8                SmpDbSetFailureCount
 .text.SmpDbGetFailureCount
                0x00422324       0x20 bin/smp_db.o
                0x00422324                SmpDbGetFailureCount
 .text.SmpDbMaxAttemptReached
                0x00422344       0x70 bin/smp_db.o
                0x00422344                SmpDbMaxAttemptReached
 .text.SmpDbPairingFailed
                0x004223b4       0x28 bin/smp_db.o
                0x004223b4                SmpDbPairingFailed
 .text.SmpDbService
                0x004223dc      0x200 bin/smp_db.o
                0x004223dc                SmpDbService
 .text.smpL2cDataCback
                0x004225dc       0xb8 bin/smp_main.o
 .text.smpDmConnCback
                0x00422694      0x128 bin/smp_main.o
 .text.smpL2cCtrlCback
                0x004227bc       0x68 bin/smp_main.o
 .text.smpCcbByConnId
                0x00422824       0x10 bin/smp_main.o
                0x00422824                smpCcbByConnId
 .text.smpCalcC1Part1
                0x00422834      0x16c bin/smp_main.o
                0x00422834                smpCalcC1Part1
 .text.smpCalcC1Part2
                0x004229a0      0x1ac bin/smp_main.o
                0x004229a0                smpCalcC1Part2
 .text.smpCalcS1
                0x00422b4c       0x78 bin/smp_main.o
                0x00422b4c                smpCalcS1
 .text.smpGenerateLtk
                0x00422bc4       0x5c bin/smp_main.o
                0x00422bc4                smpGenerateLtk
 .text.smpSendPkt
                0x00422c20       0x58 bin/smp_main.o
                0x00422c20                smpSendPkt
 .text.smpMsgAlloc
                0x00422c78        0x8 bin/smp_main.o
                0x00422c78                smpMsgAlloc
 .text.SmpDmMsgSend
                0x00422c80       0x10 bin/smp_main.o
                0x00422c80                SmpDmMsgSend
 .text.SmpDmEncryptInd
                0x00422c90       0x30 bin/smp_main.o
                0x00422c90                SmpDmEncryptInd
 .text.smpGetScSecLevel
                0x00422cc0       0x24 bin/smp_main.o
                0x00422cc0                smpGetScSecLevel
 .text.SmpDmLescEnabled
                0x00422ce4       0x18 bin/smp_main.o
                0x00422ce4                SmpDmLescEnabled
 .text.SmpDmGetStk
                0x00422cfc       0x90 bin/smp_main.o
                0x00422cfc                SmpDmGetStk
 .text.SmpHandlerInit
                0x00422d8c       0x64 bin/smp_main.o
                0x00422d8c                SmpHandlerInit
 .text.SmpHandler
                0x00422df0       0x9c bin/smp_main.o
                0x00422df0                SmpHandler
 .text.smpScCatInitiatorBdAddr
                0x00422e8c       0x80 bin/smp_sc_act.o
 .text.smpScCatResponderBdAddr
                0x00422f0c       0x80 bin/smp_sc_act.o
 .text.smpScProcPairing
                0x00422f8c      0x344 bin/smp_sc_act.o
                0x00422f8c                smpScProcPairing
 .text.smpScAuthReq
                0x004232d0       0x8c bin/smp_sc_act.o
                0x004232d0                smpScAuthReq
 .text.smpScActCleanup
                0x0042335c       0x18 bin/smp_sc_act.o
                0x0042335c                smpScActCleanup
 .text.smpScActPairingFailed
                0x00423374       0x20 bin/smp_sc_act.o
                0x00423374                smpScActPairingFailed
 .text.smpScActPairingCancel
                0x00423394       0x28 bin/smp_sc_act.o
                0x00423394                smpScActPairingCancel
 .text.smpScActAuthSelect
                0x004233bc       0x64 bin/smp_sc_act.o
                0x004233bc                smpScActAuthSelect
 .text.smpScActPkSetup
                0x00423420       0x58 bin/smp_sc_act.o
                0x00423420                smpScActPkSetup
 .text.smpScActJwncCalcF4
                0x00423478       0xa4 bin/smp_sc_act.o
                0x00423478                smpScActJwncCalcF4
 .text.smpScActJwncCalcG2
                0x0042351c       0x64 bin/smp_sc_act.o
                0x0042351c                smpScActJwncCalcG2
 .text.smpScActJwncDisplay
                0x00423580       0x7c bin/smp_sc_act.o
                0x00423580                smpScActJwncDisplay
 .text.smpScActPkKeypress
                0x004235fc       0x3c bin/smp_sc_act.o
                0x004235fc                smpScActPkKeypress
 .text.smpScActPkSendKeypress
                0x00423638       0x48 bin/smp_sc_act.o
                0x00423638                smpScActPkSendKeypress
 .text.smpScActCalcSharedSecret
                0x00423680       0xb0 bin/smp_sc_act.o
                0x00423680                smpScActCalcSharedSecret
 .text.smpScActCalcF5TKey
                0x00423730       0xd4 bin/smp_sc_act.o
                0x00423730                smpScActCalcF5TKey
 .text.smpScActCalcF5MacKey
                0x00423804       0x8c bin/smp_sc_act.o
                0x00423804                smpScActCalcF5MacKey
 .text.smpScActCalcF5Ltk
                0x00423890       0x84 bin/smp_sc_act.o
                0x00423890                smpScActCalcF5Ltk
 .text.smpScActDHKeyCalcF6Ea
                0x00423914       0x8c bin/smp_sc_act.o
                0x00423914                smpScActDHKeyCalcF6Ea
 .text.smpScActDHKeyCalcF6Eb
                0x004239a0       0x8c bin/smp_sc_act.o
                0x004239a0                smpScActDHKeyCalcF6Eb
 .text.SmpScAllocScratchBuffers
                0x00423a2c       0xb0 bin/smp_sc_main.o
                0x00423a2c                SmpScAllocScratchBuffers
 .text.SmpScFreeScratchBuffers
                0x00423adc       0x50 bin/smp_sc_main.o
                0x00423adc                SmpScFreeScratchBuffers
 .text.SmpScCmac
                0x00423b2c       0x44 bin/smp_sc_main.o
                0x00423b2c                SmpScCmac
 .text.SmpScAlloc
                0x00423b70       0x30 bin/smp_sc_main.o
                0x00423b70                SmpScAlloc
 .text.SmpScCalcF4
                0x00423ba0       0xcc bin/smp_sc_main.o
                0x00423ba0                SmpScCalcF4
 .text.SmpScInit
                0x00423c6c       0x38 bin/smp_sc_main.o
                0x00423c6c                SmpScInit
 .text.SmpScCat
                0x00423ca4       0x14 bin/smp_sc_main.o
                0x00423ca4                SmpScCat
 .text.SmpScCat128
                0x00423cb8       0x14 bin/smp_sc_main.o
                0x00423cb8                SmpScCat128
 .text.smpScSendPubKey
                0x00423ccc       0x60 bin/smp_sc_main.o
                0x00423ccc                smpScSendPubKey
 .text.smpScSendDHKeyCheck
                0x00423d2c       0x5c bin/smp_sc_main.o
                0x00423d2c                smpScSendDHKeyCheck
 .text.smpScSendRand
                0x00423d88       0x5c bin/smp_sc_main.o
                0x00423d88                smpScSendRand
 .text.smpScSendPairCnf
                0x00423de4       0x5c bin/smp_sc_main.o
                0x00423de4                smpScSendPairCnf
 .text.smpGetPkBit
                0x00423e40       0x24 bin/smp_sc_main.o
                0x00423e40                smpGetPkBit
 .text.SmpScGetCancelMsgWithReattempt
                0x00423e64       0x50 bin/smp_sc_main.o
                0x00423e64                SmpScGetCancelMsgWithReattempt
 .text.smpScFailWithReattempt
                0x00423eb4       0x60 bin/smp_sc_main.o
                0x00423eb4                smpScFailWithReattempt
 .text.smpLogByteArray
                0x00423f14      0x114 bin/smp_sc_main.o
                0x00423f14                smpLogByteArray
 .text.smprActSendSecurityReq
                0x00424028       0x28 bin/smpr_act.o
                0x00424028                smprActSendSecurityReq
 .text.smprActProcPairReq
                0x00424050       0x84 bin/smpr_act.o
                0x00424050                smprActProcPairReq
 .text.smprActSendPairRsp
                0x004240d4       0xac bin/smpr_act.o
                0x004240d4                smprActSendPairRsp
 .text.smprActProcPairCnf
                0x00424180       0x2c bin/smpr_act.o
                0x00424180                smprActProcPairCnf
 .text.smprActProcPairCnfCalc1
                0x004241ac       0x48 bin/smpr_act.o
                0x004241ac                smprActProcPairCnfCalc1
 .text.smprActCnfVerify
                0x004241f4       0x64 bin/smpr_act.o
                0x004241f4                smprActCnfVerify
 .text.smprActSendPairRandom
                0x00424258       0x70 bin/smpr_act.o
                0x00424258                smprActSendPairRandom
 .text.smprActSetupKeyDist
                0x004242c8       0xbc bin/smpr_act.o
                0x004242c8                smprActSetupKeyDist
 .text.smprActSendKey
                0x00424384       0x88 bin/smpr_act.o
                0x00424384                smprActSendKey
 .text.smprActRcvKey
                0x0042440c       0x2c bin/smpr_act.o
                0x0042440c                smprActRcvKey
 .text.smprScActStoreLescPin
                0x00424438       0x58 bin/smpr_sc_act.o
                0x00424438                smprScActStoreLescPin
 .text.smprScActSendPubKey
                0x00424490       0x1c bin/smpr_sc_act.o
                0x00424490                smprScActSendPubKey
 .text.smprScActJwncSetup
                0x004244ac       0x54 bin/smpr_sc_act.o
                0x004244ac                smprScActJwncSetup
 .text.smprScActJwncSendCnf
                0x00424500       0x24 bin/smpr_sc_act.o
                0x00424500                smprScActJwncSendCnf
 .text.smprScActJwncCalcG2
                0x00424524       0x20 bin/smpr_sc_act.o
                0x00424524                smprScActJwncCalcG2
 .text.smprScActJwncDisplay
                0x00424544       0x28 bin/smpr_sc_act.o
                0x00424544                smprScActJwncDisplay
 .text.smprScActPkStoreCnf
                0x0042456c       0x10 bin/smpr_sc_act.o
                0x0042456c                smprScActPkStoreCnf
 .text.smprScActPkStoreCnfAndCalcCb
                0x0042457c       0x6c bin/smpr_sc_act.o
                0x0042457c                smprScActPkStoreCnfAndCalcCb
 .text.smprScActPkStorePinAndCalcCb
                0x004245e8       0xa0 bin/smpr_sc_act.o
                0x004245e8                smprScActPkStorePinAndCalcCb
 .text.smprScActPkCalcCb
                0x00424688       0x5c bin/smpr_sc_act.o
                0x00424688                smprScActPkCalcCb
 .text.smprScActPkSendCnf
                0x004246e4       0x24 bin/smpr_sc_act.o
                0x004246e4                smprScActPkSendCnf
 .text.smprScActPkCalcCa
                0x00424708       0x40 bin/smpr_sc_act.o
                0x00424708                smprScActPkCalcCa
 .text.smprScActPkSendRand
                0x00424748       0x88 bin/smpr_sc_act.o
                0x00424748                smprScActPkSendRand
 .text.smprScActOobSetup
                0x004247d0        0x8 bin/smpr_sc_act.o
                0x004247d0                smprScActOobSetup
 .text.smprScActOobCalcCa
                0x004247d8       0x7c bin/smpr_sc_act.o
                0x004247d8                smprScActOobCalcCa
 .text.smprScActOobSendRand
                0x00424854       0x7c bin/smpr_sc_act.o
                0x00424854                smprScActOobSendRand
 .text.smprScActStoreDhCheck
                0x004248d0       0x18 bin/smpr_sc_act.o