Archive member included to satisfy reference by file (symbol)

C:/arm-gnu-toolchain-15.2.rel1-mingw-w64-x86_64-arm-none-eabi/bin/../lib/gcc/arm-none-eabi/15.2.1/../../../../arm-none-eabi/lib/thumb/v8-m.main+dp/hard\libm.a(libm_a-w_sqrt.o)
                              bin/Gait_health_score.o (sqrt)
C:/arm-gnu-toolchain-15.2.rel1-mingw-w64-x86_64-arm-none-eabi/bin/../lib/gcc/arm-none-eabi/15.2.1/../../../../arm-none-eabi/lib/thumb/v8-m.main+dp/hard\libm.a(libm_a-wf_acos.o)
                              bin/gait_pipeline.o (acosf)
C:/arm-gnu-toolchain-15.2.rel1-mingw-w64-x86_64-arm-none-eabi/bin/../lib/gcc/arm-none-eabi/15.2.1/../../../../arm-none-eabi/lib/thumb/v8-m.main+dp/hard\libm.a(libm_a-wf_sqrt.o)
                              bin/gait_pipeline.o (sqrtf)
C:/arm-gnu-toolchain-15.2.rel1-mingw-w64-x86_64-arm-none-eabi/bin/../lib/gcc/arm-none-eabi/15.2.1/../../../../arm-none-eabi/lib/thumb/v8-m.main+dp/hard\libm.a(libm_a-sf_fabs.o)
                              C:/arm-gnu-toolchain-15.2.rel1-mingw-w64-x86_64-arm-none-eabi/bin/../lib/gcc/arm-none-eabi/15.2.1/../../../../arm-none-eabi/lib/thumb/v8-m.main+dp/hard\libm.a(libm_a-wf_acos.o) (fabsf)
C:/arm-gnu-toolchain-15.2.rel1-mingw-w64-x86_64-arm-none-eabi/bin/../lib/gcc/arm-none-eabi/15.2.1/../../../../arm-none-eabi/lib/thumb/v8-m.main+dp/hard\libm.a(libm_a-sf_nan.o)
                              C:/arm-gnu-toolchain-15.2.rel1-mingw-w64-x86_64-arm-none-eabi/bin/../lib/gcc/arm-none-eabi/15.2.1/../../../../arm-none-eabi/lib/thumb/v8-m.main+dp/hard\libm.a(libm_a-wf_acos.o) (nanf)
C:/arm-gnu-toolchain-15.2.rel1-mingw-w64-x86_64-arm-none-eabi/bin/../lib/gcc/arm-none-eabi/15.2.1/../../../../arm-none-eabi/lib/thumb/v8-m.main+dp/hard\libm.a(libm_a-sinf.o)
                              bin/gait_pipeline.o (sinf)
C:/arm-gnu-toolchain-15.2.rel1-mingw-w64-x86_64-arm-none-eabi/bin/../lib/gcc/arm-none-eabi/15.2.1/../../../../arm-none-eabi/lib/thumb/v8-m.main+dp/hard\libm.a(libm_a-cosf.o)
                              bin/gait_pipeline.o (cosf)
C:/arm-gnu-toolchain-15.2.rel1-mingw-w64-x86_64-arm-none-eabi/bin/../lib/gcc/arm-none-eabi/15.2.1/../../../../arm-none-eabi/lib/thumb/v8-m.main+dp/hard\libm.a(libm_a-sincosf_data.o)
                              C:/arm-gnu-toolchain-15.2.rel1-mingw-w64-x86_64-arm-none-eabi/bin/../lib/gcc/arm-none-eabi/15.2.1/../../../../arm-none-eabi/lib/thumb/v8-m.main+dp/hard\libm.a(libm_a-sinf.o) (__inv_pio4)
C:/arm-gnu-toolchain-15.2.rel1-mingw-w64-x86_64-arm-none-eabi/bin/../lib/gcc/arm-none-eabi/15.2.1/../../../../arm-none-eabi/lib/thumb/v8-m.main+dp/hard\libm.a(libm_a-math_errf.o)
                              C:/arm-gnu-toolchain-15.2.rel1-mingw-w64-x86_64-arm-none-eabi/bin/../lib/gcc/arm-none-eabi/15.2.1/../../../../arm-none-eabi/lib/thumb/v8-m.main+dp/hard\libm.a(libm_a-sinf.o) (__math_invalidf)
C:/arm-gnu-toolchain-15.2.rel1-mingw-w64-x86_64-arm-none-eabi/bin/../lib/gcc/arm-none-eabi/15.2.1/../../../../arm-none-eabi/lib/thumb/v8-m.main+dp/hard\libm.a(libm_a-e_sqrt.o)
                              C:/arm-gnu-toolchain-15.2.rel1-mingw-w64-x86_64-arm-none-eabi/bin/../lib/gcc/arm-none-eabi/15.2.1/../../../../arm-none-eabi/lib/thumb/v8-m.main+dp/hard\libm.a(libm_a-w_sqrt.o) (__ieee754_sqrt)
C:/arm-gnu-toolchain-15.2.rel1-mingw-w64-x86_64-arm-none-eabi/bin/../lib/gcc/arm-none-eabi/15.2.1/../../../../arm-none-eabi/lib/thumb/v8-m.main+dp/hard\libm.a(libm_a-ef_sqrt.o)
                              C:/arm-gnu-toolchain-15.2.rel1-mingw-w64-x86_64-arm-none-eabi/bin/../lib/gcc/arm-none-eabi/15.2.1/../../../../arm-none-eabi/lib/thumb/v8-m.main+dp/hard\libm.a(libm_a-wf_sqrt.o) (__ieee754_sqrtf)
C:/arm-gnu-toolchain-15.2.rel1-mingw-w64-x86_64-arm-none-eabi/bin/../lib/gcc/arm-none-eabi/15.2.1/../../../../arm-none-eabi/lib/thumb/v8-m.main+dp/hard\libm.a(libm_a-sf_floor.o)
                              bin/gait_pipeline.o (floorf)
C:/arm-gnu-toolchain-15.2.rel1-mingw-w64-x86_64-arm-none-eabi/bin/../lib/gcc/arm-none-eabi/15.2.1/../../../../arm-none-eabi/lib/thumb/v8-m.main+dp/hard\libm.a(libm_a-sf_round.o)
                              bin/Gait_health_score.o (roundf)
C:/arm-gnu-toolchain-15.2.rel1-mingw-w64-x86_64-arm-none-eabi/bin/../lib/gcc/arm-none-eabi/15.2.1/../../../../arm-none-eabi/lib/thumb/v8-m.main+dp/hard\libm.a(libm_a-ef_acos.o)
                              C:/arm-gnu-toolchain-15.2.rel1-mingw-w64-x86_64-arm-none-eabi/bin/../lib/gcc/arm-none-eabi/15.2.1/../../../../arm-none-eabi/lib/thumb/v8-m.main+dp/hard\libm.a(libm_a-wf_acos.o) (__ieee754_acosf)
C:/arm-gnu-toolchain-15.2.rel1-mingw-w64-x86_64-arm-none-eabi/bin/../lib/gcc/arm-none-eabi/15.2.1/../../../../arm-none-eabi/lib/thumb/v8-m.main+dp/hard\libc.a(libc_a-snprintf.o)
                              bin/LSM_pipeline_GH_score.o (snprintf)
C:/arm-gnu-toolchain-15.2.rel1-mingw-w64-x86_64-arm-none-eabi/bin/../lib/gcc/arm-none-eabi/15.2.1/../../../../arm-none-eabi/lib/thumb/v8-m.main+dp/hard\libc.a(libc_a-memset.o)
                              bin/LSM_pipeline_GH_score.o (memset)
[...]
Memory Configuration

Name             Origin             Length             Attributes
MCU_ITCM         0x00000000         0x00040000         xrw
MCU_MRAM         0x00410000         0x003f0000         xr
MCU_TCM          0x20000000         0x0007c000         xrw
SHARED_SRAM      0x20080000         0x00300000         xrw
STACK            0x2007d000         0x00003000         rw
HEAP             0x2007c000         0x00001000         rw
*default*        0x00000000         0xffffffff

Linker script and memory map


.text           0x00410000    0x2b864
                0x00410000                        . = ALIGN (0x4)
 *(.isr_vector)
 .isr_vector    0x00410000      0x25c bin/startup_gcc.o
                0x00410000                __Vectors
 *(.patch)
 .patch         0x0041025c      0x1a4 bin/startup_gcc.o
                0x0041025c                __Patchable
 *(.text)
 .text          0x00410400       0xec C:/arm-gnu-toolchain-15.2.rel1-mingw-w64-x86_64-arm-none-eabi/bin/../lib/gcc/arm-none-eabi/15.2.1/../../../../arm-none-eabi/lib/thumb/v8-m.main+dp/hard\libc.a(libc_a-memcpy.o)
                0x00410400                memcpy
 .text          0x004104ec      0x378 C:/arm-gnu-toolchain-15.2.rel1-mingw-w64-x86_64-arm-none-eabi/bin/../lib/gcc/arm-none-eabi/15.2.1/thumb/v8-m.main+dp/hard\libgcc.a(_arm_addsubdf3.o)
                0x004104ec                __aeabi_drsub
                0x004104f4                __aeabi_dsub
                0x004104f4                __subdf3
                0x004104f8                __aeabi_dadd
                0x004104f8                __adddf3
                0x00410770                __floatunsidf
                0x00410770                __aeabi_ui2d
                0x00410790                __floatsidf
                0x00410790                __aeabi_i2d
                0x004107b4                __aeabi_f2d
                0x004107b4                __extendsfdf2
                0x004107f8                __floatundidf
                0x004107f8                __aeabi_ul2d
                0x00410808                __floatdidf
                0x00410808                __aeabi_l2d
 .text          0x00410864       0x30 C:/arm-gnu-toolchain-15.2.rel1-mingw-w64-x86_64-arm-none-eabi/bin/../lib/gcc/arm-none-eabi/15.2.1/thumb/v8-m.main+dp/hard\libgcc.a(_aeabi_uldivmod.o)
                0x00410864                __aeabi_uldivmod
 .text          0x00410894        0x4 C:/arm-gnu-toolchain-15.2.rel1-mingw-w64-x86_64-arm-none-eabi/bin/../lib/gcc/arm-none-eabi/15.2.1/thumb/v8-m.main+dp/hard\libgcc.a(_dvmd_tls.o)
                0x00410894                __aeabi_idiv0
                0x00410894                __aeabi_ldiv0
 *(.text*)
 .text.am_util_delay_ms
                0x00410898       0x1c bin/am_util_delay.o
                0x00410898                am_util_delay_ms
 .text.am_util_delay_us
                0x004108b4       0x12 bin/am_util_delay.o
                0x004108b4                am_util_delay_us
 *fill*         0x004108c6        0x2 
 .text.HardFault_Handler
                0x004108c8       0x2c bin/am_util_faultisr.o
                0x004108c8                HardFault_Handler
 .text.am_getStackedReg
                0x004108f4       0x16 bin/am_util_faultisr.o
                0x004108f4                am_getStackedReg
 *fill*         0x0041090a        0x2 
 .text.am_util_faultisr_collect_data
                0x0041090c       0xd4 bin/am_util_faultisr.o
                0x0041090c                am_util_faultisr_collect_data
 .text.am_valid_sp
                0x004109e0       0x34 bin/am_util_faultisr.o
                0x004109e0                am_valid_sp
 .text.am_util_stdio_printf_init
                0x00410a14       0x14 bin/am_util_stdio.o
                0x00410a14                am_util_stdio_printf_init
 .text.divu64_10
                0x00410a28      0x17c bin/am_util_stdio.o
 .text.ndigits_in_u64
                0x00410ba4       0x3c bin/am_util_stdio.o
 .text.ndigits_in_i64
                0x00410be0       0x34 bin/am_util_stdio.o
 .text.ndigits_in_hex
                0x00410c14       0x3a bin/am_util_stdio.o
 .text.decstr_to_int
                0x00410c4e       0x88 bin/am_util_stdio.o
 *fill*         0x00410cd6        0x2 
 .text.uint64_to_str
                0x00410cd8       0xa8 bin/am_util_stdio.o
 .text.uint64_to_hexstr
                0x00410d80       0xd8 bin/am_util_stdio.o
 .text.simple_strlen
                0x00410e58       0x2c bin/am_util_stdio.o
 .text.padbuffer
                0x00410e84       0x44 bin/am_util_stdio.o
 .text.ftoa     0x00410ec8      0x1fc bin/am_util_stdio.o
 .text.am_util_stdio_vsprintf
                0x004110c4      0x5a0 bin/am_util_stdio.o
                0x004110c4                am_util_stdio_vsprintf
 .text.am_util_stdio_printf
                0x00411664       0x40 bin/am_util_stdio.o
                0x00411664                am_util_stdio_printf
 .text.am_util_stdio_terminal_clear
                0x004116a4       0x10 bin/am_util_stdio.o
                0x004116a4                am_util_stdio_terminal_clear
 .text.__NVIC_EnableIRQ
                0x004116b4       0x34 bin/LSM_pipeline_GH_score.o
 .text.__NVIC_SetPriority
                0x004116e8       0x50 bin/LSM_pipeline_GH_score.o
 .text.led2_init
                0x00411738       0x1c bin/LSM_pipeline_GH_score.o
 .text.led1_init
                0x00411754       0x1c bin/LSM_pipeline_GH_score.o
 .text.led2_on  0x00411770        0xe bin/LSM_pipeline_GH_score.o
 .text.led1_on  0x0041177e        0xe bin/LSM_pipeline_GH_score.o
 .text.error_handler
                0x0041178c       0x14 bin/LSM_pipeline_GH_score.o
 .text.am_uart1_isr
                0x004117a0       0x38 bin/LSM_pipeline_GH_score.o
                0x004117a0                am_uart1_isr
 .text.uart_print
                0x004117d8       0x80 bin/LSM_pipeline_GH_score.o
 .text.UART_printf_init
                0x00411858       0xb4 bin/LSM_pipeline_GH_score.o
 .text.rtc_init
                0x0041190c      0x10c bin/LSM_pipeline_GH_score.o
 .text.get_rtc_time
                0x00411a18       0x12 bin/LSM_pipeline_GH_score.o
 .text.rtc_to_centiseconds
                0x00411a2a       0x36 bin/LSM_pipeline_GH_score.o
 .text.centiseconds_to_hms
                0x00411a60       0xc4 bin/LSM_pipeline_GH_score.o
 .text.resync_epoch
                0x00411b24       0x5c bin/LSM_pipeline_GH_score.o
 .text.grab_fifo_samples
                0x00411b80      0x280 bin/LSM_pipeline_GH_score.o
 .text.csv_write_line
                0x00411e00       0x68 bin/LSM_pipeline_GH_score.o
 .text.csv_next_session_number
                0x00411e68       0x9c bin/LSM_pipeline_GH_score.o
 .text.csv_logging_init
                0x00411f04      0x2ac bin/LSM_pipeline_GH_score.o
 .text.csv_log_imu_sample
                0x004121b0      0x100 bin/LSM_pipeline_GH_score.o
 .text.csv_log_gait_stride
                0x004122b0      0x478 bin/LSM_pipeline_GH_score.o
 .text.csv_log_minute_stats
                0x00412728      0x274 bin/LSM_pipeline_GH_score.o
 .text.csv_log_session_stats
                0x0041299c      0x4a0 bin/LSM_pipeline_GH_score.o
 *fill*         0x00412e3c        0x4 
 .text.csv_log_health_score
                0x00412e40      0x3c0 bin/LSM_pipeline_GH_score.o
 .text.csv_logging_close
                0x00413200       0xdc bin/LSM_pipeline_GH_score.o
 .text.round_half_steps_python
                0x004132dc       0x26 bin/LSM_pipeline_GH_score.o
 *fill*         0x00413302        0x2 
 .text.run_live_python_parity_pipeline
                0x00413304      0x484 bin/LSM_pipeline_GH_score.o
 .text.main     0x00413788     0x13b0 bin/LSM_pipeline_GH_score.o
                0x00413788                main
 .text.disk_status
                0x00414b38       0x28 bin/diskio.o
                0x00414b38                disk_status
 .text.disk_initialize
                0x00414b60       0x5c bin/diskio.o
                0x00414b60                disk_initialize
 .text.disk_read
                0x00414bbc       0x66 bin/diskio.o
                0x00414bbc                disk_read
 .text.disk_write
                0x00414c22       0x66 bin/diskio.o
                0x00414c22                disk_write
 .text.disk_ioctl
                0x00414c88       0x78 bin/diskio.o
                0x00414c88                disk_ioctl
 .text.ld_word  0x00414d00       0x2e bin/ff.o
 .text.ld_dword
                0x00414d2e       0x3c bin/ff.o
 .text.st_word  0x00414d6a       0x36 bin/ff.o
 .text.st_dword
                0x00414da0       0x4e bin/ff.o
 .text.mem_cpy  0x00414dee       0x38 bin/ff.o
 .text.mem_set  0x00414e26       0x2c bin/ff.o
 .text.mem_cmp  0x00414e52       0x44 bin/ff.o
 .text.chk_chr  0x00414e96       0x2c bin/ff.o
 .text.dbc_1st  0x00414ec2       0x1c bin/ff.o
 .text.dbc_2nd  0x00414ede       0x1c bin/ff.o
 .text.tchar2uni
                0x00414efa       0x9e bin/ff.o
 .text.put_utf  0x00414f98       0x78 bin/ff.o
 .text.sync_window
                0x00415010       0x7a bin/ff.o
 .text.move_window
                0x0041508a       0x60 bin/ff.o
 *fill*         0x004150ea        0x2 
 .text.sync_fs  0x004150ec       0xe0 bin/ff.o
 .text.clst2sect
                0x004151cc       0x34 bin/ff.o
 .text.get_fat  0x00415200      0x14c bin/ff.o
 .text.put_fat  0x0041534c      0x1e4 bin/ff.o
 .text.remove_chain
                0x00415530       0xd4 bin/ff.o
 .text.create_chain
                0x00415604      0x1aa bin/ff.o
 .text.clmt_clust
                0x004157ae       0x5e bin/ff.o
 .text.dir_clear
                0x0041580c       0x8c bin/ff.o
 .text.dir_sdi  0x00415898       0xf2 bin/ff.o
 .text.dir_next
                0x0041598a      0x128 bin/ff.o
 .text.dir_alloc
                0x00415ab2       0x9c bin/ff.o
 .text.ld_clust
                0x00415b4e       0x3a bin/ff.o
 .text.st_clust
                0x00415b88       0x3c bin/ff.o
 .text.cmp_lfn  0x00415bc4       0xe8 bin/ff.o
 .text.put_lfn  0x00415cac       0xe8 bin/ff.o
 .text.gen_numname
                0x00415d94      0x164 bin/ff.o
 .text.sum_sfn  0x00415ef8       0x40 bin/ff.o
 .text.dir_find
                0x00415f38      0x1c4 bin/ff.o
 .text.dir_register
                0x004160fc      0x214 bin/ff.o
 .text.get_fileinfo
                0x00416310      0x266 bin/ff.o
 *fill*         0x00416576        0x2 
 .text.create_name
                0x00416578      0x488 bin/ff.o
 .text.follow_path
                0x00416a00      0x136 bin/ff.o
 *fill*         0x00416b36        0x2 
 .text.get_ldnumber
                0x00416b38       0x90 bin/ff.o
 .text.check_fs
                0x00416bc8       0xa8 bin/ff.o
 .text.find_volume
                0x00416c70       0xbe bin/ff.o
 *fill*         0x00416d2e        0x2 
 .text.mount_volume
                0x00416d30      0x414 bin/ff.o
 .text.validate
                0x00417144       0x6e bin/ff.o
 *fill*         0x004171b2        0x2 
 .text.f_mount  0x004171b4       0x80 bin/ff.o
                0x004171b4                f_mount
 .text.f_open   0x00417234      0x590 bin/ff.o
                0x00417234                f_open
 .text.f_write  0x004177c4      0x2e4 bin/ff.o
                0x004177c4                f_write
 .text.f_sync   0x00417aa8      0x104 bin/ff.o
                0x00417aa8                f_sync
 .text.f_close  0x00417bac       0x44 bin/ff.o
                0x00417bac                f_close
 .text.f_stat   0x00417bf0       0xc8 bin/ff.o
                0x00417bf0                f_stat
 .text.f_mkdir  0x00417cb8      0x2f8 bin/ff.o
                0x00417cb8                f_mkdir
 .text.ff_uni2oem
                0x00417fb0       0x80 bin/ffunicode.o
                0x00417fb0                ff_uni2oem
 .text.ff_oem2uni
                0x00418030       0x64 bin/ffunicode.o
                0x00418030                ff_oem2uni
 .text.ff_wtoupper
                0x00418094      0x184 bin/ffunicode.o
                0x00418094                ff_wtoupper
 .text.prv_unpack
                0x00418218       0x46 bin/lsm6dsl.o
 *fill*         0x0041825e        0x2 
 .text.lsm6dsl_i2c_write_reg
                0x00418260       0x70 bin/lsm6dsl.o
                0x00418260                lsm6dsl_i2c_write_reg
 .text.lsm6dsl_i2c_read_reg
                0x004182d0       0x78 bin/lsm6dsl.o
                0x004182d0                lsm6dsl_i2c_read_reg
 .text.lsm6dsl_i2c_read_burst
                0x00418348       0x94 bin/lsm6dsl.o
                0x00418348                lsm6dsl_i2c_read_burst
 .text.lsm6dsl_i2c_init
                0x004183dc      0x264 bin/lsm6dsl.o
                0x004183dc                lsm6dsl_i2c_init
 .text.lsm6dsl_i2c_who_am_i
                0x00418640       0x16 bin/lsm6dsl.o
                0x00418640                lsm6dsl_i2c_who_am_i
 .text.lsm6dsl_i2c_read_accel_raw
                0x00418656       0x78 bin/lsm6dsl.o
                0x00418656                lsm6dsl_i2c_read_accel_raw
 .text.lsm6dsl_i2c_fifo_word_count
                0x004186ce       0x68 bin/lsm6dsl.o
                0x004186ce                lsm6dsl_i2c_fifo_word_count
 *fill*         0x00418736        0x2 
 .text.lsm6dsl_i2c_fifo_read_set
                0x00418738       0xe0 bin/lsm6dsl.o
                0x00418738                lsm6dsl_i2c_fifo_read_set
 .text.lsm6dsl_i2c_fifo_reset
                0x00418818       0x38 bin/lsm6dsl.o
                0x00418818                lsm6dsl_i2c_fifo_reset
 .text.lsm6dsl_i2c_pedometer_enable
                0x00418850       0x10 bin/lsm6dsl.o
                0x00418850                lsm6dsl_i2c_pedometer_enable
 .text.lsm6dsl_i2c_pedometer_reset
                0x00418860       0x2e bin/lsm6dsl.o
                0x00418860                lsm6dsl_i2c_pedometer_reset
 .text.lsm6dsl_i2c_read_step_count
                0x0041888e       0x40 bin/lsm6dsl.o
                0x0041888e                lsm6dsl_i2c_read_step_count
 *fill*         0x004188ce        0x2 
 .text.pw       0x004188d0      0x138 bin/Gait_health_score.o
 .text.round1   0x00418a08       0x34 bin/Gait_health_score.o
 .text.round2   0x00418a3c       0x38 bin/Gait_health_score.o
 .text.round4   0x00418a74       0x38 bin/Gait_health_score.o
 .text.score_band
                0x00418aac       0x90 bin/Gait_health_score.o
 .text.init_result
                0x00418b3c       0x70 bin/Gait_health_score.o
 .text.sort_float
                0x00418bac       0x86 bin/Gait_health_score.o
 *fill*         0x00418c32        0x2 
 .text.median_sorted
                0x00418c34       0x68 bin/Gait_health_score.o
 .text.valid_python_row
                0x00418c9c       0xd0 bin/Gait_health_score.o
 .text.compute_pronation_exact
                0x00418d6c      0x538 bin/Gait_health_score.o
 *fill*         0x004192a4        0x4 
 .text.gait_health_score_compute_ex
                0x004192a8      0x6c8 bin/Gait_health_score.o
                0x004192a8                gait_health_score_compute_ex
 .text.Reset_Handler
                0x00419970       0xa4 bin/startup_gcc.o
                0x00419970                Reset_Handler
 .text.NMI_Handler
                0x00419a14        0x4 bin/startup_gcc.o
                0x00419a14                NMI_Handler
 .text.HardFault_Handler
                0x00419a18        0x4 bin/startup_gcc.o
                0x00419a18                MemManage_Handler
                0x00419a18                BusFault_Handler
                0x00419a18                UsageFault_Handler
 .text.am_default_isr
                0x00419a1c        0x4 bin/startup_gcc.o
                0x00419a1c                am_timer08_isr
                0x00419a1c                DebugMon_Handler
                0x00419a1c                am_sdio0_isr
                0x00419a1c                am_iomaster4_isr
                0x00419a1c                am_gpio1_203f_isr
                0x00419a1c                am_timer00_isr
                0x00419a1c                am_ioslave_fd0_acc_isr
                0x00419a1c                am_dspi2s1_isr
                0x00419a1c                SysTick_Handler
                0x00419a1c                PendSV_Handler
                0x00419a1c                am_rtc_isr
                0x00419a1c                am_stimer_cmpr3_isr
                0x00419a1c                am_adc_isr
                0x00419a1c                am_gpio0_e0ff_isr
                0x00419a1c                am_iomaster3_isr
                0x00419a1c                am_clkgen_isr
                0x00419a1c                FloatingPoint_Handler
                0x00419a1c                am_stimerof_isr
                0x00419a1c                am_timer14_isr
                0x00419a1c                am_software0_isr
                0x00419a1c                am_gpio0_001f_isr
                0x00419a1c                am_cachecpu_isr
                0x00419a1c                am_dspi2s0_isr
                0x00419a1c                am_stimer_cmpr5_isr
                0x00419a1c                am_iomaster5_isr
                0x00419a1c                am_pdm0_isr
                0x00419a1c                am_uart_isr
                0x00419a1c                am_gpio0_607f_isr
                0x00419a1c                am_gpio1_607f_isr
                0x00419a1c                am_dsi_isr
                0x00419a1c                am_timer01_isr
                0x00419a1c                am_gpio0_203f_isr
                0x00419a1c                am_disp_isr
                0x00419a1c                am_audadc0_isr
                0x00419a1c                am_ioslave_acc_isr
                0x00419a1c                am_ioslave_fd0_isr
                0x00419a1c                am_mspi0_isr
                0x00419a1c                am_timer10_isr
                0x00419a1c                am_software1_isr
                0x00419a1c                am_timer05_isr
                0x00419a1c                am_sdio1_isr
                0x00419a1c                am_usb_isr
                0x00419a1c                am_gpio0_809f_isr
                0x00419a1c                am_stimer_cmpr6_isr
                0x00419a1c                am_gpio1_405f_isr
                0x00419a1c                am_iomaster7_isr
                0x00419a1c                SecureFault_Handler
                0x00419a1c                am_iomaster1_isr
                0x00419a1c                am_timer06_isr
                0x00419a1c                am_timer03_isr
                0x00419a1c                am_brownout_isr
                0x00419a1c                am_timer13_isr
                0x00419a1c                am_otp_isr
                0x00419a1c                am_vcomp_isr
                0x00419a1c                am_stimer_cmpr1_isr
                0x00419a1c                am_timer07_isr
                0x00419a1c                am_mspi3_isr
                0x00419a1c                am_cryptosec_isr
                0x00419a1c                am_uart2_isr
                0x00419a1c                am_iomaster2_isr
                0x00419a1c                am_mspi2_isr
                0x00419a1c                am_ioslave_fd1_isr
                0x00419a1c                am_ioslave_fd1_acc_isr
                0x00419a1c                am_gpio1_809f_isr
                0x00419a1c                SVC_Handler
                0x00419a1c                am_iomaster6_isr
                0x00419a1c                am_timer11_isr
                0x00419a1c                am_gpio0_a0bf_isr
                0x00419a1c                am_stimer_cmpr2_isr
                0x00419a1c                am_ioslave_ios_isr
                0x00419a1c                am_gpio0_405f_isr
                0x00419a1c                am_mspi1_isr
                0x00419a1c                am_gpio1_001f_isr
                0x00419a1c                am_stimer_cmpr7_isr
                0x00419a1c                am_uart3_isr
                0x00419a1c                am_watchdog_isr
                0x00419a1c                am_stimer_cmpr0_isr
                0x00419a1c                am_timer12_isr
                0x00419a1c                am_software3_isr
                0x00419a1c                am_gpio1_a0bf_isr
                0x00419a1c                am_iomaster0_isr
                0x00419a1c                am_timer04_isr
                0x00419a1c                am_software2_isr
                0x00419a1c                am_gpio1_c0df_isr
                0x00419a1c                am_timer09_isr
                0x00419a1c                am_stimer_cmpr4_isr
                0x00419a1c                am_gpio0_c0df_isr
                0x00419a1c                am_default_isr
                0x00419a1c                am_gpu_isr
                0x00419a1c                am_timer02_isr
 .text.sd_tx    0x00419a20      0x174 bin/sdcard_spi.o
 .text.sd_rx    0x00419b94      0x13c bin/sdcard_spi.o
 .text.sd_send_cmd
                0x00419cd0       0xba bin/sdcard_spi.o
 .text.sd_send_cmd_retry
                0x00419d8a       0x64 bin/sdcard_spi.o
 .text.sd_release_cs
                0x00419dee       0x18 bin/sdcard_spi.o
 .text.sd_wait_not_busy
                0x00419e06       0x48 bin/sdcard_spi.o
 *fill*         0x00419e4e        0x2 
 .text.sdspi_iom_init
                0x00419e50       0x90 bin/sdcard_spi.o
                0x00419e50                sdspi_iom_init
 .text.sd_set_clock
                0x00419ee0       0x28 bin/sdcard_spi.o
 .text.sdspi_init
                0x00419f08      0x2f0 bin/sdcard_spi.o
                0x00419f08                sdspi_init
 .text.sdspi_is_ready
                0x0041a1f8        0xc bin/sdcard_spi.o
                0x0041a1f8                sdspi_is_ready
 .text.sdspi_read_block
                0x0041a204       0xc8 bin/sdcard_spi.o
                0x0041a204                sdspi_read_block
 .text.sdspi_write_block
                0x0041a2cc       0xd4 bin/sdcard_spi.o
                0x0041a2cc                sdspi_write_block
 .text.sdspi_get_sector_count
                0x0041a3a0      0x168 bin/sdcard_spi.o
                0x0041a3a0                sdspi_get_sector_count
 .text.SystemInit
                0x0041a508       0x64 bin/system_apollo510.o
                0x0041a508                SystemInit
 .text.get_cycles
                0x0041a56c        0xc bin/gait_pipeline.o
                0x0041a56c                get_cycles
 .text.profile_start
                0x0041a578       0x44 bin/gait_pipeline.o
                0x0041a578                profile_start
 .text.profile_print
                0x0041a5bc       0xcc bin/gait_pipeline.o
                0x0041a5bc                profile_print
 .text.init_sqrt_lut
                0x0041a688       0x64 bin/gait_pipeline.o
                0x0041a688                init_sqrt_lut
 .text.step2_gyro_magnitude
                0x0041a6ec       0xd0 bin/gait_pipeline.o
                0x0041a6ec                step2_gyro_magnitude
 .text.infer_sample_rate_hz
                0x0041a7bc       0xd4 bin/gait_pipeline.o
 .text.percentile_sorted
                0x0041a890       0xc4 bin/gait_pipeline.o
 .text.insertion_sort_f
                0x0041a954       0x80 bin/gait_pipeline.o
 .text.local_maxima_1d
                0x0041a9d4       0xea bin/gait_pipeline.o
 *fill*         0x0041aabe        0x2 
 .text.select_by_peak_distance
                0x0041aac0      0x208 bin/gait_pipeline.o
 .text.peak_prominence
                0x0041acc8      0x10e bin/gait_pipeline.o
 *fill*         0x0041add6        0x2 
 .text.find_peaks_ex
                0x0041add8      0x148 bin/gait_pipeline.o
 .text.step3_build_strides
                0x0041af20      0x2b0 bin/gait_pipeline.o
                0x0041af20                step3_build_strides
 .text.step3_hardware_assisted_peak_profile
                0x0041b1d0      0x52c bin/gait_pipeline.o
                0x0041b1d0                step3_hardware_assisted_peak_profile
 .text.step3_detect_events_profile
                0x0041b6fc      0x660 bin/gait_pipeline.o
                0x0041b6fc                step3_detect_events_profile
 .text.step4_temporal
                0x0041bd5c       0xc8 bin/gait_pipeline.o
                0x0041bd5c                step4_temporal
 .text.step4_temporal_with_speed
                0x0041be24       0x5c bin/gait_pipeline.o
                0x0041be24                step4_temporal_with_speed
 .text.m3_eye   0x0041be80       0x30 bin/gait_pipeline.o
 .text.m3_mul   0x0041beb0       0xb4 bin/gait_pipeline.o
 .text.m3_mulvec
                0x0041bf64       0xaa bin/gait_pipeline.o
 .text.skew3    0x0041c00e       0x82 bin/gait_pipeline.o
 .text.m9_eye   0x0041c090       0x48 bin/gait_pipeline.o
 .text.m9_mul   0x0041c0d8       0xb8 bin/gait_pipeline.o
 .text.m9_transpose
                0x0041c190       0x70 bin/gait_pipeline.o
 .text.mat4_invert
                0x0041c200      0x2b4 bin/gait_pipeline.o
 .text.mat9_invert
                0x0041c4b4      0x318 bin/gait_pipeline.o
 .text.build_F_from_fg
                0x0041c7cc       0xb8 bin/gait_pipeline.o
 .text.mat3_to_quat
                0x0041c884      0x3f4 bin/gait_pipeline.o
 .text.simple_trajectory_fallback
                0x0041cc78      0x328 bin/gait_pipeline.o
 .text.step5_eskf_reset_session
                0x0041cfa0       0x24 bin/gait_pipeline.o
                0x0041cfa0                step5_eskf_reset_session
 .text.step5_eskf_trajectory_bout
                0x0041cfc4     0x323c bin/gait_pipeline.o
                0x0041cfc4                step5_eskf_trajectory_bout
 .text.step6_spatial
                0x00420200      0x458 bin/gait_pipeline.o
                0x00420200                step6_spatial
 .text.step6_clearance_from_gyro
                0x00420658      0x2cc bin/gait_pipeline.o
                0x00420658                step6_clearance_from_gyro
 .text.step6_ilr
                0x00420924      0x2cc bin/gait_pipeline.o
                0x00420924                step6_ilr
 .text.step6_pronation
                0x00420bf0       0xc8 bin/gait_pipeline.o
                0x00420bf0                step6_pronation
 .text.step6_angle_change
                0x00420cb8      0x278 bin/gait_pipeline.o
                0x00420cb8                step6_angle_change
 .text.cb_init  0x00420f30       0x2c bin/gait_pipeline.o
                0x00420f30                cb_init
 .text.cb_push  0x00420f5c       0x80 bin/gait_pipeline.o
                0x00420f5c                cb_push
 .text.extract_feature_vector
                0x00420fdc       0x9e bin/gait_pipeline.o
                0x00420fdc                extract_feature_vector
 *fill*         0x0042107a        0x2 
 .text.aggregate_session_ex
                0x0042107c      0xf90 bin/gait_pipeline.o
                0x0042107c                aggregate_session_ex
 .text.is_valid_float
                0x0042200c       0x24 bin/gait_pipeline.o
 .text.print_session_report
                0x00422030      0x400 bin/gait_pipeline.o
                0x00422030                print_session_report
 .text.sqrt     0x00422430       0x58 C:/arm-gnu-toolchain-15.2.rel1-mingw-w64-x86_64-arm-none-eabi/bin/../lib/gcc/arm-none-eabi/15.2.1/../../../../arm-none-eabi/lib/thumb/v8-m.main+dp/hard\libm.a(libm_a-w_sqrt.o)
                0x00422430                sqrt
 .text.acosf    0x00422488       0x58 C:/arm-gnu-toolchain-15.2.rel1-mingw-w64-x86_64-arm-none-eabi/bin/../lib/gcc/arm-none-eabi/15.2.1/../../../../arm-none-eabi/lib/thumb/v8-m.main+dp/hard\libm.a(libm_a-wf_acos.o)
                0x00422488                acosf
 .text.sqrtf    0x004224e0       0x50 C:/arm-gnu-toolchain-15.2.rel1-mingw-w64-x86_64-arm-none-eabi/bin/../lib/gcc/arm-none-eabi/15.2.1/../../../../arm-none-eabi/lib/thumb/v8-m.main+dp/hard\libm.a(libm_a-wf_sqrt.o)
                0x004224e0                sqrtf
 .text.fabsf    0x00422530       0x10 C:/arm-gnu-toolchain-15.2.rel1-mingw-w64-x86_64-arm-none-eabi/bin/../lib/gcc/arm-none-eabi/15.2.1/../../../../arm-none-eabi/lib/thumb/v8-m.main+dp/hard\libm.a(libm_a-sf_fabs.o)
                0x00422530                fabsf
 .text.nanf     0x00422540        0xc C:/arm-gnu-toolchain-15.2.rel1-mingw-w64-x86_64-arm-none-eabi/bin/../lib/gcc/arm-none-eabi/15.2.1/../../../../arm-none-eabi/lib/thumb/v8-m.main+dp/hard\libm.a(libm_a-sf_nan.o)
                0x00422540                nanf
 *fill*         0x0042254c        0x4 
 .text.sinf     0x00422550      0x1f4 C:/arm-gnu-toolchain-15.2.rel1-mingw-w64-x86_64-arm-none-eabi/bin/../lib/gcc/arm-none-eabi/15.2.1/../../../../arm-none-eabi/lib/thumb/v8-m.main+dp/hard\libm.a(libm_a-sinf.o)
                0x00422550                sinf
 *fill*         0x00422744        0x4 
 .text.cosf     0x00422748      0x1f4 C:/arm-gnu-toolchain-15.2.rel1-mingw-w64-x86_64-arm-none-eabi/bin/../lib/gcc/arm-none-eabi/15.2.1/../../../../arm-none-eabi/lib/thumb/v8-m.main+dp/hard\libm.a(libm_a-cosf.o)
                0x00422748                cosf
 .text.with_errnof
                0x0042293c       0x18 C:/arm-gnu-toolchain-15.2.rel1-mingw-w64-x86_64-arm-none-eabi/bin/../lib/gcc/arm-none-eabi/15.2.1/../../../../arm-none-eabi/lib/thumb/v8-m.main+dp/hard\libm.a(libm_a-math_errf.o)
 .text.__math_invalidf
                0x00422954       0x24 C:/arm-gnu-toolchain-15.2.rel1-mingw-w64-x86_64-arm-none-eabi/bin/../lib/gcc/arm-none-eabi/15.2.1/../../../../arm-none-eabi/lib/thumb/v8-m.main+dp/hard\libm.a(libm_a-math_errf.o)
                0x00422954                __math_invalidf
 .text.__ieee754_sqrt
                0x00422978        0x8 C:/arm-gnu-toolchain-15.2.rel1-mingw-w64-x86_64-arm-none-eabi/bin/../lib/gcc/arm-none-eabi/15.2.1/../../../../arm-none-eabi/lib/thumb/v8-m.main+dp/hard\libm.a(libm_a-e_sqrt.o)
                0x00422978                __ieee754_sqrt
 .text.__ieee754_sqrtf
                0x00422980        0x8 C:/arm-gnu-toolchain-15.2.rel1-mingw-w64-x86_64-arm-none-eabi/bin/../lib/gcc/arm-none-eabi/15.2.1/../../../../arm-none-eabi/lib/thumb/v8-m.main+dp/hard\libm.a(libm_a-ef_sqrt.o)
                0x00422980                __ieee754_sqrtf
 .text.floorf   0x00422988        0x8 C:/arm-gnu-toolchain-15.2.rel1-mingw-w64-x86_64-arm-none-eabi/bin/../lib/gcc/arm-none-eabi/15.2.1/../../../../arm-none-eabi/lib/thumb/v8-m.main+dp/hard\libm.a(libm_a-sf_floor.o)
                0x00422988                floorf
 .text.roundf   0x00422990        0x8 C:/arm-gnu-toolchain-15.2.rel1-mingw-w64-x86_64-arm-none-eabi/bin/../lib/gcc/arm-none-eabi/15.2.1/../../../../arm-none-eabi/lib/thumb/v8-m.main+dp/hard\libm.a(libm_a-sf_round.o)
                0x00422990                roundf
 .text.__ieee754_acosf
                0x00422998      0x244 C:/arm-gnu-toolchain-15.2.rel1-mingw-w64-x86_64-arm-none-eabi/bin/../lib/gcc/arm-none-eabi/15.2.1/../../../../arm-none-eabi/lib/thumb/v8-m.main+dp/hard\libm.a(libm_a-ef_acos.o)
                0x00422998                __ieee754_acosf
 .text.snprintf
                0x00422bdc       0x68 C:/arm-gnu-toolchain-15.2.rel1-mingw-w64-x86_64-arm-none-eabi/bin/../lib/gcc/arm-none-eabi/15.2.1/../../../../arm-none-eabi/lib/thumb/v8-m.main+dp/hard\libc.a(libc_a-snprintf.o)
                0x00422bdc                snprintf
 .text.memset   0x00422c44       0x88 C:/arm-gnu-toolchain-15.2.rel1-mingw-w64-x86_64-arm-none-eabi/bin/../lib/gcc/arm-none-eabi/15.2.1/../../../../arm-none-eabi/lib/thumb/v8-m.main+dp/hard\libc.a(libc_a-memset.o)
                0x00422c44                memset
 .text.strncpy  0x00422ccc       0x6c C:/arm-gnu-toolchain-15.2.rel1-mingw-w64-x86_64-arm-none-eabi/bin/../lib/gcc/arm-none-eabi/15.2.1/../../../../arm-none-eabi/lib/thumb/v8-m.main+dp/hard\libc.a(libc_a-strncpy.o)
                0x00422ccc                strncpy
 .text.__errno  0x00422d38        0xc C:/arm-gnu-toolchain-15.2.rel1-mingw-w64-x86_64-arm-none-eabi/bin/../lib/gcc/arm-none-eabi/15.2.1/../../../../arm-none-eabi/lib/thumb/v8-m.main+dp/hard\libc.a(libc_a-errno.o)
                0x00422d38                __errno
 .text.__stack_chk_fail
                0x00422d44       0x48 C:/arm-gnu-toolchain-15.2.rel1-mingw-w64-x86_64-arm-none-eabi/bin/../lib/gcc/arm-none-eabi/15.2.1/../../../../arm-none-eabi/lib/thumb/v8-m.main+dp/hard\libc.a(libc_a-stack_protector.o)
                0x00422d44                __stack_chk_fail
 .text.strlen   0x00422d8c       0x5c C:/arm-gnu-toolchain-15.2.rel1-mingw-w64-x86_64-arm-none-eabi/bin/../lib/gcc/arm-none-eabi/15.2.1/../../../../arm-none-eabi/lib/thumb/v8-m.main+dp/hard\libc.a(libc_a-strlen-stub.o)
                0x00422d8c                strlen
 .text._svfprintf_r
                0x00422de8     0x2010 C:/arm-gnu-toolchain-15.2.rel1-mingw-w64-x86_64-arm-none-eabi/bin/../lib/gcc/arm-none-eabi/15.2.1/../../../../arm-none-eabi/lib/thumb/v8-m.main+dp/hard\libc.a(libc_a-svfprintf.o)
                0x00422de8                _svfprintf_r
 .text.__ssprint_r
                0x00424df8       0x58 C:/arm-gnu-toolchain-15.2.rel1-mingw-w64-x86_64-arm-none-eabi/bin/../lib/gcc/arm-none-eabi/15.2.1/../../../../arm-none-eabi/lib/thumb/v8-m.main+dp/hard\libc.a(libc_a-ssprint_r.o)
                0x00424df8                __ssprint_r
 .text.stdio_exit_handler
                0x00424e50       0x18 C:/arm-gnu-toolchain-15.2.rel1-mingw-w64-x86_64-arm-none-eabi/bin/../lib/gcc/arm-none-eabi/15.2.1/../../../../arm-none-eabi/lib/thumb/v8-m.main+dp/hard\libc.a(libc_a-findfp.o)
 .text.cleanup_stdio
                0x00424e68       0x40 C:/arm-gnu-toolchain-15.2.rel1-mingw-w64-x86_64-arm-none-eabi/bin/../lib/gcc/arm-none-eabi/15.2.1/../../../../arm-none-eabi/lib/thumb/v8-m.main+dp/hard\libc.a(libc_a-findfp.o)
 .text.global_stdio_init.part.0
                0x00424ea8       0xf0 C:/arm-gnu-toolchain-15.2.rel1-mingw-w64-x86_64-arm-none-eabi/bin/../lib/gcc/arm-none-eabi/15.2.1/../../../../arm-none-eabi/lib/thumb/v8-m.main+dp/hard\libc.a(libc_a-findfp.o)
 .text.__sinit  0x00424f98       0x3c C:/arm-gnu-toolchain-15.2.rel1-mingw-w64-x86_64-arm-none-eabi/bin/../lib/gcc/arm-none-eabi/15.2.1/../../../../arm-none-eabi/lib/thumb/v8-m.main+dp/hard\libc.a(libc_a-findfp.o)
                0x00424f98                __sinit
 .text.__sfp_lock_acquire
                0x00424fd4        0xc C:/arm-gnu-toolchain-15.2.rel1-mingw-w64-x86_64-arm-none-eabi/bin/../lib/gcc/arm-none-eabi/15.2.1/../../../../arm-none-eabi/lib/thumb/v8-m.main+dp/hard\libc.a(libc_a-findfp.o)
                0x00424fd4                __sfp_lock_acquire
 .text.__sfp_lock_release
                0x00424fe0        0xc C:/arm-gnu-toolchain-15.2.rel1-mingw-w64-x86_64-arm-none-eabi/bin/../lib/gcc/arm-none-eabi/15.2.1/../../../../arm-none-eabi/lib/thumb/v8-m.main+dp/hard\libc.a(libc_a-findfp.o)
                0x00424fe0                __sfp_lock_release
 .text._fwalk_sglue
                0x00424fec       0x44 C:/arm-gnu-toolchain-15.2.rel1-mingw-w64-x86_64-arm-none-eabi/bin/../lib/gcc/arm-none-eabi/15.2.1/../../../../arm-none-eabi/lib/thumb/v8-m.main+dp/hard\libc.a(libc_a-fwalk.o)
                0x00424fec                _fwalk_sglue
 .text.__sread  0x00425030       0x24 C:/arm-gnu-toolchain-15.2.rel1-mingw-w64-x86_64-arm-none-eabi/bin/../lib/gcc/arm-none-eabi/15.2.1/../../../../arm-none-eabi/lib/thumb/v8-m.main+dp/hard\libc.a(libc_a-stdio.o)
                0x00425030                __sread
 .text.__swrite
                0x00425054       0x40 C:/arm-gnu-toolchain-15.2.rel1-mingw-w64-x86_64-arm-none-eabi/bin/../lib/gcc/arm-none-eabi/15.2.1/../../../../arm-none-eabi/lib/thumb/v8-m.main+dp/hard\libc.a(libc_a-stdio.o)
                0x00425054                __swrite
 .text.__sseek  0x00425094       0x28 C:/arm-gnu-toolchain-15.2.rel1-mingw-w64-x86_64-arm-none-eabi/bin/../lib/gcc/arm-none-eabi/15.2.1/../../../../arm-none-eabi/lib/thumb/v8-m.main+dp/hard\libc.a(libc_a-stdio.o)
                0x00425094                __sseek
 .text.__sclose
                0x004250bc        0x8 C:/arm-gnu-toolchain-15.2.rel1-mingw-w64-x86_64-arm-none-eabi/bin/../lib/gcc/arm-none-eabi/15.2.1/../../../../arm-none-eabi/lib/thumb/v8-m.main+dp/hard\libc.a(libc_a-stdio.o)
                0x004250bc                __sclose
 .text.raise    0x004250c4       0x64 C:/arm-gnu-toolchain-15.2.rel1-mingw-w64-x86_64-arm-none-eabi/bin/../lib/gcc/arm-none-eabi/15.2.1/../../../../arm-none-eabi/lib/thumb/v8-m.main+dp/hard\libc.a(libc_a-signal.o)
                0x004250c4                raise
 .text.__locale_mb_cur_max
                0x00425128        0xc C:/arm-gnu-toolchain-15.2.rel1-mingw-w64-x86_64-arm-none-eabi/bin/../lib/gcc/arm-none-eabi/15.2.1/../../../../arm-none-eabi/lib/thumb/v8-m.main+dp/hard\libc.a(libc_a-locale.o)
                0x00425128                __locale_mb_cur_max
 .text._localeconv_r
                0x00425134        0x8 C:/arm-gnu-toolchain-15.2.rel1-mingw-w64-x86_64-arm-none-eabi/bin/../lib/gcc/arm-none-eabi/15.2.1/../../../../arm-none-eabi/lib/thumb/v8-m.main+dp/hard\libc.a(libc_a-localeconv.o)
                0x00425134                _localeconv_r
 .text._close_r
                0x0042513c       0x24 C:/arm-gnu-toolchain-15.2.rel1-mingw-w64-x86_64-arm-none-eabi/bin/../lib/gcc/arm-none-eabi/15.2.1/../../../../arm-none-eabi/lib/thumb/v8-m.main+dp/hard\libc.a(libc_a-closer.o)
                0x0042513c                _close_r
 .text._lseek_r
                0x00425160       0x28 C:/arm-gnu-toolchain-15.2.rel1-mingw-w64-x86_64-arm-none-eabi/bin/../lib/gcc/arm-none-eabi/15.2.1/../../../../arm-none-eabi/lib/thumb/v8-m.main+dp/hard\libc.a(libc_a-lseekr.o)
                0x00425160                _lseek_r
 .text._read_r  0x00425188       0x28 C:/arm-gnu-toolchain-15.2.rel1-mingw-w64-x86_64-arm-none-eabi/bin/../lib/gcc/arm-none-eabi/15.2.1/../../../../arm-none-eabi/lib/thumb/v8-m.main+dp/hard\libc.a(libc_a-readr.o)
                0x00425188                _read_r
 .text._kill_r  0x004251b0       0x28 C:/arm-gnu-toolchain-15.2.rel1-mingw-w64-x86_64-arm-none-eabi/bin/../lib/gcc/arm-none-eabi/15.2.1/../../../../arm-none-eabi/lib/thumb/v8-m.main+dp/hard\libc.a(libc_a-signalr.o)
                0x004251b0                _kill_r
 .text._getpid_r
                0x004251d8        0x4 C:/arm-gnu-toolchain-15.2.rel1-mingw-w64-x86_64-arm-none-eabi/bin/../lib/gcc/arm-none-eabi/15.2.1/../../../../arm-none-eabi/lib/thumb/v8-m.main+dp/hard\libc.a(libc_a-signalr.o)
                0x004251d8                _getpid_r
 .text._write_r
                0x004251dc       0x28 C:/arm-gnu-toolchain-15.2.rel1-mingw-w64-x86_64-arm-none-eabi/bin/../lib/gcc/arm-none-eabi/15.2.1/../../../../arm-none-eabi/lib/thumb/v8-m.main+dp/hard\libc.a(libc_a-writer.o)
                0x004251dc                _write_r
 .text.__retarget_lock_init_recursive
                0x00425204        0x4 C:/arm-gnu-toolchain-15.2.rel1-mingw-w64-x86_64-arm-none-eabi/bin/../lib/gcc/arm-none-eabi/15.2.1/../../../../arm-none-eabi/lib/thumb/v8-m.main+dp/hard\libc.a(libc_a-lock.o)
                0x00425204                __retarget_lock_init_recursive
 .text.__retarget_lock_close_recursive
                0x00425208        0x4 C:/arm-gnu-toolchain-15.2.rel1-mingw-w64-x86_64-arm-none-eabi/bin/../lib/gcc/arm-none-eabi/15.2.1/../../../../arm-none-eabi/lib/thumb/v8-m.main+dp/hard\libc.a(libc_a-lock.o)
                0x00425208                __retarget_lock_close_recursive
 .text.__retarget_lock_acquire_recursive
                0x0042520c        0x4 C:/arm-gnu-toolchain-15.2.rel1-mingw-w64-x86_64-arm-none-eabi/bin/../lib/gcc/arm-none-eabi/15.2.1/../../../../arm-none-eabi/lib/thumb/v8-m.main+dp/hard\libc.a(libc_a-lock.o)
                0x0042520c                __retarget_lock_acquire_recursive
 .text.__retarget_lock_release_recursive
                0x00425210        0x4 C:/arm-gnu-toolchain-15.2.rel1-mingw-w64-x86_64-arm-none-eabi/bin/../lib/gcc/arm-none-eabi/15.2.1/../../../../arm-none-eabi/lib/thumb/v8-m.main+dp/hard\libc.a(libc_a-lock.o)
                0x00425210                __retarget_lock_release_recursive
 .text.write    0x00425214       0x18 C:/arm-gnu-toolchain-15.2.rel1-mingw-w64-x86_64-arm-none-eabi/bin/../lib/gcc/arm-none-eabi/15.2.1/../../../../arm-none-eabi/lib/thumb/v8-m.main+dp/hard\libc.a(libc_a-syswrite.o)
                0x00425214                write
 .text.memchr   0x0042522c       0x94 C:/arm-gnu-toolchain-15.2.rel1-mingw-w64-x86_64-arm-none-eabi/bin/../lib/gcc/arm-none-eabi/15.2.1/../../../../arm-none-eabi/lib/thumb/v8-m.main+dp/hard\libc.a(libc_a-memchr-stub.o)
                0x0042522c                memchr
 .text.frexp    0x004252c0       0x8c C:/arm-gnu-toolchain-15.2.rel1-mingw-w64-x86_64-arm-none-eabi/bin/../lib/gcc/arm-none-eabi/15.2.1/../../../../arm-none-eabi/lib/thumb/v8-m.main+dp/hard\libc.a(libm_a-s_frexp.o)
                0x004252c0                frexp
 .text.quorem   0x0042534c      0x13c C:/arm-gnu-toolchain-15.2.rel1-mingw-w64-x86_64-arm-none-eabi/bin/../lib/gcc/arm-none-eabi/15.2.1/../../../../arm-none-eabi/lib/thumb/v8-m.main+dp/hard\libc.a(libc_a-dtoa.o)
 .text._dtoa_r  0x00425488      0xe0c C:/arm-gnu-toolchain-15.2.rel1-mingw-w64-x86_64-arm-none-eabi/bin/../lib/gcc/arm-none-eabi/15.2.1/../../../../arm-none-eabi/lib/thumb/v8-m.main+dp/hard\libc.a(libc_a-dtoa.o)
                0x00425488                _dtoa_r
 .text._malloc_trim_r
                0x00426294       0xac C:/arm-gnu-toolchain-15.2.rel1-mingw-w64-x86_64-arm-none-eabi/bin/../lib/gcc/arm-none-eabi/15.2.1/../../../../arm-none-eabi/lib/thumb/v8-m.main+dp/hard\libc.a(libc_a-freer.o)
                0x00426294                _malloc_trim_r
 .text._free_r  0x00426340      0x208 C:/arm-gnu-toolchain-15.2.rel1-mingw-w64-x86_64-arm-none-eabi/bin/../lib/gcc/arm-none-eabi/15.2.1/../../../../arm-none-eabi/lib/thumb/v8-m.main+dp/hard\libc.a(libc_a-freer.o)
                0x00426340                _free_r
 .text._malloc_r
                0x00426548      0x5a8 C:/arm-gnu-toolchain-15.2.rel1-mingw-w64-x86_64-arm-none-eabi/bin/../lib/gcc/arm-none-eabi/15.2.1/../../../../arm-none-eabi/lib/thumb/v8-m.main+dp/hard\libc.a(libc_a-mallocr.o)
                0x00426548                _malloc_r
 .text.__ascii_mbtowc
                0x00426af0       0x2c C:/arm-gnu-toolchain-15.2.rel1-mingw-w64-x86_64-arm-none-eabi/bin/../lib/gcc/arm-none-eabi/15.2.1/../../../../arm-none-eabi/lib/thumb/v8-m.main+dp/hard\libc.a(libc_a-mbtowc_r.o)
                0x00426af0                __ascii_mbtowc
 .text.__malloc_lock
                0x00426b1c        0xc C:/arm-gnu-toolchain-15.2.rel1-mingw-w64-x86_64-arm-none-eabi/bin/../lib/gcc/arm-none-eabi/15.2.1/../../../../arm-none-eabi/lib/thumb/v8-m.main+dp/hard\libc.a(libc_a-mlock.o)
                0x00426b1c                __malloc_lock
 .text.__malloc_unlock
                0x00426b28        0xc C:/arm-gnu-toolchain-15.2.rel1-mingw-w64-x86_64-arm-none-eabi/bin/../lib/gcc/arm-none-eabi/15.2.1/../../../../arm-none-eabi/lib/thumb/v8-m.main+dp/hard\libc.a(libc_a-mlock.o)
                0x00426b28                __malloc_unlock
 .text._Balloc  0x00426b34       0x4c C:/arm-gnu-toolchain-15.2.rel1-mingw-w64-x86_64-arm-none-eabi/bin/../lib/gcc/arm-none-eabi/15.2.1/../../../../arm-none-eabi/lib/thumb/v8-m.main+dp/hard\libc.a(libc_a-mprec.o)
                0x00426b34                _Balloc
 .text._Bfree   0x00426b80       0x14 C:/arm-gnu-toolchain-15.2.rel1-mingw-w64-x86_64-arm-none-eabi/bin/../lib/gcc/arm-none-eabi/15.2.1/../../../../arm-none-eabi/lib/thumb/v8-m.main+dp/hard\libc.a(libc_a-mprec.o)
                0x00426b80                _Bfree
 .text.__multadd
                0x00426b94       0xa8 C:/arm-gnu-toolchain-15.2.rel1-mingw-w64-x86_64-arm-none-eabi/bin/../lib/gcc/arm-none-eabi/15.2.1/../../../../arm-none-eabi/lib/thumb/v8-m.main+dp/hard\libc.a(libc_a-mprec.o)
                0x00426b94                __multadd
 .text.__hi0bits
                0x00426c3c       0x54 C:/arm-gnu-toolchain-15.2.rel1-mingw-w64-x86_64-arm-none-eabi/bin/../lib/gcc/arm-none-eabi/15.2.1/../../../../arm-none-eabi/lib/thumb/v8-m.main+dp/hard\libc.a(libc_a-mprec.o)
                0x00426c3c                __hi0bits
 .text.__lo0bits
                0x00426c90       0x80 C:/arm-gnu-toolchain-15.2.rel1-mingw-w64-x86_64-arm-none-eabi/bin/../lib/gcc/arm-none-eabi/15.2.1/../../../../arm-none-eabi/lib/thumb/v8-m.main+dp/hard\libc.a(libc_a-mprec.o)
                0x00426c90                __lo0bits
 .text.__i2b    0x00426d10       0x5c C:/arm-gnu-toolchain-15.2.rel1-mingw-w64-x86_64-arm-none-eabi/bin/../lib/gcc/arm-none-eabi/15.2.1/../../../../arm-none-eabi/lib/thumb/v8-m.main+dp/hard\libc.a(libc_a-mprec.o)
                0x00426d10                __i2b
 .text.__multiply
                0x00426d6c      0x188 C:/arm-gnu-toolchain-15.2.rel1-mingw-w64-x86_64-arm-none-eabi/bin/../lib/gcc/arm-none-eabi/15.2.1/../../../../arm-none-eabi/lib/thumb/v8-m.main+dp/hard\libc.a(libc_a-mprec.o)
                0x00426d6c                __multiply
 .text.__pow5mult
                0x00426ef4       0xb8 C:/arm-gnu-toolchain-15.2.rel1-mingw-w64-x86_64-arm-none-eabi/bin/../lib/gcc/arm-none-eabi/15.2.1/../../../../arm-none-eabi/lib/thumb/v8-m.main+dp/hard\libc.a(libc_a-mprec.o)
                0x00426ef4                __pow5mult
 .text.__lshift
                0x00426fac       0xe4 C:/arm-gnu-toolchain-15.2.rel1-mingw-w64-x86_64-arm-none-eabi/bin/../lib/gcc/arm-none-eabi/15.2.1/../../../../arm-none-eabi/lib/thumb/v8-m.main+dp/hard\libc.a(libc_a-mprec.o)
                0x00426fac                __lshift
 .text.__mcmp   0x00427090       0x40 C:/arm-gnu-toolchain-15.2.rel1-mingw-w64-x86_64-arm-none-eabi/bin/../lib/gcc/arm-none-eabi/15.2.1/../../../../arm-none-eabi/lib/thumb/v8-m.main+dp/hard\libc.a(libc_a-mprec.o)
                0x00427090                __mcmp
 .text.__mdiff  0x004270d0      0x188 C:/arm-gnu-toolchain-15.2.rel1-mingw-w64-x86_64-arm-none-eabi/bin/../lib/gcc/arm-none-eabi/15.2.1/../../../../arm-none-eabi/lib/thumb/v8-m.main+dp/hard\libc.a(libc_a-mprec.o)
                0x004270d0                __mdiff
 .text.__d2b    0x00427258       0xc0 C:/arm-gnu-toolchain-15.2.rel1-mingw-w64-x86_64-arm-none-eabi/bin/../lib/gcc/arm-none-eabi/15.2.1/../../../../arm-none-eabi/lib/thumb/v8-m.main+dp/hard\libc.a(libc_a-mprec.o)
                0x00427258                __d2b
 .text.__ascii_wctomb
                0x00427318       0x20 C:/arm-gnu-toolchain-15.2.rel1-mingw-w64-x86_64-arm-none-eabi/bin/../lib/gcc/arm-none-eabi/15.2.1/../../../../arm-none-eabi/lib/thumb/v8-m.main+dp/hard\libc.a(libc_a-wctomb_r.o)
                0x00427318                __ascii_wctomb
 .text._wcrtomb_r
                0x00427338       0x50 C:/arm-gnu-toolchain-15.2.rel1-mingw-w64-x86_64-arm-none-eabi/bin/../lib/gcc/arm-none-eabi/15.2.1/../../../../arm-none-eabi/lib/thumb/v8-m.main+dp/hard\libc.a(libc_a-wcrtomb.o)
                0x00427338                _wcrtomb_r
 .text._wcsrtombs_r
                0x00427388       0x18 C:/arm-gnu-toolchain-15.2.rel1-mingw-w64-x86_64-arm-none-eabi/bin/../lib/gcc/arm-none-eabi/15.2.1/../../../../arm-none-eabi/lib/thumb/v8-m.main+dp/hard\libc.a(libc_a-wcsrtombs.o)
                0x00427388                _wcsrtombs_r
 .text.__ssputs_r
                0x004273a0       0xcc C:/arm-gnu-toolchain-15.2.rel1-mingw-w64-x86_64-arm-none-eabi/bin/../lib/gcc/arm-none-eabi/15.2.1/../../../../arm-none-eabi/lib/thumb/v8-m.main+dp/hard\libc.a(libc_a-ssputs_r.o)
                0x004273a0                __ssputs_r
 .text._fclose_r
                0x0042746c       0xc4 C:/arm-gnu-toolchain-15.2.rel1-mingw-w64-x86_64-arm-none-eabi/bin/../lib/gcc/arm-none-eabi/15.2.1/../../../../arm-none-eabi/lib/thumb/v8-m.main+dp/hard\libc.a(libc_a-fclose.o)
                0x0042746c                _fclose_r
 .text.__sflush_r
                0x00427530      0x134 C:/arm-gnu-toolchain-15.2.rel1-mingw-w64-x86_64-arm-none-eabi/bin/../lib/gcc/arm-none-eabi/15.2.1/../../../../arm-none-eabi/lib/thumb/v8-m.main+dp/hard\libc.a(libc_a-fflush.o)
                0x00427530                __sflush_r
 .text._fflush_r
                0x00427664       0x70 C:/arm-gnu-toolchain-15.2.rel1-mingw-w64-x86_64-arm-none-eabi/bin/../lib/gcc/arm-none-eabi/15.2.1/../../../../arm-none-eabi/lib/thumb/v8-m.main+dp/hard\libc.a(libc_a-fflush.o)
                0x00427664                _fflush_r
 .text.memmove  0x004276d4      0x124 C:/arm-gnu-toolchain-15.2.rel1-mingw-w64-x86_64-arm-none-eabi/bin/../lib/gcc/arm-none-eabi/15.2.1/../../../../arm-none-eabi/lib/thumb/v8-m.main+dp/hard\libc.a(libc_a-memmove.o)
                0x004276d4                memmove
 .text._sbrk_r  0x004277f8       0x24 C:/arm-gnu-toolchain-15.2.rel1-mingw-w64-x86_64-arm-none-eabi/bin/../lib/gcc/arm-none-eabi/15.2.1/../../../../arm-none-eabi/lib/thumb/v8-m.main+dp/hard\libc.a(libc_a-sbrkr.o)
                0x004277f8                _sbrk_r
 .text.sysconf  0x0042781c       0x1c C:/arm-gnu-toolchain-15.2.rel1-mingw-w64-x86_64-arm-none-eabi/bin/../lib/gcc/arm-none-eabi/15.2.1/../../../../arm-none-eabi/lib/thumb/v8-m.main+dp/hard\libc.a(libc_a-sysconf.o)
                0x0042781c                sysconf
 .text.__assert_func
                0x00427838       0x44 C:/arm-gnu-toolchain-15.2.rel1-mingw-w64-x86_64-arm-none-eabi/bin/../lib/gcc/arm-none-eabi/15.2.1/../../../../arm-none-eabi/lib/thumb/v8-m.main+dp/hard\libc.a(libc_a-assert.o)
                0x00427838                __assert_func
 .text._calloc_r
                0x0042787c       0x7c C:/arm-gnu-toolchain-15.2.rel1-mingw-w64-x86_64-arm-none-eabi/bin/../lib/gcc/arm-none-eabi/15.2.1/../../../../arm-none-eabi/lib/thumb/v8-m.main+dp/hard\libc.a(libc_a-callocr.o)
                0x0042787c                _calloc_r
 .text._realloc_r
                0x004278f8      0x364 C:/arm-gnu-toolchain-15.2.rel1-mingw-w64-x86_64-arm-none-eabi/bin/../lib/gcc/arm-none-eabi/15.2.1/../../../../arm-none-eabi/lib/thumb/v8-m.main+dp/hard\libc.a(libc_a-reallocr.o)
                0x004278f8                _realloc_r
 .text._wcsnrtombs_l
                0x00427c5c       0xfc C:/arm-gnu-toolchain-15.2.rel1-mingw-w64-x86_64-arm-none-eabi/bin/../lib/gcc/arm-none-eabi/15.2.1/../../../../arm-none-eabi/lib/thumb/v8-m.main+dp/hard\libc.a(libc_a-wcsnrtombs.o)
                0x00427c5c                _wcsnrtombs_l
 .text._wcsnrtombs_r
                0x00427d58       0x28 C:/arm-gnu-toolchain-15.2.rel1-mingw-w64-x86_64-arm-none-eabi/bin/../lib/gcc/arm-none-eabi/15.2.1/../../../../arm-none-eabi/lib/thumb/v8-m.main+dp/hard\libc.a(libc_a-wcsnrtombs.o)
                0x00427d58                _wcsnrtombs_r
 .text.fiprintf
                0x00427d80       0x28 C:/arm-gnu-toolchain-15.2.rel1-mingw-w64-x86_64-arm-none-eabi/bin/../lib/gcc/arm-none-eabi/15.2.1/../../../../arm-none-eabi/lib/thumb/v8-m.main+dp/hard\libc.a(libc_a-fiprintf.o)
                0x00427d80                fiprintf
 .text._vfiprintf_r
                0x00427da8     0x11ac C:/arm-gnu-toolchain-15.2.rel1-mingw-w64-x86_64-arm-none-eabi/bin/../lib/gcc/arm-none-eabi/15.2.1/../../../../arm-none-eabi/lib/thumb/v8-m.main+dp/hard\libc.a(libc_a-vfiprintf.o)
                0x00427da8                _vfiprintf_r
 .text.__sbprintf
                0x00428f54       0x80 C:/arm-gnu-toolchain-15.2.rel1-mingw-w64-x86_64-arm-none-eabi/bin/../lib/gcc/arm-none-eabi/15.2.1/../../../../arm-none-eabi/lib/thumb/v8-m.main+dp/hard\libc.a(libc_a-vfiprintf.o)
 .text.__sprint_r
                0x00428fd4       0x20 C:/arm-gnu-toolchain-15.2.rel1-mingw-w64-x86_64-arm-none-eabi/bin/../lib/gcc/arm-none-eabi/15.2.1/../../../../arm-none-eabi/lib/thumb/v8-m.main+dp/hard\libc.a(libc_a-sprint_r.o)
                0x00428fd4                __sprint_r
 .text.__sfvwrite_r
                0x00428ff4      0x2f4 C:/arm-gnu-toolchain-15.2.rel1-mingw-w64-x86_64-arm-none-eabi/bin/../lib/gcc/arm-none-eabi/15.2.1/../../../../arm-none-eabi/lib/thumb/v8-m.main+dp/hard\libc.a(libc_a-fvwrite.o)
                0x00428ff4                __sfvwrite_r
 .text.__swsetup_r
                0x004292e8       0xdc C:/arm-gnu-toolchain-15.2.rel1-mingw-w64-x86_64-arm-none-eabi/bin/../lib/gcc/arm-none-eabi/15.2.1/../../../../arm-none-eabi/lib/thumb/v8-m.main+dp/hard\libc.a(libc_a-wsetup.o)
                0x004292e8                __swsetup_r
 .text.abort    0x004293c4       0x10 C:/arm-gnu-toolchain-15.2.rel1-mingw-w64-x86_64-arm-none-eabi/bin/../lib/gcc/arm-none-eabi/15.2.1/../../../../arm-none-eabi/lib/thumb/v8-m.main+dp/hard\libc.a(libc_a-abort.o)
                0x004293c4                abort
 .text.__smakebuf_r
                0x004293d4       0xe8 C:/arm-gnu-toolchain-15.2.rel1-mingw-w64-x86_64-arm-none-eabi/bin/../lib/gcc/arm-none-eabi/15.2.1/../../../../arm-none-eabi/lib/thumb/v8-m.main+dp/hard\libc.a(libc_a-makebuf.o)
                0x004293d4                __smakebuf_r
 .text._fstat_r
                0x004294bc       0x28 C:/arm-gnu-toolchain-15.2.rel1-mingw-w64-x86_64-arm-none-eabi/bin/../lib/gcc/arm-none-eabi/15.2.1/../../../../arm-none-eabi/lib/thumb/v8-m.main+dp/hard\libc.a(libc_a-fstatr.o)
                0x004294bc                _fstat_r
 .text._isatty_r
                0x004294e4       0x24 C:/arm-gnu-toolchain-15.2.rel1-mingw-w64-x86_64-arm-none-eabi/bin/../lib/gcc/arm-none-eabi/15.2.1/../../../../arm-none-eabi/lib/thumb/v8-m.main+dp/hard\libc.a(libc_a-isattyr.o)
                0x004294e4                _isatty_r
 .text.am_hal_cachectrl_icache_enable
                0x00429508       0x44 ../../../../../../mcu/apollo510/hal/mcu/gcc/bin/libam_hal.a(am_hal_cachectrl.o)
                0x00429508                am_hal_cachectrl_icache_enable
 .text.am_hal_cachectrl_icache_disable
                0x0042954c       0x34 ../../../../../../mcu/apollo510/hal/mcu/gcc/bin/libam_hal.a(am_hal_cachectrl.o)
                0x0042954c                am_hal_cachectrl_icache_disable
 .text.am_hal_cachectrl_dcache_enable
                0x00429580       0xf8 ../../../../../../mcu/apollo510/hal/mcu/gcc/bin/libam_hal.a(am_hal_cachectrl.o)
                0x00429580                am_hal_cachectrl_dcache_enable
 .text.am_hal_cachectrl_dcache_invalidate
                0x00429678      0x12c ../../../../../../mcu/apollo510/hal/mcu/gcc/bin/libam_hal.a(am_hal_cachectrl.o)
                0x00429678                am_hal_cachectrl_dcache_invalidate
 .text.am_hal_clkgen_control
                0x004297a4      0x318 ../../../../../../mcu/apollo510/hal/mcu/gcc/bin/libam_hal.a(am_hal_clkgen.o)
                0x004297a4                am_hal_clkgen_control
 .text.am_hal_clkgen_hfrc2adj_ratio_calculate
                0x00429abc       0x34 ../../../../../../mcu/apollo510/hal/mcu/gcc/bin/libam_hal.a(am_hal_clkgen.o)
                0x00429abc                am_hal_clkgen_hfrc2adj_ratio_calculate
 .text.am_hal_clkgen_hfrcadj_target_calculate
                0x00429af0        0xc ../../../../../../mcu/apollo510/hal/mcu/gcc/bin/libam_hal.a(am_hal_clkgen.o)
                0x00429af0                am_hal_clkgen_hfrcadj_target_calculate
 .text.am_hal_clkgen_private_hfrc_force_on
                0x00429afc       0x14 ../../../../../../mcu/apollo510/hal/mcu/gcc/bin/libam_hal.a(am_hal_clkgen.o)
                0x00429afc                am_hal_clkgen_private_hfrc_force_on
 .text.am_hal_clkgen_private_hfadj_apply
                0x00429b10       0x10 ../../../../../../mcu/apollo510/hal/mcu/gcc/bin/libam_hal.a(am_hal_clkgen.o)
                0x00429b10                am_hal_clkgen_private_hfadj_apply
 .text.am_hal_clkgen_private_hfadj_disable
                0x00429b20       0x10 ../../../../../../mcu/apollo510/hal/mcu/gcc/bin/libam_hal.a(am_hal_clkgen.o)
                0x00429b20                am_hal_clkgen_private_hfadj_disable
 .text.am_hal_clkgen_private_hfrc2_force_on
                0x00429b30       0x44 ../../../../../../mcu/apollo510/hal/mcu/gcc/bin/libam_hal.a(am_hal_clkgen.o)
                0x00429b30                am_hal_clkgen_private_hfrc2_force_on
 .text.am_hal_clkgen_private_hf2adj_apply
                0x00429b74       0x44 ../../../../../../mcu/apollo510/hal/mcu/gcc/bin/libam_hal.a(am_hal_clkgen.o)
                0x00429b74                am_hal_clkgen_private_hf2adj_apply
 .text.am_hal_clkgen_private_hf2adj_disable
                0x00429bb8       0x10 ../../../../../../mcu/apollo510/hal/mcu/gcc/bin/libam_hal.a(am_hal_clkgen.o)
                0x00429bb8                am_hal_clkgen_private_hf2adj_disable
 .text.am_hal_clkmgr_request_XTAL_HS
                0x00429bc8      0x178 ../../../../../../mcu/apollo510/hal/mcu/gcc/bin/libam_hal.a(am_hal_clkmgr.o)
 .text.am_hal_clkmgr_request_EXTREF_CLK
                0x00429d40      0x148 ../../../../../../mcu/apollo510/hal/mcu/gcc/bin/libam_hal.a(am_hal_clkmgr.o)
 .text.am_hal_clkmgr_config_HFRC
                0x00429e88      0x1b8 ../../../../../../mcu/apollo510/hal/mcu/gcc/bin/libam_hal.a(am_hal_clkmgr.o)
 .text.am_hal_clkmgr_clock_config
                0x0042a040      0x5f4 ../../../../../../mcu/apollo510/hal/mcu/gcc/bin/libam_hal.a(am_hal_clkmgr.o)
                0x0042a040                am_hal_clkmgr_clock_config
 .text.am_hal_clkmgr_clock_request
                0x0042a634      0x8c8 ../../../../../../mcu/apollo510/hal/mcu/gcc/bin/libam_hal.a(am_hal_clkmgr.o)
                0x0042a634                am_hal_clkmgr_clock_request
 .text.am_hal_clkmgr_clock_release
                0x0042aefc      0x3a0 ../../../../../../mcu/apollo510/hal/mcu/gcc/bin/libam_hal.a(am_hal_clkmgr.o)
                0x0042aefc                am_hal_clkmgr_clock_release
 .text.am_hal_clkmgr_clock_release_all
                0x0042b29c       0xbc ../../../../../../mcu/apollo510/hal/mcu/gcc/bin/libam_hal.a(am_hal_clkmgr.o)
                0x0042b29c                am_hal_clkmgr_clock_release_all
 .text.am_hal_clkmgr_board_info_set
                0x0042b358       0x38 ../../../../../../mcu/apollo510/hal/mcu/gcc/bin/libam_hal.a(am_hal_clkmgr.o)
                0x0042b358                am_hal_clkmgr_board_info_set
 .text.am_hal_clkmgr_board_info_get
                0x0042b390       0x38 ../../../../../../mcu/apollo510/hal/mcu/gcc/bin/libam_hal.a(am_hal_clkmgr.o)
                0x0042b390                am_hal_clkmgr_board_info_get
 .text.am_hal_clkmgr_private_clkgen_hfadj_apply
                0x0042b3c8      0x1c8 ../../../../../../mcu/apollo510/hal/mcu/gcc/bin/libam_hal.a(am_hal_clkmgr.o)
                0x0042b3c8                am_hal_clkmgr_private_clkgen_hfadj_apply
 .text.am_hal_clkmgr_private_clkgen_hfadj_disable
                0x0042b590       0xd0 ../../../../../../mcu/apollo510/hal/mcu/gcc/bin/libam_hal.a(am_hal_clkmgr.o)
                0x0042b590                am_hal_clkmgr_private_clkgen_hfadj_disable
 .text.am_hal_clkmgr_private_clkgen_hf2adj_apply
                0x0042b660       0xe0 ../../../../../../mcu/apollo510/hal/mcu/gcc/bin/libam_hal.a(am_hal_clkmgr.o)
                0x0042b660                am_hal_clkmgr_private_clkgen_hf2adj_apply
 .text.am_hal_clkmgr_private_clkgen_hf2adj_disable
                0x0042b740      0x36c ../../../../../../mcu/apollo510/hal/mcu/gcc/bin/libam_hal.a(am_hal_clkmgr.o)
                0x0042b740                am_hal_clkmgr_private_clkgen_hf2adj_disable
 .text.am_timer15_isr
                0x0042baac        0x4 ../../../../../../mcu/apollo510/hal/mcu/gcc/bin/libam_hal.a(am_hal_global.o)
                0x0042baac                am_timer15_isr
 .text._exit    0x0042bab0        0x4 ../../../../../../mcu/apollo510/hal/mcu/gcc/bin/libam_hal.a(am_hal_global.o)
                0x0042bab0                _exit
 .text._kill    0x0042bab4        0x4 ../../../../../../mcu/apollo510/hal/mcu/gcc/bin/libam_hal.a(am_hal_global.o)
                0x0042bab4                _kill
 .text._write   0x0042bab8        0x4 ../../../../../../mcu/apollo510/hal/mcu/gcc/bin/libam_hal.a(am_hal_global.o)
                0x0042bab8                _write
 .text._getpid  0x0042babc        0x4 ../../../../../../mcu/apollo510/hal/mcu/gcc/bin/libam_hal.a(am_hal_global.o)
                0x0042babc                _getpid
 .text._close   0x0042bac0        0x4 ../../../../../../mcu/apollo510/hal/mcu/gcc/bin/libam_hal.a(am_hal_global.o)
                0x0042bac0                _close
 .text._lseek   0x0042bac4        0x4 ../../../../../../mcu/apollo510/hal/mcu/gcc/bin/libam_hal.a(am_hal_global.o)
                0x0042bac4                _lseek
 .text._read    0x0042bac8        0x4 ../../../../../../mcu/apollo510/hal/mcu/gcc/bin/libam_hal.a(am_hal_global.o)
                0x0042bac8                _read
 .text._sbrk    0x0042bacc        0x4 ../../../../../../mcu/apollo510/hal/mcu/gcc/bin/libam_hal.a(am_hal_global.o)
                0x0042bacc                _sbrk
 .text._fstat   0x0042bad0        0x4 ../../../../../../mcu/apollo510/hal/mcu/gcc/bin/libam_hal.a(am_hal_global.o)
                0x0042bad0                _fstat
 .text._isatty  0x0042bad4        0x4 ../../../../../../mcu/apollo510/hal/mcu/gcc/bin/libam_hal.a(am_hal_global.o)
                0x0042bad4                _isatty
 .text.am_hal_gpio_pinconfig_get
                0x0042bad8       0x20 ../../../../../../mcu/apollo510/hal/mcu/gcc/bin/libam_hal.a(am_hal_gpio.o)
                0x0042bad8                am_hal_gpio_pinconfig_get
 .text.am_hal_gpio_pinconfig
                0x0042baf8       0x90 ../../../../../../mcu/apollo510/hal/mcu/gcc/bin/libam_hal.a(am_hal_gpio.o)
                0x0042baf8                am_hal_gpio_pinconfig
 .text.am_hal_gpio_state_write
                0x0042bb88       0xe0 ../../../../../../mcu/apollo510/hal/mcu/gcc/bin/libam_hal.a(am_hal_gpio.o)
                0x0042bb88                am_hal_gpio_state_write
 .text.am_hal_interrupt_master_enable
                0x0042bc68        0x8 ../../../../../../mcu/apollo510/hal/mcu/gcc/bin/libam_hal.a(am_hal_interrupt.o)
                0x0042bc68                am_hal_interrupt_master_enable
 .text.am_hal_interrupt_master_disable
                0x0042bc70        0x8 ../../../../../../mcu/apollo510/hal/mcu/gcc/bin/libam_hal.a(am_hal_interrupt.o)
                0x0042bc70                am_hal_interrupt_master_disable
 .text.am_hal_interrupt_master_set
                0x0042bc78        0x8 ../../../../../../mcu/apollo510/hal/mcu/gcc/bin/libam_hal.a(am_hal_interrupt.o)
                0x0042bc78                am_hal_interrupt_master_set
 .text.internal_iom_reset_on_error
                0x0042bc80      0x10c ../../../../../../mcu/apollo510/hal/mcu/gcc/bin/libam_hal.a(am_hal_iom.o)
 .text.iom_clock_selector.part.0
                0x0042bd8c      0x34c ../../../../../../mcu/apollo510/hal/mcu/gcc/bin/libam_hal.a(am_hal_iom.o)
 .text.iom_get_interface_clock_cfg
                0x0042c0d8      0x6dc ../../../../../../mcu/apollo510/hal/mcu/gcc/bin/libam_hal.a(am_hal_iom.o)
                0x0042c0d8                iom_get_interface_clock_cfg
 .text.am_hal_iom_initialize
                0x0042c7b4       0x50 ../../../../../../mcu/apollo510/hal/mcu/gcc/bin/libam_hal.a(am_hal_iom.o)
                0x0042c7b4                am_hal_iom_initialize
 .text.am_hal_iom_enable
                0x0042c804      0x130 ../../../../../../mcu/apollo510/hal/mcu/gcc/bin/libam_hal.a(am_hal_iom.o)
                0x0042c804                am_hal_iom_enable
 .text.am_hal_iom_disable
                0x0042c934       0x6c ../../../../../../mcu/apollo510/hal/mcu/gcc/bin/libam_hal.a(am_hal_iom.o)
                0x0042c934                am_hal_iom_disable
 .text.am_hal_iom_power_ctrl
                0x0042c9a0      0x218 ../../../../../../mcu/apollo510/hal/mcu/gcc/bin/libam_hal.a(am_hal_iom.o)
                0x0042c9a0                am_hal_iom_power_ctrl
 .text.am_hal_iom_configure
                0x0042cbb8      0x154 ../../../../../../mcu/apollo510/hal/mcu/gcc/bin/libam_hal.a(am_hal_iom.o)
                0x0042cbb8                am_hal_iom_configure
 .text.am_hal_iom_blocking_transfer
                0x0042cd0c      0x360 ../../../../../../mcu/apollo510/hal/mcu/gcc/bin/libam_hal.a(am_hal_iom.o)
                0x0042cd0c                am_hal_iom_blocking_transfer
 .text.am_hal_iom_spi_blocking_fullduplex
                0x0042d06c      0x344 ../../../../../../mcu/apollo510/hal/mcu/gcc/bin/libam_hal.a(am_hal_iom.o)
                0x0042d06c                am_hal_iom_spi_blocking_fullduplex
 .text.am_hal_mcuctrl_control
                0x0042d3b0      0x2c4 ../../../../../../mcu/apollo510/hal/mcu/gcc/bin/libam_hal.a(am_hal_mcuctrl.o)
                0x0042d3b0                am_hal_mcuctrl_control
 .text.am_hal_mcuctrl_extclk32m_status_get
                0x0042d674       0x20 ../../../../../../mcu/apollo510/hal/mcu/gcc/bin/libam_hal.a(am_hal_mcuctrl.o)
                0x0042d674                am_hal_mcuctrl_extclk32m_status_get
 .text.am_hal_pwrctrl_gpu_mode_select
                0x0042d694       0xd8 ../../../../../../mcu/apollo510/hal/mcu/gcc/bin/libam_hal.a(am_hal_pwrctrl.o)
                0x0042d694                am_hal_pwrctrl_gpu_mode_select
 .text.am_hal_pwrctrl_mcu_memory_config
                0x0042d76c      0x190 ../../../../../../mcu/apollo510/hal/mcu/gcc/bin/libam_hal.a(am_hal_pwrctrl.o)
                0x0042d76c                am_hal_pwrctrl_mcu_memory_config
 .text.am_hal_pwrctrl_sram_config
                0x0042d8fc       0xfc ../../../../../../mcu/apollo510/hal/mcu/gcc/bin/libam_hal.a(am_hal_pwrctrl.o)
                0x0042d8fc                am_hal_pwrctrl_sram_config
 .text.am_hal_pwrctrl_periph_enable
                0x0042d9f8      0x170 ../../../../../../mcu/apollo510/hal/mcu/gcc/bin/libam_hal.a(am_hal_pwrctrl.o)
                0x0042d9f8                am_hal_pwrctrl_periph_enable
 .text.am_hal_pwrctrl_periph_disable
                0x0042db68      0x1bc ../../../../../../mcu/apollo510/hal/mcu/gcc/bin/libam_hal.a(am_hal_pwrctrl.o)
                0x0042db68                am_hal_pwrctrl_periph_disable
 .text.am_hal_pwrctrl_periph_enabled
                0x0042dd24       0x2c ../../../../../../mcu/apollo510/hal/mcu/gcc/bin/libam_hal.a(am_hal_pwrctrl.o)
                0x0042dd24                am_hal_pwrctrl_periph_enabled
 .text.am_hal_pwrctrl_low_power_init
                0x0042dd50      0x46c ../../../../../../mcu/apollo510/hal/mcu/gcc/bin/libam_hal.a(am_hal_pwrctrl.o)
                0x0042dd50                am_hal_pwrctrl_low_power_init
 .text.buck_ldo_update_override
                0x0042e1bc       0x20 ../../../../../../mcu/apollo510/hal/mcu/gcc/bin/libam_hal.a(am_hal_pwrctrl.o)
                0x0042e1bc                buck_ldo_update_override
 .text.am_hal_pwrctrl_control
                0x0042e1dc      0x1cc ../../../../../../mcu/apollo510/hal/mcu/gcc/bin/libam_hal.a(am_hal_pwrctrl.o)
                0x0042e1dc                am_hal_pwrctrl_control
 .text.am_hal_pwrctrl_pwrmodctl_cpdlp_config
                0x0042e3a8       0x40 ../../../../../../mcu/apollo510/hal/mcu/gcc/bin/libam_hal.a(am_hal_pwrctrl.o)
                0x0042e3a8                am_hal_pwrctrl_pwrmodctl_cpdlp_config
 .text.am_hal_pwrctrl_pwrmodctl_cpdlp_get
                0x0042e3e8       0x1c ../../../../../../mcu/apollo510/hal/mcu/gcc/bin/libam_hal.a(am_hal_pwrctrl.o)
                0x0042e3e8                am_hal_pwrctrl_pwrmodctl_cpdlp_get
 .text.am_hal_pwrctrl_temp_update
                0x0042e404       0x30 ../../../../../../mcu/apollo510/hal/mcu/gcc/bin/libam_hal.a(am_hal_pwrctrl.o)
                0x0042e404                am_hal_pwrctrl_temp_update
 .text.am_hal_pwrctrl_syspll_enable
                0x0042e434       0x5c ../../../../../../mcu/apollo510/hal/mcu/gcc/bin/libam_hal.a(am_hal_pwrctrl.o)
                0x0042e434                am_hal_pwrctrl_syspll_enable
 .text.am_hal_pwrctrl_syspll_disable
                0x0042e490       0x50 ../../../../../../mcu/apollo510/hal/mcu/gcc/bin/libam_hal.a(am_hal_pwrctrl.o)
                0x0042e490                am_hal_pwrctrl_syspll_disable
 .text.am_hal_pwrctrl_syspll_enabled
                0x0042e4e0       0x1c ../../../../../../mcu/apollo510/hal/mcu/gcc/bin/libam_hal.a(am_hal_pwrctrl.o)
                0x0042e4e0                am_hal_pwrctrl_syspll_enabled
 .text.am_hal_rtc_osc_enable
                0x0042e4fc       0x14 ../../../../../../mcu/apollo510/hal/mcu/gcc/bin/libam_hal.a(am_hal_rtc.o)
                0x0042e4fc                am_hal_rtc_osc_enable
 .text.am_hal_rtc_time_set
                0x0042e510      0x154 ../../../../../../mcu/apollo510/hal/mcu/gcc/bin/libam_hal.a(am_hal_rtc.o)
                0x0042e510                am_hal_rtc_time_set
 .text.am_hal_rtc_time_get
                0x0042e664      0x150 ../../../../../../mcu/apollo510/hal/mcu/gcc/bin/libam_hal.a(am_hal_rtc.o)
                0x0042e664                am_hal_rtc_time_get
 .text.am_hal_rtc_osc_select
                0x0042e7b4       0x24 ../../../../../../mcu/apollo510/hal/mcu/gcc/bin/libam_hal.a(am_hal_rtc.o)
                0x0042e7b4                am_hal_rtc_osc_select
 .text.am_hal_spotmgr_timer_init
                0x0042e7d8       0x48 ../../../../../../mcu/apollo510/hal/mcu/gcc/bin/libam_hal.a(am_hal_spotmgr.o)
                0x0042e7d8                am_hal_spotmgr_timer_init
 .text.am_hal_spotmgr_timer_start
                0x0042e820       0x5c ../../../../../../mcu/apollo510/hal/mcu/gcc/bin/libam_hal.a(am_hal_spotmgr.o)
                0x0042e820                am_hal_spotmgr_timer_start
 .text.am_hal_spotmgr_timer_restart
                0x0042e87c       0x60 ../../../../../../mcu/apollo510/hal/mcu/gcc/bin/libam_hal.a(am_hal_spotmgr.o)
                0x0042e87c                am_hal_spotmgr_timer_restart
 .text.am_hal_spotmgr_timer_stop
                0x0042e8dc       0x4c ../../../../../../mcu/apollo510/hal/mcu/gcc/bin/libam_hal.a(am_hal_spotmgr.o)
                0x0042e8dc                am_hal_spotmgr_timer_stop
 .text.am_hal_spotmgr_power_state_update
                0x0042e928       0x10 ../../../../../../mcu/apollo510/hal/mcu/gcc/bin/libam_hal.a(am_hal_spotmgr.o)
                0x0042e928                am_hal_spotmgr_power_state_update
 .text.am_hal_spotmgr_tempco_postpone
                0x0042e938       0x10 ../../../../../../mcu/apollo510/hal/mcu/gcc/bin/libam_hal.a(am_hal_spotmgr.o)
                0x0042e938                am_hal_spotmgr_tempco_postpone
 .text.am_hal_spotmgr_tempco_pending_handle
                0x0042e948       0x10 ../../../../../../mcu/apollo510/hal/mcu/gcc/bin/libam_hal.a(am_hal_spotmgr.o)
                0x0042e948                am_hal_spotmgr_tempco_pending_handle
 .text.am_hal_spotmgr_simobuck_init_bfr_ovr
                0x0042e958       0x10 ../../../../../../mcu/apollo510/hal/mcu/gcc/bin/libam_hal.a(am_hal_spotmgr.o)
                0x0042e958                am_hal_spotmgr_simobuck_init_bfr_ovr
 .text.am_hal_spotmgr_simobuck_init_bfr_enable
                0x0042e968       0x10 ../../../../../../mcu/apollo510/hal/mcu/gcc/bin/libam_hal.a(am_hal_spotmgr.o)
                0x0042e968                am_hal_spotmgr_simobuck_init_bfr_enable
 .text.am_hal_spotmgr_simobuck_init_aft_enable
                0x0042e978       0x10 ../../../../../../mcu/apollo510/hal/mcu/gcc/bin/libam_hal.a(am_hal_spotmgr.o)
                0x0042e978                am_hal_spotmgr_simobuck_init_aft_enable
 .text.am_hal_spotmgr_boost_timer_interrupt_service
                0x0042e988       0x10 ../../../../../../mcu/apollo510/hal/mcu/gcc/bin/libam_hal.a(am_hal_spotmgr.o)
                0x0042e988                am_hal_spotmgr_boost_timer_interrupt_service
 .text.am_hal_spotmgr_ton_config_init
                0x0042e998       0x10 ../../../../../../mcu/apollo510/hal/mcu/gcc/bin/libam_hal.a(am_hal_spotmgr.o)
                0x0042e998                am_hal_spotmgr_ton_config_init
 .text.am_hal_spotmgr_ton_config_update
                0x0042e9a8       0x10 ../../../../../../mcu/apollo510/hal/mcu/gcc/bin/libam_hal.a(am_hal_spotmgr.o)
                0x0042e9a8                am_hal_spotmgr_ton_config_update
 .text.am_hal_spotmgr_simobuck_lp_autosw_init
                0x0042e9b8       0x10 ../../../../../../mcu/apollo510/hal/mcu/gcc/bin/libam_hal.a(am_hal_spotmgr.o)
                0x0042e9b8                am_hal_spotmgr_simobuck_lp_autosw_init
 .text.am_hal_spotmgr_simobuck_lp_autosw_enable
                0x0042e9c8       0x10 ../../../../../../mcu/apollo510/hal/mcu/gcc/bin/libam_hal.a(am_hal_spotmgr.o)
                0x0042e9c8                am_hal_spotmgr_simobuck_lp_autosw_enable
 .text.am_hal_spotmgr_simobuck_lp_autosw_disable
                0x0042e9d8       0x10 ../../../../../../mcu/apollo510/hal/mcu/gcc/bin/libam_hal.a(am_hal_spotmgr.o)
                0x0042e9d8                am_hal_spotmgr_simobuck_lp_autosw_disable
 .text.am_hal_spotmgr_init
                0x0042e9e8      0x3ec ../../../../../../mcu/apollo510/hal/mcu/gcc/bin/libam_hal.a(am_hal_spotmgr.o)
                0x0042e9e8                am_hal_spotmgr_init
 .text.am_hal_spotmgr_pcm0_7_power_state_update
                0x0042edd4      0x214 ../../../../../../mcu/apollo510/hal/mcu/gcc/bin/libam_hal.a(am_hal_spotmgr_pcm0_7.o)
                0x0042edd4                am_hal_spotmgr_pcm0_7_power_state_update
 .text.am_hal_spotmgr_pcm0_7_simobuck_init_bfr_enable
                0x0042efe8       0x30 ../../../../../../mcu/apollo510/hal/mcu/gcc/bin/libam_hal.a(am_hal_spotmgr_pcm0_7.o)
                0x0042efe8                am_hal_spotmgr_pcm0_7_simobuck_init_bfr_enable
 .text.am_hal_spotmgr_pcm0_7_simobuck_init_aft_enable
                0x0042f018       0x34 ../../../../../../mcu/apollo510/hal/mcu/gcc/bin/libam_hal.a(am_hal_spotmgr_pcm0_7.o)
                0x0042f018                am_hal_spotmgr_pcm0_7_simobuck_init_aft_enable
 .text.am_hal_spotmgr_pcm0_7_ton_config_init
                0x0042f04c       0xbc ../../../../../../mcu/apollo510/hal/mcu/gcc/bin/libam_hal.a(am_hal_spotmgr_pcm0_7.o)
                0x0042f04c                am_hal_spotmgr_pcm0_7_ton_config_init
 .text.am_hal_spotmgr_pcm0_7_ton_config_update
                0x0042f108      0x154 ../../../../../../mcu/apollo510/hal/mcu/gcc/bin/libam_hal.a(am_hal_spotmgr_pcm0_7.o)
                0x0042f108                am_hal_spotmgr_pcm0_7_ton_config_update
 .text.am_hal_spotmgr_pcm0_7_init
                0x0042f25c        0x4 ../../../../../../mcu/apollo510/hal/mcu/gcc/bin/libam_hal.a(am_hal_spotmgr_pcm0_7.o)
                0x0042f25c                am_hal_spotmgr_pcm0_7_init
 .text.am_hal_spotmgr_pcm2_0_tempco_update
                0x0042f260      0x240 ../../../../../../mcu/apollo510/hal/mcu/gcc/bin/libam_hal.a(am_hal_spotmgr_pcm2_0.o)
 .text.am_hal_spotmgr_pcm2_0_power_state_update
                0x0042f4a0      0x798 ../../../../../../mcu/apollo510/hal/mcu/gcc/bin/libam_hal.a(am_hal_spotmgr_pcm2_0.o)
                0x0042f4a0                am_hal_spotmgr_pcm2_0_power_state_update
 .text.am_hal_spotmgr_pcm2_0_tempco_postpone
                0x0042fc38       0x10 ../../../../../../mcu/apollo510/hal/mcu/gcc/bin/libam_hal.a(am_hal_spotmgr_pcm2_0.o)
                0x0042fc38                am_hal_spotmgr_pcm2_0_tempco_postpone
 .text.am_hal_spotmgr_pcm2_0_tempco_pending_handle
                0x0042fc48       0xb4 ../../../../../../mcu/apollo510/hal/mcu/gcc/bin/libam_hal.a(am_hal_spotmgr_pcm2_0.o)
                0x0042fc48                am_hal_spotmgr_pcm2_0_tempco_pending_handle
 .text.am_hal_spotmgr_pcm2_0_simobuck_init_bfr_enable
                0x0042fcfc       0x30 ../../../../../../mcu/apollo510/hal/mcu/gcc/bin/libam_hal.a(am_hal_spotmgr_pcm2_0.o)
                0x0042fcfc                am_hal_spotmgr_pcm2_0_simobuck_init_bfr_enable
 .text.am_hal_spotmgr_pcm2_0_simobuck_init_aft_enable
                0x0042fd2c       0x60 ../../../../../../mcu/apollo510/hal/mcu/gcc/bin/libam_hal.a(am_hal_spotmgr_pcm2_0.o)
                0x0042fd2c                am_hal_spotmgr_pcm2_0_simobuck_init_aft_enable
 .text.am_hal_spotmgr_pcm2_0_simobuck_lp_autosw_init
                0x0042fd8c       0x60 ../../../../../../mcu/apollo510/hal/mcu/gcc/bin/libam_hal.a(am_hal_spotmgr_pcm2_0.o)
                0x0042fd8c                am_hal_spotmgr_pcm2_0_simobuck_lp_autosw_init
 .text.am_hal_spotmgr_pcm2_0_simobuck_lp_autosw_enable
                0x0042fdec       0x24 ../../../../../../mcu/apollo510/hal/mcu/gcc/bin/libam_hal.a(am_hal_spotmgr_pcm2_0.o)
                0x0042fdec                am_hal_spotmgr_pcm2_0_simobuck_lp_autosw_enable
 .text.am_hal_spotmgr_pcm2_0_simobuck_lp_autosw_disable
                0x0042fe10       0x24 ../../../../../../mcu/apollo510/hal/mcu/gcc/bin/libam_hal.a(am_hal_spotmgr_pcm2_0.o)
                0x0042fe10                am_hal_spotmgr_pcm2_0_simobuck_lp_autosw_disable
 .text.am_hal_spotmgr_pcm2_0_init
                0x0042fe34       0xcc ../../../../../../mcu/apollo510/hal/mcu/gcc/bin/libam_hal.a(am_hal_spotmgr_pcm2_0.o)
                0x0042fe34                am_hal_spotmgr_pcm2_0_init
 .text.am_hal_spotmgr_pcm2_0_default_reset
                0x0042ff00        0x4 ../../../../../../mcu/apollo510/hal/mcu/gcc/bin/libam_hal.a(am_hal_spotmgr_pcm2_0.o)
                0x0042ff00                am_hal_spotmgr_pcm2_0_default_reset
 .text.spotmgr_power_ton_adjust
                0x0042ff04      0x260 ../../../../../../mcu/apollo510/hal/mcu/gcc/bin/libam_hal.a(am_hal_spotmgr_pcm2_1.o)
 .text.am_hal_spotmgr_pcm2_1_boost_timer_interrupt_service
                0x00430164       0xd4 ../../../../../../mcu/apollo510/hal/mcu/gcc/bin/libam_hal.a(am_hal_spotmgr_pcm2_1.o)
                0x00430164                am_hal_spotmgr_pcm2_1_boost_timer_interrupt_service
 .text.am_hal_spotmgr_pcm2_1_post_lptohp_handle
                0x00430238        0x4 ../../../../../../mcu/apollo510/hal/mcu/gcc/bin/libam_hal.a(am_hal_spotmgr_pcm2_1.o)
                0x00430238                am_hal_spotmgr_pcm2_1_post_lptohp_handle
 .text.am_hal_spotmgr_pcm2_1_power_state_update
                0x0043023c     0x107c ../../../../../../mcu/apollo510/hal/mcu/gcc/bin/libam_hal.a(am_hal_spotmgr_pcm2_1.o)
                0x0043023c                am_hal_spotmgr_pcm2_1_power_state_update
 .text.am_hal_spotmgr_pcm2_1_simobuck_init_bfr_ovr
                0x004312b8       0x50 ../../../../../../mcu/apollo510/hal/mcu/gcc/bin/libam_hal.a(am_hal_spotmgr_pcm2_1.o)
                0x004312b8                am_hal_spotmgr_pcm2_1_simobuck_init_bfr_ovr
 .text.am_hal_spotmgr_pcm2_1_simobuck_init_bfr_enable
                0x00431308       0x48 ../../../../../../mcu/apollo510/hal/mcu/gcc/bin/libam_hal.a(am_hal_spotmgr_pcm2_1.o)
                0x00431308                am_hal_spotmgr_pcm2_1_simobuck_init_bfr_enable
 .text.am_hal_spotmgr_pcm2_1_simobuck_init_aft_enable
                0x00431350       0x74 ../../../../../../mcu/apollo510/hal/mcu/gcc/bin/libam_hal.a(am_hal_spotmgr_pcm2_1.o)
                0x00431350                am_hal_spotmgr_pcm2_1_simobuck_init_aft_enable
 .text.am_hal_spotmgr_pcm2_1_init
                0x004313c4      0x27c ../../../../../../mcu/apollo510/hal/mcu/gcc/bin/libam_hal.a(am_hal_spotmgr_pcm2_1.o)
                0x004313c4                am_hal_spotmgr_pcm2_1_init
 .text.am_hal_spotmgr_pcm2_1_default_reset
                0x00431640       0x48 ../../../../../../mcu/apollo510/hal/mcu/gcc/bin/libam_hal.a(am_hal_spotmgr_pcm2_1.o)
                0x00431640                am_hal_spotmgr_pcm2_1_default_reset
 .text.transition_sequence_24
                0x00431688        0x4 ../../../../../../mcu/apollo510/hal/mcu/gcc/bin/libam_hal.a(am_hal_spotmgr_pcm2_2.o)
 .text.transition_sequence_invalid
                0x0043168c        0x4 ../../../../../../mcu/apollo510/hal/mcu/gcc/bin/libam_hal.a(am_hal_spotmgr_pcm2_2.o)
 .text.spotmgr_power_ton_adjust
                0x00431690      0x134 ../../../../../../mcu/apollo510/hal/mcu/gcc/bin/libam_hal.a(am_hal_spotmgr_pcm2_2.o)
 .text.transition_sequence_temp
                0x004317c4        0x4 ../../../../../../mcu/apollo510/hal/mcu/gcc/bin/libam_hal.a(am_hal_spotmgr_pcm2_2.o)
 .text.spotmgr_temperature_transition_separate
                0x004317c8      0x20c ../../../../../../mcu/apollo510/hal/mcu/gcc/bin/libam_hal.a(am_hal_spotmgr_pcm2_2.o)
 .text.am_hal_spotmgr_pcm2_2_post_lptohp_handle
                0x004319d4       0x6c ../../../../../../mcu/apollo510/hal/mcu/gcc/bin/libam_hal.a(am_hal_spotmgr_pcm2_2.o)
                0x004319d4                am_hal_spotmgr_pcm2_2_post_lptohp_handle
 .text.am_hal_spotmgr_pcm2_2_boost_timer_interrupt_service
                0x00431a40      0x1d0 ../../../../../../mcu/apollo510/hal/mcu/gcc/bin/libam_hal.a(am_hal_spotmgr_pcm2_2.o)
                0x00431a40                am_hal_spotmgr_pcm2_2_boost_timer_interrupt_service
 .text.transition_sequence_22
                0x00431c10      0x14c ../../../../../../mcu/apollo510/hal/mcu/gcc/bin/libam_hal.a(am_hal_spotmgr_pcm2_2.o)
 .text.transition_sequence_21
                0x00431d5c      0x16c ../../../../../../mcu/apollo510/hal/mcu/gcc/bin/libam_hal.a(am_hal_spotmgr_pcm2_2.o)
 .text.transition_sequence_20
                0x00431ec8       0xc0 ../../../../../../mcu/apollo510/hal/mcu/gcc/bin/libam_hal.a(am_hal_spotmgr_pcm2_2.o)
 .text.transition_sequence_19
                0x00431f88      0x134 ../../../../../../mcu/apollo510/hal/mcu/gcc/bin/libam_hal.a(am_hal_spotmgr_pcm2_2.o)
 .text.transition_sequence_18
                0x004320bc      0x1cc ../../../../../../mcu/apollo510/hal/mcu/gcc/bin/libam_hal.a(am_hal_spotmgr_pcm2_2.o)
 .text.transition_sequence_17
                0x00432288      0x15c ../../../../../../mcu/apollo510/hal/mcu/gcc/bin/libam_hal.a(am_hal_spotmgr_pcm2_2.o)
 .text.transition_sequence_16
                0x004323e4       0xe8 ../../../../../../mcu/apollo510/hal/mcu/gcc/bin/libam_hal.a(am_hal_spotmgr_pcm2_2.o)
 .text.transition_sequence_15
                0x004324cc      0x114 ../../../../../../mcu/apollo510/hal/mcu/gcc/bin/libam_hal.a(am_hal_spotmgr_pcm2_2.o)
 .text.transition_sequence_13
                0x004325e0      0x224 ../../../../../../mcu/apollo510/hal/mcu/gcc/bin/libam_hal.a(am_hal_spotmgr_pcm2_2.o)
 .text.transition_sequence_12
                0x00432804      0x118 ../../../../../../mcu/apollo510/hal/mcu/gcc/bin/libam_hal.a(am_hal_spotmgr_pcm2_2.o)
 .text.transition_sequence_11
                0x0043291c      0x1b0 ../../../../../../mcu/apollo510/hal/mcu/gcc/bin/libam_hal.a(am_hal_spotmgr_pcm2_2.o)
 .text.transition_sequence_8
                0x00432acc       0xa4 ../../../../../../mcu/apollo510/hal/mcu/gcc/bin/libam_hal.a(am_hal_spotmgr_pcm2_2.o)
 .text.transition_sequence_7
                0x00432b70      0x130 ../../../../../../mcu/apollo510/hal/mcu/gcc/bin/libam_hal.a(am_hal_spotmgr_pcm2_2.o)
 .text.transition_sequence_6
                0x00432ca0       0xb4 ../../../../../../mcu/apollo510/hal/mcu/gcc/bin/libam_hal.a(am_hal_spotmgr_pcm2_2.o)
 .text.transition_sequence_5
                0x00432d54      0x1dc ../../../../../../mcu/apollo510/hal/mcu/gcc/bin/libam_hal.a(am_hal_spotmgr_pcm2_2.o)
 .text.transition_sequence_4
                0x00432f30       0xfc ../../../../../../mcu/apollo510/hal/mcu/gcc/bin/libam_hal.a(am_hal_spotmgr_pcm2_2.o)
 .text.transition_sequence_3
                0x0043302c      0x100 ../../../../../../mcu/apollo510/hal/mcu/gcc/bin/libam_hal.a(am_hal_spotmgr_pcm2_2.o)
 .text.transition_sequence_2
                0x0043312c      0x130 ../../../../../../mcu/apollo510/hal/mcu/gcc/bin/libam_hal.a(am_hal_spotmgr_pcm2_2.o)
 .text.transition_sequence_1
                0x0043325c      0x1f4 ../../../../../../mcu/apollo510/hal/mcu/gcc/bin/libam_hal.a(am_hal_spotmgr_pcm2_2.o)
 .text.transition_sequence_0
                0x00433450      0x1cc ../../../../../../mcu/apollo510/hal/mcu/gcc/bin/libam_hal.a(am_hal_spotmgr_pcm2_2.o)
 .text.transition_sequence_23
                0x0043361c       0xa4 ../../../../../../mcu/apollo510/hal/mcu/gcc/bin/libam_hal.a(am_hal_spotmgr_pcm2_2.o)
 .text.transition_sequence_10
                0x004336c0       0xa4 ../../../../../../mcu/apollo510/hal/mcu/gcc/bin/libam_hal.a(am_hal_spotmgr_pcm2_2.o)
 .text.transition_sequence_9
                0x00433764       0xb4 ../../../../../../mcu/apollo510/hal/mcu/gcc/bin/libam_hal.a(am_hal_spotmgr_pcm2_2.o)
 .text.transition_sequence_14
                0x00433818       0xb4 ../../../../../../mcu/apollo510/hal/mcu/gcc/bin/libam_hal.a(am_hal_spotmgr_pcm2_2.o)
 .text.am_hal_spotmgr_pcm2_2_power_state_update
                0x004338cc      0xbec ../../../../../../mcu/apollo510/hal/mcu/gcc/bin/libam_hal.a(am_hal_spotmgr_pcm2_2.o)
                0x004338cc                am_hal_spotmgr_pcm2_2_power_state_update
 .text.am_hal_spotmgr_pcm2_2_simobuck_init_bfr_ovr
                0x004344b8       0x50 ../../../../../../mcu/apollo510/hal/mcu/gcc/bin/libam_hal.a(am_hal_spotmgr_pcm2_2.o)
                0x004344b8                am_hal_spotmgr_pcm2_2_simobuck_init_bfr_ovr
 .text.am_hal_spotmgr_pcm2_2_simobuck_init_aft_enable
                0x00434508       0x9c ../../../../../../mcu/apollo510/hal/mcu/gcc/bin/libam_hal.a(am_hal_spotmgr_pcm2_2.o)
                0x00434508                am_hal_spotmgr_pcm2_2_simobuck_init_aft_enable
 .text.am_hal_spotmgr_pcm2_2_init
                0x004345a4      0x194 ../../../../../../mcu/apollo510/hal/mcu/gcc/bin/libam_hal.a(am_hal_spotmgr_pcm2_2.o)
                0x004345a4                am_hal_spotmgr_pcm2_2_init
 .text.am_hal_spotmgr_pcm2_2_default_reset
                0x00434738       0x54 ../../../../../../mcu/apollo510/hal/mcu/gcc/bin/libam_hal.a(am_hal_spotmgr_pcm2_2.o)
                0x00434738                am_hal_spotmgr_pcm2_2_default_reset
 .text.am_hal_stimer_is_running
                0x0043478c       0x28 ../../../../../../mcu/apollo510/hal/mcu/gcc/bin/libam_hal.a(am_hal_stimer.o)
                0x0043478c                am_hal_stimer_is_running
 .text.am_hal_PRE_SLEEP_PROCESSING
                0x004347b4        0x4 ../../../../../../mcu/apollo510/hal/mcu/gcc/bin/libam_hal.a(am_hal_sysctrl.o)
                0x004347b4                am_hal_PRE_SLEEP_PROCESSING
 .text.am_hal_sysctrl_sleep
                0x004347b8      0x5d0 ../../../../../../mcu/apollo510/hal/mcu/gcc/bin/libam_hal.a(am_hal_sysctrl.o)
                0x004347b8                am_hal_sysctrl_sleep
 .text.am_hal_sysctrl_clkmuxrst_pll_fref_update
                0x00434d88       0x28 ../../../../../../mcu/apollo510/hal/mcu/gcc/bin/libam_hal.a(am_hal_sysctrl.o)
                0x00434d88                am_hal_sysctrl_clkmuxrst_pll_fref_update
 .text.am_hal_sysctrl_clkmuxrst_low_power_init
                0x00434db0      0x39c ../../../../../../mcu/apollo510/hal/mcu/gcc/bin/libam_hal.a(am_hal_sysctrl.o)
                0x00434db0                am_hal_sysctrl_clkmuxrst_low_power_init
 .text.am_hal_syspll_config_generate
                0x0043514c      0x37c ../../../../../../mcu/apollo510/hal/mcu/gcc/bin/libam_hal.a(am_hal_syspll.o)
                0x0043514c                am_hal_syspll_config_generate
 .text.am_hal_syspll_config_generate_minFVCO
                0x004354c8      0x2a0 ../../../../../../mcu/apollo510/hal/mcu/gcc/bin/libam_hal.a(am_hal_syspll.o)
 .text.am_hal_syspll_config_generate_with_postdiv
                0x00435768      0x130 ../../../../../../mcu/apollo510/hal/mcu/gcc/bin/libam_hal.a(am_hal_syspll.o)
                0x00435768                am_hal_syspll_config_generate_with_postdiv
 .text.am_hal_syspll_initialize
                0x00435898       0x40 ../../../../../../mcu/apollo510/hal/mcu/gcc/bin/libam_hal.a(am_hal_syspll.o)
                0x00435898                am_hal_syspll_initialize
 .text.am_hal_syspll_deinitialize
                0x004358d8       0x6c ../../../../../../mcu/apollo510/hal/mcu/gcc/bin/libam_hal.a(am_hal_syspll.o)
                0x004358d8                am_hal_syspll_deinitialize
 .text.am_hal_syspll_enable
                0x00435944       0x58 ../../../../../../mcu/apollo510/hal/mcu/gcc/bin/libam_hal.a(am_hal_syspll.o)
                0x00435944                am_hal_syspll_enable
 .text.am_hal_syspll_disable
                0x0043599c       0x38 ../../../../../../mcu/apollo510/hal/mcu/gcc/bin/libam_hal.a(am_hal_syspll.o)
                0x0043599c                am_hal_syspll_disable
 .text.am_hal_syspll_configure
                0x004359d4      0x108 ../../../../../../mcu/apollo510/hal/mcu/gcc/bin/libam_hal.a(am_hal_syspll.o)
                0x004359d4                am_hal_syspll_configure
 .text.am_hal_syspll_lock_wait
                0x00435adc       0x70 ../../../../../../mcu/apollo510/hal/mcu/gcc/bin/libam_hal.a(am_hal_syspll.o)
                0x00435adc                am_hal_syspll_lock_wait
 .text.nonblocking_write_sm
                0x00435b4c      0x124 ../../../../../../mcu/apollo510/hal/mcu/gcc/bin/libam_hal.a(am_hal_uart.o)
 .text.nonblocking_read_sm
                0x00435c70      0x140 ../../../../../../mcu/apollo510/hal/mcu/gcc/bin/libam_hal.a(am_hal_uart.o)
 .text.am_hal_uart_initialize
                0x00435db0       0x78 ../../../../../../mcu/apollo510/hal/mcu/gcc/bin/libam_hal.a(am_hal_uart.o)
                0x00435db0                am_hal_uart_initialize
 .text.am_hal_uart_power_control
                0x00435e28      0x168 ../../../../../../mcu/apollo510/hal/mcu/gcc/bin/libam_hal.a(am_hal_uart.o)
                0x00435e28                am_hal_uart_power_control
 .text.am_hal_uart_rx_abort
                0x00435f90       0xc0 ../../../../../../mcu/apollo510/hal/mcu/gcc/bin/libam_hal.a(am_hal_uart.o)
                0x00435f90                am_hal_uart_rx_abort
 .text.am_hal_uart_configure
                0x00436050      0x1f4 ../../../../../../mcu/apollo510/hal/mcu/gcc/bin/libam_hal.a(am_hal_uart.o)
                0x00436050                am_hal_uart_configure
 .text.am_hal_uart_transfer
                0x00436244      0x21c ../../../../../../mcu/apollo510/hal/mcu/gcc/bin/libam_hal.a(am_hal_uart.o)
                0x00436244                am_hal_uart_transfer
 .text.am_hal_uart_interrupt_clear
                0x00436460       0x28 ../../../../../../mcu/apollo510/hal/mcu/gcc/bin/libam_hal.a(am_hal_uart.o)
                0x00436460                am_hal_uart_interrupt_clear
 .text.am_hal_uart_interrupt_status_get
                0x00436488       0x38 ../../../../../../mcu/apollo510/hal/mcu/gcc/bin/libam_hal.a(am_hal_uart.o)
                0x00436488                am_hal_uart_interrupt_status_get
 .text.am_hal_uart_interrupt_service
                0x004364c0      0x134 ../../../../../../mcu/apollo510/hal/mcu/gcc/bin/libam_hal.a(am_hal_uart.o)
                0x004364c0                am_hal_uart_interrupt_service
 .text.am_hal_delay_us
                0x004365f4       0x64 ../../../../../../mcu/apollo510/hal/mcu/gcc/bin/libam_hal.a(am_hal_utils.o)
                0x004365f4                am_hal_delay_us
 .text.am_hal_delay_us_status_change
                0x00436658       0x50 ../../../../../../mcu/apollo510/hal/mcu/gcc/bin/libam_hal.a(am_hal_utils.o)
                0x00436658                am_hal_delay_us_status_change
 .text.am_hal_delay_us_status_check
                0x004366a8       0x70 ../../../../../../mcu/apollo510/hal/mcu/gcc/bin/libam_hal.a(am_hal_utils.o)
                0x004366a8                am_hal_delay_us_status_check
 .text.am_hal_read_words
                0x00436718        0x4 ../../../../../../mcu/apollo510/hal/mcu/gcc/bin/libam_hal.a(am_hal_utils.o)
                0x00436718                am_hal_read_words
 .text.am_hal_cmdq_init
                0x0043671c       0xe4 ../../../../../../mcu/apollo510/hal/mcu/gcc/bin/libam_hal.a(am_hal_cmdq.o)
                0x0043671c                am_hal_cmdq_init
 .text.am_hal_cmdq_enable
                0x00436800       0x48 ../../../../../../mcu/apollo510/hal/mcu/gcc/bin/libam_hal.a(am_hal_cmdq.o)
                0x00436800                am_hal_cmdq_enable
 .text.am_hal_cmdq_disable
                0x00436848       0x34 ../../../../../../mcu/apollo510/hal/mcu/gcc/bin/libam_hal.a(am_hal_cmdq.o)
                0x00436848                am_hal_cmdq_disable
 .text.am_hal_cmdq_term
                0x0043687c       0x88 ../../../../../../mcu/apollo510/hal/mcu/gcc/bin/libam_hal.a(am_hal_cmdq.o)
                0x0043687c                am_hal_cmdq_term
 .text.am_hal_debug_enable
                0x00436904       0xd8 ../../../../../../mcu/apollo510/hal/mcu/gcc/bin/libam_hal.a(am_hal_debug.o)
                0x00436904                am_hal_debug_enable
 .text.am_hal_debug_trace_disable
                0x004369dc       0x60 ../../../../../../mcu/apollo510/hal/mcu/gcc/bin/libam_hal.a(am_hal_debug.o)
                0x004369dc                am_hal_debug_trace_disable
 .text.am_hal_info1_read
                0x00436a3c       0xbc ../../../../../../mcu/apollo510/hal/mcu/gcc/bin/libam_hal.a(am_hal_info.o)
                0x00436a3c                am_hal_info1_read
 .text.am_hal_queue_item_add
                0x00436af8       0x7c ../../../../../../mcu/apollo510/hal/mcu/gcc/bin/libam_hal.a(am_hal_queue.o)
                0x00436af8                am_hal_queue_item_add
 .text.am_hal_queue_item_get
                0x00436b74       0x7c ../../../../../../mcu/apollo510/hal/mcu/gcc/bin/libam_hal.a(am_hal_queue.o)
                0x00436b74                am_hal_queue_item_get
 .text.am_bsp_uart_string_print
                0x00436bf0       0x48 ../../../../bsp/gcc/bin/libam_bsp.a(am_bsp.o)
                0x00436bf0                am_bsp_uart_string_print
 .text.am_bsp_low_power_init
                0x00436c38       0xec ../../../../bsp/gcc/bin/libam_bsp.a(am_bsp.o)
                0x00436c38                am_bsp_low_power_init
 .text.am_bsp_itm_printf_enable
                0x00436d24      0x184 ../../../../bsp/gcc/bin/libam_bsp.a(am_bsp.o)
                0x00436d24                am_bsp_itm_printf_enable
 .text.am_bsp_uart_printf_enable
                0x00436ea8       0x84 ../../../../bsp/gcc/bin/libam_bsp.a(am_bsp.o)
                0x00436ea8                am_bsp_uart_printf_enable
 .text.am_bsp_debug_printf_enable
                0x00436f2c       0x24 ../../../../bsp/gcc/bin/libam_bsp.a(am_bsp.o)
                0x00436f2c                am_bsp_debug_printf_enable
 .text.am_bsp_iom_pins_enable
                0x00436f50      0x334 ../../../../bsp/gcc/bin/libam_bsp.a(am_bsp.o)
                0x00436f50                am_bsp_iom_pins_enable
 .text.am_devices_em9305_tx_starts
                0x00437284      0x2a0 ../../../../bsp/gcc/bin/libam_bsp.a(am_devices_em9305.o)
                0x00437284                am_devices_em9305_tx_starts
 .text.am_devices_em9305_block_write.part.0
                0x00437524      0x1cc ../../../../bsp/gcc/bin/libam_bsp.a(am_devices_em9305.o)
 .text.am_devices_em9305_block_read
                0x004376f0      0x414 ../../../../bsp/gcc/bin/libam_bsp.a(am_devices_em9305.o)
                0x004376f0                am_devices_em9305_block_read
 .text.am_devices_em9305_reset
                0x00437b04       0xe0 ../../../../bsp/gcc/bin/libam_bsp.a(am_devices_em9305.o)
                0x00437b04                am_devices_em9305_reset
 .text.am_devices_em9305_command_write